Lint (ESLint)	Set up job	ï»¿2026-01-08T21:53:27.9633759Z Current runner version: '2.330.0'
Lint (ESLint)	Set up job	2026-01-08T21:53:27.9670312Z ##[group]Runner Image Provisioner
Lint (ESLint)	Set up job	2026-01-08T21:53:27.9671511Z Hosted Compute Agent
Lint (ESLint)	Set up job	2026-01-08T21:53:27.9672413Z Version: 20251211.462
Lint (ESLint)	Set up job	2026-01-08T21:53:27.9673517Z Commit: 6cbad8c2bb55d58165063d031ccabf57e2d2db61
Lint (ESLint)	Set up job	2026-01-08T21:53:27.9674840Z Build Date: 2025-12-11T16:28:49Z
Lint (ESLint)	Set up job	2026-01-08T21:53:27.9675971Z Worker ID: {fd529539-e7e8-4fe1-88b8-0c77adec7805}
Lint (ESLint)	Set up job	2026-01-08T21:53:27.9677019Z ##[endgroup]
Lint (ESLint)	Set up job	2026-01-08T21:53:27.9678027Z ##[group]Operating System
Lint (ESLint)	Set up job	2026-01-08T21:53:27.9678884Z Ubuntu
Lint (ESLint)	Set up job	2026-01-08T21:53:27.9679675Z 24.04.3
Lint (ESLint)	Set up job	2026-01-08T21:53:27.9680591Z LTS
Lint (ESLint)	Set up job	2026-01-08T21:53:27.9681377Z ##[endgroup]
Lint (ESLint)	Set up job	2026-01-08T21:53:27.9682166Z ##[group]Runner Image
Lint (ESLint)	Set up job	2026-01-08T21:53:27.9683219Z Image: ubuntu-24.04
Lint (ESLint)	Set up job	2026-01-08T21:53:27.9684278Z Version: 20260105.202.1
Lint (ESLint)	Set up job	2026-01-08T21:53:27.9685991Z Included Software: https://github.com/actions/runner-images/blob/ubuntu24/20260105.202/images/ubuntu/Ubuntu2404-Readme.md
Lint (ESLint)	Set up job	2026-01-08T21:53:27.9688722Z Image Release: https://github.com/actions/runner-images/releases/tag/ubuntu24%2F20260105.202
Lint (ESLint)	Set up job	2026-01-08T21:53:27.9690999Z ##[endgroup]
Lint (ESLint)	Set up job	2026-01-08T21:53:27.9692894Z ##[group]GITHUB_TOKEN Permissions
Lint (ESLint)	Set up job	2026-01-08T21:53:27.9695978Z Contents: read
Lint (ESLint)	Set up job	2026-01-08T21:53:27.9696813Z Metadata: read
Lint (ESLint)	Set up job	2026-01-08T21:53:27.9697630Z Packages: read
Lint (ESLint)	Set up job	2026-01-08T21:53:27.9698539Z ##[endgroup]
Lint (ESLint)	Set up job	2026-01-08T21:53:27.9701719Z Secret source: Actions
Lint (ESLint)	Set up job	2026-01-08T21:53:27.9703188Z Prepare workflow directory
Lint (ESLint)	Set up job	2026-01-08T21:53:28.0168209Z Prepare all required actions
Lint (ESLint)	Set up job	2026-01-08T21:53:28.0224907Z Getting action download info
Lint (ESLint)	Set up job	2026-01-08T21:53:28.3239650Z Download action repository 'actions/checkout@v4' (SHA:34e114876b0b11c390a56381ad16ebd13914f8d5)
Lint (ESLint)	Set up job	2026-01-08T21:53:28.4277710Z Download action repository 'actions/setup-node@v4' (SHA:49933ea5288caeca8642d1e84afbd3f7d6820020)
Lint (ESLint)	Set up job	2026-01-08T21:53:28.7104690Z Complete job name: Lint (ESLint)
Lint (ESLint)	Checkout repository	ï»¿2026-01-08T21:53:28.7779976Z ##[group]Run actions/checkout@v4
Lint (ESLint)	Checkout repository	2026-01-08T21:53:28.7780794Z with:
Lint (ESLint)	Checkout repository	2026-01-08T21:53:28.7781187Z   repository: jrdbacosta/MinersWar
Lint (ESLint)	Checkout repository	2026-01-08T21:53:28.7782000Z   token: ***
Lint (ESLint)	Checkout repository	2026-01-08T21:53:28.7782646Z   ssh-strict: true
Lint (ESLint)	Checkout repository	2026-01-08T21:53:28.7783027Z   ssh-user: git
Lint (ESLint)	Checkout repository	2026-01-08T21:53:28.7783560Z   persist-credentials: true
Lint (ESLint)	Checkout repository	2026-01-08T21:53:28.7784007Z   clean: true
Lint (ESLint)	Checkout repository	2026-01-08T21:53:28.7784406Z   sparse-checkout-cone-mode: true
Lint (ESLint)	Checkout repository	2026-01-08T21:53:28.7784875Z   fetch-depth: 1
Lint (ESLint)	Checkout repository	2026-01-08T21:53:28.7785251Z   fetch-tags: false
Lint (ESLint)	Checkout repository	2026-01-08T21:53:28.7785639Z   show-progress: true
Lint (ESLint)	Checkout repository	2026-01-08T21:53:28.7786033Z   lfs: false
Lint (ESLint)	Checkout repository	2026-01-08T21:53:28.7786390Z   submodules: false
Lint (ESLint)	Checkout repository	2026-01-08T21:53:28.7786815Z   set-safe-directory: true
Lint (ESLint)	Checkout repository	2026-01-08T21:53:28.7787502Z ##[endgroup]
Lint (ESLint)	Checkout repository	2026-01-08T21:53:28.8866499Z Syncing repository: jrdbacosta/MinersWar
Lint (ESLint)	Checkout repository	2026-01-08T21:53:28.8869110Z ##[group]Getting Git version info
Lint (ESLint)	Checkout repository	2026-01-08T21:53:28.8870339Z Working directory is '/home/runner/work/MinersWar/MinersWar'
Lint (ESLint)	Checkout repository	2026-01-08T21:53:28.8872041Z [command]/usr/bin/git version
Lint (ESLint)	Checkout repository	2026-01-08T21:53:28.8951570Z git version 2.52.0
Lint (ESLint)	Checkout repository	2026-01-08T21:53:28.8977916Z ##[endgroup]
Lint (ESLint)	Checkout repository	2026-01-08T21:53:28.8997535Z Temporarily overriding HOME='/home/runner/work/_temp/23147dd0-0c9d-4061-baa7-cfb63181b82d' before making global git config changes
Lint (ESLint)	Checkout repository	2026-01-08T21:53:28.8999039Z Adding repository directory to the temporary git global config as a safe directory
Lint (ESLint)	Checkout repository	2026-01-08T21:53:28.9002308Z [command]/usr/bin/git config --global --add safe.directory /home/runner/work/MinersWar/MinersWar
Lint (ESLint)	Checkout repository	2026-01-08T21:53:28.9039982Z Deleting the contents of '/home/runner/work/MinersWar/MinersWar'
Lint (ESLint)	Checkout repository	2026-01-08T21:53:28.9043116Z ##[group]Initializing the repository
Lint (ESLint)	Checkout repository	2026-01-08T21:53:28.9047106Z [command]/usr/bin/git init /home/runner/work/MinersWar/MinersWar
Lint (ESLint)	Checkout repository	2026-01-08T21:53:28.9157724Z hint: Using 'master' as the name for the initial branch. This default branch name
Lint (ESLint)	Checkout repository	2026-01-08T21:53:28.9158963Z hint: will change to "main" in Git 3.0. To configure the initial branch name
Lint (ESLint)	Checkout repository	2026-01-08T21:53:28.9160071Z hint: to use in all of your new repositories, which will suppress this warning,
Lint (ESLint)	Checkout repository	2026-01-08T21:53:28.9160988Z hint: call:
Lint (ESLint)	Checkout repository	2026-01-08T21:53:28.9161924Z hint:
Lint (ESLint)	Checkout repository	2026-01-08T21:53:28.9162531Z hint: 	git config --global init.defaultBranch <name>
Lint (ESLint)	Checkout repository	2026-01-08T21:53:28.9163218Z hint:
Lint (ESLint)	Checkout repository	2026-01-08T21:53:28.9164178Z hint: Names commonly chosen instead of 'master' are 'main', 'trunk' and
Lint (ESLint)	Checkout repository	2026-01-08T21:53:28.9165295Z hint: 'development'. The just-created branch can be renamed via this command:
Lint (ESLint)	Checkout repository	2026-01-08T21:53:28.9166141Z hint:
Lint (ESLint)	Checkout repository	2026-01-08T21:53:28.9166609Z hint: 	git branch -m <name>
Lint (ESLint)	Checkout repository	2026-01-08T21:53:28.9167154Z hint:
Lint (ESLint)	Checkout repository	2026-01-08T21:53:28.9168032Z hint: Disable this message with "git config set advice.defaultBranchName false"
Lint (ESLint)	Checkout repository	2026-01-08T21:53:28.9169242Z Initialized empty Git repository in /home/runner/work/MinersWar/MinersWar/.git/
Lint (ESLint)	Checkout repository	2026-01-08T21:53:28.9173895Z [command]/usr/bin/git remote add origin https://github.com/jrdbacosta/MinersWar
Lint (ESLint)	Checkout repository	2026-01-08T21:53:28.9206769Z ##[endgroup]
Lint (ESLint)	Checkout repository	2026-01-08T21:53:28.9207554Z ##[group]Disabling automatic garbage collection
Lint (ESLint)	Checkout repository	2026-01-08T21:53:28.9210289Z [command]/usr/bin/git config --local gc.auto 0
Lint (ESLint)	Checkout repository	2026-01-08T21:53:28.9241027Z ##[endgroup]
Lint (ESLint)	Checkout repository	2026-01-08T21:53:28.9242173Z ##[group]Setting up auth
Lint (ESLint)	Checkout repository	2026-01-08T21:53:28.9247873Z [command]/usr/bin/git config --local --name-only --get-regexp core\.sshCommand
Lint (ESLint)	Checkout repository	2026-01-08T21:53:28.9282639Z [command]/usr/bin/git submodule foreach --recursive sh -c "git config --local --name-only --get-regexp 'core\.sshCommand' && git config --local --unset-all 'core.sshCommand' || :"
Lint (ESLint)	Checkout repository	2026-01-08T21:53:28.9637362Z [command]/usr/bin/git config --local --name-only --get-regexp http\.https\:\/\/github\.com\/\.extraheader
Lint (ESLint)	Checkout repository	2026-01-08T21:53:28.9670640Z [command]/usr/bin/git submodule foreach --recursive sh -c "git config --local --name-only --get-regexp 'http\.https\:\/\/github\.com\/\.extraheader' && git config --local --unset-all 'http.https://github.com/.extraheader' || :"
Lint (ESLint)	Checkout repository	2026-01-08T21:53:28.9907722Z [command]/usr/bin/git config --local --name-only --get-regexp ^includeIf\.gitdir:
Lint (ESLint)	Checkout repository	2026-01-08T21:53:28.9941397Z [command]/usr/bin/git submodule foreach --recursive git config --local --show-origin --name-only --get-regexp remote.origin.url
Lint (ESLint)	Checkout repository	2026-01-08T21:53:29.0186029Z [command]/usr/bin/git config --local http.https://github.com/.extraheader AUTHORIZATION: basic ***
Lint (ESLint)	Checkout repository	2026-01-08T21:53:29.0220340Z ##[endgroup]
Lint (ESLint)	Checkout repository	2026-01-08T21:53:29.0228233Z ##[group]Fetching the repository
Lint (ESLint)	Checkout repository	2026-01-08T21:53:29.0229642Z [command]/usr/bin/git -c protocol.version=2 fetch --no-tags --prune --no-recurse-submodules --depth=1 origin +9f5bf821bc27115d1efdd4b9d079723e75be2a52:refs/remotes/origin/main
Lint (ESLint)	Checkout repository	2026-01-08T21:53:29.6233579Z From https://github.com/jrdbacosta/MinersWar
Lint (ESLint)	Checkout repository	2026-01-08T21:53:29.6235693Z  * [new ref]         9f5bf821bc27115d1efdd4b9d079723e75be2a52 -> origin/main
Lint (ESLint)	Checkout repository	2026-01-08T21:53:29.6266613Z ##[endgroup]
Lint (ESLint)	Checkout repository	2026-01-08T21:53:29.6267735Z ##[group]Determining the checkout info
Lint (ESLint)	Checkout repository	2026-01-08T21:53:29.6269306Z ##[endgroup]
Lint (ESLint)	Checkout repository	2026-01-08T21:53:29.6273692Z [command]/usr/bin/git sparse-checkout disable
Lint (ESLint)	Checkout repository	2026-01-08T21:53:29.6312555Z [command]/usr/bin/git config --local --unset-all extensions.worktreeConfig
Lint (ESLint)	Checkout repository	2026-01-08T21:53:29.6337770Z ##[group]Checking out the ref
Lint (ESLint)	Checkout repository	2026-01-08T21:53:29.6340306Z [command]/usr/bin/git checkout --progress --force -B main refs/remotes/origin/main
Lint (ESLint)	Checkout repository	2026-01-08T21:53:29.6465837Z Switched to a new branch 'main'
Lint (ESLint)	Checkout repository	2026-01-08T21:53:29.6469020Z branch 'main' set up to track 'origin/main'.
Lint (ESLint)	Checkout repository	2026-01-08T21:53:29.6478278Z ##[endgroup]
Lint (ESLint)	Checkout repository	2026-01-08T21:53:29.6510573Z [command]/usr/bin/git log -1 --format=%H
Lint (ESLint)	Checkout repository	2026-01-08T21:53:29.6532244Z 9f5bf821bc27115d1efdd4b9d079723e75be2a52
Lint (ESLint)	Setup Node.js	ï»¿2026-01-08T21:53:29.6855383Z ##[group]Run actions/setup-node@v4
Lint (ESLint)	Setup Node.js	2026-01-08T21:53:29.6856551Z with:
Lint (ESLint)	Setup Node.js	2026-01-08T21:53:29.6857345Z   node-version: 22
Lint (ESLint)	Setup Node.js	2026-01-08T21:53:29.6858238Z   always-auth: false
Lint (ESLint)	Setup Node.js	2026-01-08T21:53:29.6859151Z   check-latest: false
Lint (ESLint)	Setup Node.js	2026-01-08T21:53:29.6860342Z   token: ***
Lint (ESLint)	Setup Node.js	2026-01-08T21:53:29.6861174Z ##[endgroup]
Lint (ESLint)	Setup Node.js	2026-01-08T21:53:29.8985770Z Found in cache @ /opt/hostedtoolcache/node/22.21.1/x64
Lint (ESLint)	Setup Node.js	2026-01-08T21:53:29.8992133Z ##[group]Environment details
Lint (ESLint)	Setup Node.js	2026-01-08T21:53:33.1965044Z node: v22.21.1
Lint (ESLint)	Setup Node.js	2026-01-08T21:53:33.1965961Z npm: 10.9.4
Lint (ESLint)	Setup Node.js	2026-01-08T21:53:33.1966849Z yarn: 1.22.22
Lint (ESLint)	Setup Node.js	2026-01-08T21:53:33.1968129Z ##[endgroup]
Lint (ESLint)	Install dependencies (root)	ï»¿2026-01-08T21:53:33.2081904Z ##[group]Run npm ci
Lint (ESLint)	Install dependencies (root)	2026-01-08T21:53:33.2082210Z [36;1mnpm ci[0m
Lint (ESLint)	Install dependencies (root)	2026-01-08T21:53:33.2125793Z shell: /usr/bin/bash -e {0}
Lint (ESLint)	Install dependencies (root)	2026-01-08T21:53:33.2126098Z env:
Lint (ESLint)	Install dependencies (root)	2026-01-08T21:53:33.2126261Z   CI: true
Lint (ESLint)	Install dependencies (root)	2026-01-08T21:53:33.2126436Z ##[endgroup]
Lint (ESLint)	Install dependencies (root)	2026-01-08T21:53:36.5224550Z npm warn deprecated rimraf@3.0.2: Rimraf versions prior to v4 are no longer supported
Lint (ESLint)	Install dependencies (root)	2026-01-08T21:53:37.0346652Z npm warn deprecated inflight@1.0.6: This module is not supported, and leaks memory. Do not use it. Check out lru-cache if you want a good and tested way to coalesce async requests by a key value, which is much more comprehensive and powerful.
Lint (ESLint)	Install dependencies (root)	2026-01-08T21:53:38.1904617Z npm warn deprecated @humanwhocodes/config-array@0.13.0: Use @eslint/config-array instead
Lint (ESLint)	Install dependencies (root)	2026-01-08T21:53:38.2086035Z npm warn deprecated @humanwhocodes/object-schema@2.0.3: Use @eslint/object-schema instead
Lint (ESLint)	Install dependencies (root)	2026-01-08T21:53:38.5224820Z npm warn deprecated glob@7.2.3: Glob versions prior to v9 are no longer supported
Lint (ESLint)	Install dependencies (root)	2026-01-08T21:53:38.5541009Z npm warn deprecated glob@7.1.7: Glob versions prior to v9 are no longer supported
Lint (ESLint)	Install dependencies (root)	2026-01-08T21:53:40.4061850Z npm warn deprecated eslint@8.57.1: This version is no longer supported. Please see https://eslint.org/version-support for other options.
Lint (ESLint)	Install dependencies (root)	2026-01-08T21:53:42.1961810Z 
Lint (ESLint)	Install dependencies (root)	2026-01-08T21:53:42.1962652Z added 489 packages, and audited 490 packages in 9s
Lint (ESLint)	Install dependencies (root)	2026-01-08T21:53:42.1963167Z 
Lint (ESLint)	Install dependencies (root)	2026-01-08T21:53:42.1963743Z 176 packages are looking for funding
Lint (ESLint)	Install dependencies (root)	2026-01-08T21:53:42.1964281Z   run `npm fund` for details
Lint (ESLint)	Install dependencies (root)	2026-01-08T21:53:42.1973211Z 
Lint (ESLint)	Install dependencies (root)	2026-01-08T21:53:42.1974602Z found 0 vulnerabilities
Lint (ESLint)	Run ESLint on repo	ï»¿2026-01-08T21:53:42.2624357Z ##[group]Run npx eslint --ext .js,.ts . || true
Lint (ESLint)	Run ESLint on repo	2026-01-08T21:53:42.2624773Z [36;1mnpx eslint --ext .js,.ts . || true[0m
Lint (ESLint)	Run ESLint on repo	2026-01-08T21:53:42.2659071Z shell: /usr/bin/bash -e {0}
Lint (ESLint)	Run ESLint on repo	2026-01-08T21:53:42.2659318Z ##[endgroup]
Lint (ESLint)	Run ESLint on repo	2026-01-08T21:53:42.7164756Z Invalid option '--ext' - perhaps you meant '-c'?
Lint (ESLint)	Run ESLint on repo	2026-01-08T21:53:42.7166594Z You're using eslint.config.js, some command line flags are no longer available. Please see https://eslint.org/docs/latest/use/command-line-interface for details.
Lint (ESLint)	Post Setup Node.js	ï»¿2026-01-08T21:53:42.7473917Z Post job cleanup.
Lint (ESLint)	Post Checkout repository	ï»¿2026-01-08T21:53:42.9184930Z Post job cleanup.
Lint (ESLint)	Post Checkout repository	2026-01-08T21:53:43.0135103Z [command]/usr/bin/git version
Lint (ESLint)	Post Checkout repository	2026-01-08T21:53:43.0171896Z git version 2.52.0
Lint (ESLint)	Post Checkout repository	2026-01-08T21:53:43.0218601Z Temporarily overriding HOME='/home/runner/work/_temp/84081076-3369-4eb7-b7ec-d7c63ef5bbe6' before making global git config changes
Lint (ESLint)	Post Checkout repository	2026-01-08T21:53:43.0220270Z Adding repository directory to the temporary git global config as a safe directory
Lint (ESLint)	Post Checkout repository	2026-01-08T21:53:43.0225489Z [command]/usr/bin/git config --global --add safe.directory /home/runner/work/MinersWar/MinersWar
Lint (ESLint)	Post Checkout repository	2026-01-08T21:53:43.0262570Z [command]/usr/bin/git config --local --name-only --get-regexp core\.sshCommand
Lint (ESLint)	Post Checkout repository	2026-01-08T21:53:43.0295484Z [command]/usr/bin/git submodule foreach --recursive sh -c "git config --local --name-only --get-regexp 'core\.sshCommand' && git config --local --unset-all 'core.sshCommand' || :"
Lint (ESLint)	Post Checkout repository	2026-01-08T21:53:43.0525802Z [command]/usr/bin/git config --local --name-only --get-regexp http\.https\:\/\/github\.com\/\.extraheader
Lint (ESLint)	Post Checkout repository	2026-01-08T21:53:43.0548594Z http.https://github.com/.extraheader
Lint (ESLint)	Post Checkout repository	2026-01-08T21:53:43.0561725Z [command]/usr/bin/git config --local --unset-all http.https://github.com/.extraheader
Lint (ESLint)	Post Checkout repository	2026-01-08T21:53:43.0594292Z [command]/usr/bin/git submodule foreach --recursive sh -c "git config --local --name-only --get-regexp 'http\.https\:\/\/github\.com\/\.extraheader' && git config --local --unset-all 'http.https://github.com/.extraheader' || :"
Lint (ESLint)	Post Checkout repository	2026-01-08T21:53:43.0821337Z [command]/usr/bin/git config --local --name-only --get-regexp ^includeIf\.gitdir:
Lint (ESLint)	Post Checkout repository	2026-01-08T21:53:43.0855300Z [command]/usr/bin/git submodule foreach --recursive git config --local --show-origin --name-only --get-regexp remote.origin.url
Lint (ESLint)	Complete job	ï»¿2026-01-08T21:53:43.1199018Z Cleaning up orphan processes
Hardhat tests (Node 22)	Set up job	ï»¿2026-01-08T21:53:28.2022004Z Current runner version: '2.330.0'
Hardhat tests (Node 22)	Set up job	2026-01-08T21:53:28.2043811Z ##[group]Runner Image Provisioner
Hardhat tests (Node 22)	Set up job	2026-01-08T21:53:28.2044619Z Hosted Compute Agent
Hardhat tests (Node 22)	Set up job	2026-01-08T21:53:28.2045230Z Version: 20251211.462
Hardhat tests (Node 22)	Set up job	2026-01-08T21:53:28.2045842Z Commit: 6cbad8c2bb55d58165063d031ccabf57e2d2db61
Hardhat tests (Node 22)	Set up job	2026-01-08T21:53:28.2046440Z Build Date: 2025-12-11T16:28:49Z
Hardhat tests (Node 22)	Set up job	2026-01-08T21:53:28.2047272Z Worker ID: {f2605fb2-9541-4cb3-accb-da69262fd008}
Hardhat tests (Node 22)	Set up job	2026-01-08T21:53:28.2047923Z ##[endgroup]
Hardhat tests (Node 22)	Set up job	2026-01-08T21:53:28.2048415Z ##[group]Operating System
Hardhat tests (Node 22)	Set up job	2026-01-08T21:53:28.2048947Z Ubuntu
Hardhat tests (Node 22)	Set up job	2026-01-08T21:53:28.2049349Z 24.04.3
Hardhat tests (Node 22)	Set up job	2026-01-08T21:53:28.2049802Z LTS
Hardhat tests (Node 22)	Set up job	2026-01-08T21:53:28.2050183Z ##[endgroup]
Hardhat tests (Node 22)	Set up job	2026-01-08T21:53:28.2050649Z ##[group]Runner Image
Hardhat tests (Node 22)	Set up job	2026-01-08T21:53:28.2051114Z Image: ubuntu-24.04
Hardhat tests (Node 22)	Set up job	2026-01-08T21:53:28.2051576Z Version: 20260105.202.1
Hardhat tests (Node 22)	Set up job	2026-01-08T21:53:28.2052413Z Included Software: https://github.com/actions/runner-images/blob/ubuntu24/20260105.202/images/ubuntu/Ubuntu2404-Readme.md
Hardhat tests (Node 22)	Set up job	2026-01-08T21:53:28.2053644Z Image Release: https://github.com/actions/runner-images/releases/tag/ubuntu24%2F20260105.202
Hardhat tests (Node 22)	Set up job	2026-01-08T21:53:28.2054676Z ##[endgroup]
Hardhat tests (Node 22)	Set up job	2026-01-08T21:53:28.2055834Z ##[group]GITHUB_TOKEN Permissions
Hardhat tests (Node 22)	Set up job	2026-01-08T21:53:28.2057574Z Contents: read
Hardhat tests (Node 22)	Set up job	2026-01-08T21:53:28.2058107Z Metadata: read
Hardhat tests (Node 22)	Set up job	2026-01-08T21:53:28.2058556Z Packages: read
Hardhat tests (Node 22)	Set up job	2026-01-08T21:53:28.2059012Z ##[endgroup]
Hardhat tests (Node 22)	Set up job	2026-01-08T21:53:28.2060835Z Secret source: Actions
Hardhat tests (Node 22)	Set up job	2026-01-08T21:53:28.2061439Z Prepare workflow directory
Hardhat tests (Node 22)	Set up job	2026-01-08T21:53:28.2405380Z Prepare all required actions
Hardhat tests (Node 22)	Set up job	2026-01-08T21:53:28.2441333Z Getting action download info
Hardhat tests (Node 22)	Set up job	2026-01-08T21:53:28.6266870Z Download action repository 'actions/checkout@v4' (SHA:34e114876b0b11c390a56381ad16ebd13914f8d5)
Hardhat tests (Node 22)	Set up job	2026-01-08T21:53:28.7290046Z Download action repository 'actions/cache@v4' (SHA:0057852bfaa89a56745cba8c7296529d2fc39830)
Hardhat tests (Node 22)	Set up job	2026-01-08T21:53:28.8547244Z Download action repository 'actions/setup-node@v4' (SHA:49933ea5288caeca8642d1e84afbd3f7d6820020)
Hardhat tests (Node 22)	Set up job	2026-01-08T21:53:29.0199525Z Complete job name: Hardhat tests (Node 22)
Hardhat tests (Node 22)	Checkout repository	ï»¿2026-01-08T21:53:29.0779445Z ##[group]Run actions/checkout@v4
Hardhat tests (Node 22)	Checkout repository	2026-01-08T21:53:29.0780289Z with:
Hardhat tests (Node 22)	Checkout repository	2026-01-08T21:53:29.0780702Z   repository: jrdbacosta/MinersWar
Hardhat tests (Node 22)	Checkout repository	2026-01-08T21:53:29.0781427Z   token: ***
Hardhat tests (Node 22)	Checkout repository	2026-01-08T21:53:29.0781818Z   ssh-strict: true
Hardhat tests (Node 22)	Checkout repository	2026-01-08T21:53:29.0782270Z   ssh-user: git
Hardhat tests (Node 22)	Checkout repository	2026-01-08T21:53:29.0782688Z   persist-credentials: true
Hardhat tests (Node 22)	Checkout repository	2026-01-08T21:53:29.0783180Z   clean: true
Hardhat tests (Node 22)	Checkout repository	2026-01-08T21:53:29.0783607Z   sparse-checkout-cone-mode: true
Hardhat tests (Node 22)	Checkout repository	2026-01-08T21:53:29.0784090Z   fetch-depth: 1
Hardhat tests (Node 22)	Checkout repository	2026-01-08T21:53:29.0784525Z   fetch-tags: false
Hardhat tests (Node 22)	Checkout repository	2026-01-08T21:53:29.0785121Z   show-progress: true
Hardhat tests (Node 22)	Checkout repository	2026-01-08T21:53:29.0785695Z   lfs: false
Hardhat tests (Node 22)	Checkout repository	2026-01-08T21:53:29.0786086Z   submodules: false
Hardhat tests (Node 22)	Checkout repository	2026-01-08T21:53:29.0786537Z   set-safe-directory: true
Hardhat tests (Node 22)	Checkout repository	2026-01-08T21:53:29.0787249Z ##[endgroup]
Hardhat tests (Node 22)	Checkout repository	2026-01-08T21:53:29.1771591Z Syncing repository: jrdbacosta/MinersWar
Hardhat tests (Node 22)	Checkout repository	2026-01-08T21:53:29.1773375Z ##[group]Getting Git version info
Hardhat tests (Node 22)	Checkout repository	2026-01-08T21:53:29.1774416Z Working directory is '/home/runner/work/MinersWar/MinersWar'
Hardhat tests (Node 22)	Checkout repository	2026-01-08T21:53:29.1776147Z [command]/usr/bin/git version
Hardhat tests (Node 22)	Checkout repository	2026-01-08T21:53:29.1834408Z git version 2.52.0
Hardhat tests (Node 22)	Checkout repository	2026-01-08T21:53:29.1971826Z ##[endgroup]
Hardhat tests (Node 22)	Checkout repository	2026-01-08T21:53:29.1977042Z Temporarily overriding HOME='/home/runner/work/_temp/bc369bf9-7ab3-4cf6-a617-32a545e11cab' before making global git config changes
Hardhat tests (Node 22)	Checkout repository	2026-01-08T21:53:29.1978189Z Adding repository directory to the temporary git global config as a safe directory
Hardhat tests (Node 22)	Checkout repository	2026-01-08T21:53:29.1979155Z [command]/usr/bin/git config --global --add safe.directory /home/runner/work/MinersWar/MinersWar
Hardhat tests (Node 22)	Checkout repository	2026-01-08T21:53:29.1980510Z Deleting the contents of '/home/runner/work/MinersWar/MinersWar'
Hardhat tests (Node 22)	Checkout repository	2026-01-08T21:53:29.1981388Z ##[group]Initializing the repository
Hardhat tests (Node 22)	Checkout repository	2026-01-08T21:53:29.1981957Z [command]/usr/bin/git init /home/runner/work/MinersWar/MinersWar
Hardhat tests (Node 22)	Checkout repository	2026-01-08T21:53:29.2023904Z hint: Using 'master' as the name for the initial branch. This default branch name
Hardhat tests (Node 22)	Checkout repository	2026-01-08T21:53:29.2025774Z hint: will change to "main" in Git 3.0. To configure the initial branch name
Hardhat tests (Node 22)	Checkout repository	2026-01-08T21:53:29.2027774Z hint: to use in all of your new repositories, which will suppress this warning,
Hardhat tests (Node 22)	Checkout repository	2026-01-08T21:53:29.2029170Z hint: call:
Hardhat tests (Node 22)	Checkout repository	2026-01-08T21:53:29.2030056Z hint:
Hardhat tests (Node 22)	Checkout repository	2026-01-08T21:53:29.2030866Z hint: 	git config --global init.defaultBranch <name>
Hardhat tests (Node 22)	Checkout repository	2026-01-08T21:53:29.2031737Z hint:
Hardhat tests (Node 22)	Checkout repository	2026-01-08T21:53:29.2032550Z hint: Names commonly chosen instead of 'master' are 'main', 'trunk' and
Hardhat tests (Node 22)	Checkout repository	2026-01-08T21:53:29.2033870Z hint: 'development'. The just-created branch can be renamed via this command:
Hardhat tests (Node 22)	Checkout repository	2026-01-08T21:53:29.2035129Z hint:
Hardhat tests (Node 22)	Checkout repository	2026-01-08T21:53:29.2035735Z hint: 	git branch -m <name>
Hardhat tests (Node 22)	Checkout repository	2026-01-08T21:53:29.2036411Z hint:
Hardhat tests (Node 22)	Checkout repository	2026-01-08T21:53:29.2037268Z hint: Disable this message with "git config set advice.defaultBranchName false"
Hardhat tests (Node 22)	Checkout repository	2026-01-08T21:53:29.2038760Z Initialized empty Git repository in /home/runner/work/MinersWar/MinersWar/.git/
Hardhat tests (Node 22)	Checkout repository	2026-01-08T21:53:29.2041144Z [command]/usr/bin/git remote add origin https://github.com/jrdbacosta/MinersWar
Hardhat tests (Node 22)	Checkout repository	2026-01-08T21:53:29.2070547Z ##[endgroup]
Hardhat tests (Node 22)	Checkout repository	2026-01-08T21:53:29.2071935Z ##[group]Disabling automatic garbage collection
Hardhat tests (Node 22)	Checkout repository	2026-01-08T21:53:29.2076234Z [command]/usr/bin/git config --local gc.auto 0
Hardhat tests (Node 22)	Checkout repository	2026-01-08T21:53:29.2103380Z ##[endgroup]
Hardhat tests (Node 22)	Checkout repository	2026-01-08T21:53:29.2104395Z ##[group]Setting up auth
Hardhat tests (Node 22)	Checkout repository	2026-01-08T21:53:29.2110380Z [command]/usr/bin/git config --local --name-only --get-regexp core\.sshCommand
Hardhat tests (Node 22)	Checkout repository	2026-01-08T21:53:29.2134905Z [command]/usr/bin/git submodule foreach --recursive sh -c "git config --local --name-only --get-regexp 'core\.sshCommand' && git config --local --unset-all 'core.sshCommand' || :"
Hardhat tests (Node 22)	Checkout repository	2026-01-08T21:53:29.2421017Z [command]/usr/bin/git config --local --name-only --get-regexp http\.https\:\/\/github\.com\/\.extraheader
Hardhat tests (Node 22)	Checkout repository	2026-01-08T21:53:29.2446043Z [command]/usr/bin/git submodule foreach --recursive sh -c "git config --local --name-only --get-regexp 'http\.https\:\/\/github\.com\/\.extraheader' && git config --local --unset-all 'http.https://github.com/.extraheader' || :"
Hardhat tests (Node 22)	Checkout repository	2026-01-08T21:53:29.2633275Z [command]/usr/bin/git config --local --name-only --get-regexp ^includeIf\.gitdir:
Hardhat tests (Node 22)	Checkout repository	2026-01-08T21:53:29.2661894Z [command]/usr/bin/git submodule foreach --recursive git config --local --show-origin --name-only --get-regexp remote.origin.url
Hardhat tests (Node 22)	Checkout repository	2026-01-08T21:53:29.2856884Z [command]/usr/bin/git config --local http.https://github.com/.extraheader AUTHORIZATION: basic ***
Hardhat tests (Node 22)	Checkout repository	2026-01-08T21:53:29.2896243Z ##[endgroup]
Hardhat tests (Node 22)	Checkout repository	2026-01-08T21:53:29.2898261Z ##[group]Fetching the repository
Hardhat tests (Node 22)	Checkout repository	2026-01-08T21:53:29.2906546Z [command]/usr/bin/git -c protocol.version=2 fetch --no-tags --prune --no-recurse-submodules --depth=1 origin +9f5bf821bc27115d1efdd4b9d079723e75be2a52:refs/remotes/origin/main
Hardhat tests (Node 22)	Checkout repository	2026-01-08T21:53:29.7968517Z From https://github.com/jrdbacosta/MinersWar
Hardhat tests (Node 22)	Checkout repository	2026-01-08T21:53:29.7969844Z  * [new ref]         9f5bf821bc27115d1efdd4b9d079723e75be2a52 -> origin/main
Hardhat tests (Node 22)	Checkout repository	2026-01-08T21:53:29.7996570Z ##[endgroup]
Hardhat tests (Node 22)	Checkout repository	2026-01-08T21:53:29.7997795Z ##[group]Determining the checkout info
Hardhat tests (Node 22)	Checkout repository	2026-01-08T21:53:29.7999140Z ##[endgroup]
Hardhat tests (Node 22)	Checkout repository	2026-01-08T21:53:29.8003480Z [command]/usr/bin/git sparse-checkout disable
Hardhat tests (Node 22)	Checkout repository	2026-01-08T21:53:29.8038625Z [command]/usr/bin/git config --local --unset-all extensions.worktreeConfig
Hardhat tests (Node 22)	Checkout repository	2026-01-08T21:53:29.8060762Z ##[group]Checking out the ref
Hardhat tests (Node 22)	Checkout repository	2026-01-08T21:53:29.8064128Z [command]/usr/bin/git checkout --progress --force -B main refs/remotes/origin/main
Hardhat tests (Node 22)	Checkout repository	2026-01-08T21:53:29.8170268Z Switched to a new branch 'main'
Hardhat tests (Node 22)	Checkout repository	2026-01-08T21:53:29.8171792Z branch 'main' set up to track 'origin/main'.
Hardhat tests (Node 22)	Checkout repository	2026-01-08T21:53:29.8176872Z ##[endgroup]
Hardhat tests (Node 22)	Checkout repository	2026-01-08T21:53:29.8203760Z [command]/usr/bin/git log -1 --format=%H
Hardhat tests (Node 22)	Checkout repository	2026-01-08T21:53:29.8219938Z 9f5bf821bc27115d1efdd4b9d079723e75be2a52
Hardhat tests (Node 22)	Cache node modules	ï»¿2026-01-08T21:53:29.9081370Z ##[group]Run actions/cache@v4
Hardhat tests (Node 22)	Cache node modules	2026-01-08T21:53:29.9082356Z with:
Hardhat tests (Node 22)	Cache node modules	2026-01-08T21:53:29.9083080Z   path: ~/.npm
Hardhat tests (Node 22)	Cache node modules	node_modules
Hardhat tests (Node 22)	Cache node modules	
Hardhat tests (Node 22)	Cache node modules	2026-01-08T21:53:29.9084620Z   key: Linux-node-22-ca24e9d548b2c23e6e290300ca12d49d7282ce596c2e5899ac7e3aa2f5589f64
Hardhat tests (Node 22)	Cache node modules	2026-01-08T21:53:29.9086533Z   restore-keys: Linux-node-22-
Hardhat tests (Node 22)	Cache node modules	
Hardhat tests (Node 22)	Cache node modules	2026-01-08T21:53:29.9087527Z   enableCrossOsArchive: false
Hardhat tests (Node 22)	Cache node modules	2026-01-08T21:53:29.9088469Z   fail-on-cache-miss: false
Hardhat tests (Node 22)	Cache node modules	2026-01-08T21:53:29.9089520Z   lookup-only: false
Hardhat tests (Node 22)	Cache node modules	2026-01-08T21:53:29.9090311Z   save-always: false
Hardhat tests (Node 22)	Cache node modules	2026-01-08T21:53:29.9091080Z ##[endgroup]
Hardhat tests (Node 22)	Cache node modules	2026-01-08T21:53:30.2816505Z Cache not found for input keys: Linux-node-22-ca24e9d548b2c23e6e290300ca12d49d7282ce596c2e5899ac7e3aa2f5589f64, Linux-node-22-
Hardhat tests (Node 22)	Setup Node.js	ï»¿2026-01-08T21:53:30.2956732Z ##[group]Run actions/setup-node@v4
Hardhat tests (Node 22)	Setup Node.js	2026-01-08T21:53:30.2957318Z with:
Hardhat tests (Node 22)	Setup Node.js	2026-01-08T21:53:30.2957759Z   node-version: 22
Hardhat tests (Node 22)	Setup Node.js	2026-01-08T21:53:30.2958223Z   cache: npm
Hardhat tests (Node 22)	Setup Node.js	2026-01-08T21:53:30.2958699Z   always-auth: false
Hardhat tests (Node 22)	Setup Node.js	2026-01-08T21:53:30.2959195Z   check-latest: false
Hardhat tests (Node 22)	Setup Node.js	2026-01-08T21:53:30.2959857Z   token: ***
Hardhat tests (Node 22)	Setup Node.js	2026-01-08T21:53:30.2960308Z ##[endgroup]
Hardhat tests (Node 22)	Setup Node.js	2026-01-08T21:53:30.4643968Z Found in cache @ /opt/hostedtoolcache/node/22.21.1/x64
Hardhat tests (Node 22)	Setup Node.js	2026-01-08T21:53:30.4650297Z ##[group]Environment details
Hardhat tests (Node 22)	Setup Node.js	2026-01-08T21:53:33.2802899Z node: v22.21.1
Hardhat tests (Node 22)	Setup Node.js	2026-01-08T21:53:33.2803319Z npm: 10.9.4
Hardhat tests (Node 22)	Setup Node.js	2026-01-08T21:53:33.2803584Z yarn: 1.22.22
Hardhat tests (Node 22)	Setup Node.js	2026-01-08T21:53:33.2807245Z ##[endgroup]
Hardhat tests (Node 22)	Setup Node.js	2026-01-08T21:53:33.2827246Z [command]/opt/hostedtoolcache/node/22.21.1/x64/bin/npm config get cache
Hardhat tests (Node 22)	Setup Node.js	2026-01-08T21:53:33.5320269Z /home/runner/.npm
Hardhat tests (Node 22)	Setup Node.js	2026-01-08T21:53:33.7711086Z Cache hit for: node-cache-Linux-x64-npm-f572aa0531c7894b6454d0fadc11f9cb912cb429e8ba3e7b183be415d898ca72
Hardhat tests (Node 22)	Setup Node.js	2026-01-08T21:53:35.0008563Z Received 58720256 of 125731024 (46.7%), 56.0 MBs/sec
Hardhat tests (Node 22)	Setup Node.js	2026-01-08T21:53:35.4227615Z Received 125731024 of 125731024 (100.0%), 84.3 MBs/sec
Hardhat tests (Node 22)	Setup Node.js	2026-01-08T21:53:35.4228740Z Cache Size: ~120 MB (125731024 B)
Hardhat tests (Node 22)	Setup Node.js	2026-01-08T21:53:35.4362150Z [command]/usr/bin/tar -xf /home/runner/work/_temp/77173911-d253-47be-9b44-7d3784fa1ba5/cache.tzst -P -C /home/runner/work/MinersWar/MinersWar --use-compress-program unzstd
Hardhat tests (Node 22)	Setup Node.js	2026-01-08T21:53:35.5823445Z Cache restored successfully
Hardhat tests (Node 22)	Setup Node.js	2026-01-08T21:53:35.5966933Z Cache restored from key: node-cache-Linux-x64-npm-f572aa0531c7894b6454d0fadc11f9cb912cb429e8ba3e7b183be415d898ca72
Hardhat tests (Node 22)	Install dependencies	ï»¿2026-01-08T21:53:35.6088050Z ##[group]Run npm ci
Hardhat tests (Node 22)	Install dependencies	2026-01-08T21:53:35.6088376Z [36;1mnpm ci[0m
Hardhat tests (Node 22)	Install dependencies	2026-01-08T21:53:35.6119981Z shell: /usr/bin/bash -e {0}
Hardhat tests (Node 22)	Install dependencies	2026-01-08T21:53:35.6120286Z ##[endgroup]
Hardhat tests (Node 22)	Install dependencies	2026-01-08T21:53:39.1647788Z npm warn deprecated inflight@1.0.6: This module is not supported, and leaks memory. Do not use it. Check out lru-cache if you want a good and tested way to coalesce async requests by a key value, which is much more comprehensive and powerful.
Hardhat tests (Node 22)	Install dependencies	2026-01-08T21:53:39.2460926Z npm warn deprecated @humanwhocodes/config-array@0.13.0: Use @eslint/config-array instead
Hardhat tests (Node 22)	Install dependencies	2026-01-08T21:53:39.2576432Z npm warn deprecated rimraf@3.0.2: Rimraf versions prior to v4 are no longer supported
Hardhat tests (Node 22)	Install dependencies	2026-01-08T21:53:39.3381892Z npm warn deprecated @humanwhocodes/object-schema@2.0.3: Use @eslint/object-schema instead
Hardhat tests (Node 22)	Install dependencies	2026-01-08T21:53:39.3398373Z npm warn deprecated glob@7.2.3: Glob versions prior to v9 are no longer supported
Hardhat tests (Node 22)	Install dependencies	2026-01-08T21:53:39.3554289Z npm warn deprecated glob@7.1.7: Glob versions prior to v9 are no longer supported
Hardhat tests (Node 22)	Install dependencies	2026-01-08T21:53:40.6945775Z npm warn deprecated eslint@8.57.1: This version is no longer supported. Please see https://eslint.org/version-support for other options.
Hardhat tests (Node 22)	Install dependencies	2026-01-08T21:53:41.4030588Z 
Hardhat tests (Node 22)	Install dependencies	2026-01-08T21:53:41.4031358Z added 489 packages, and audited 490 packages in 6s
Hardhat tests (Node 22)	Install dependencies	2026-01-08T21:53:41.4032998Z 
Hardhat tests (Node 22)	Install dependencies	2026-01-08T21:53:41.4033578Z 176 packages are looking for funding
Hardhat tests (Node 22)	Install dependencies	2026-01-08T21:53:41.4034134Z   run `npm fund` for details
Hardhat tests (Node 22)	Install dependencies	2026-01-08T21:53:41.4042831Z 
Hardhat tests (Node 22)	Install dependencies	2026-01-08T21:53:41.4043841Z found 0 vulnerabilities
Hardhat tests (Node 22)	Compile contracts	ï»¿2026-01-08T21:53:41.4482571Z ##[group]Run npx hardhat compile
Hardhat tests (Node 22)	Compile contracts	2026-01-08T21:53:41.4482878Z [36;1mnpx hardhat compile[0m
Hardhat tests (Node 22)	Compile contracts	2026-01-08T21:53:41.4503318Z shell: /usr/bin/bash -e {0}
Hardhat tests (Node 22)	Compile contracts	2026-01-08T21:53:41.4503573Z ##[endgroup]
Hardhat tests (Node 22)	Compile contracts	2026-01-08T21:53:42.8667557Z Downloading solc 0.8.28
Hardhat tests (Node 22)	Compile contracts	2026-01-08T21:53:43.3255964Z Downloading solc 0.8.28 (WASM build)
Hardhat tests (Node 22)	Compile contracts	2026-01-08T21:53:44.3727507Z 
Hardhat tests (Node 22)	Compile contracts	2026-01-08T21:53:44.3731770Z Compiled 4 Solidity files with solc 0.8.28 (evm target: cancun)
Hardhat tests (Node 22)	Compile contracts	2026-01-08T21:53:47.7077685Z 
Hardhat tests (Node 22)	Compile contracts	2026-01-08T21:53:47.7078648Z Compiled 1 Solidity test file with solc 0.8.28 (evm target: cancun)
Hardhat tests (Node 22)	Run Hardhat tests	ï»¿2026-01-08T21:53:47.7438336Z ##[group]Run npx hardhat test
Hardhat tests (Node 22)	Run Hardhat tests	2026-01-08T21:53:47.7438757Z [36;1mnpx hardhat test[0m
Hardhat tests (Node 22)	Run Hardhat tests	2026-01-08T21:53:47.7458334Z shell: /usr/bin/bash -e {0}
Hardhat tests (Node 22)	Run Hardhat tests	2026-01-08T21:53:47.7458574Z env:
Hardhat tests (Node 22)	Run Hardhat tests	2026-01-08T21:53:47.7458749Z   CI: true
Hardhat tests (Node 22)	Run Hardhat tests	2026-01-08T21:53:47.7458919Z ##[endgroup]
Hardhat tests (Node 22)	Run Hardhat tests	2026-01-08T21:53:48.4465302Z No contracts to compile
Hardhat tests (Node 22)	Run Hardhat tests	2026-01-08T21:53:48.7953188Z No Solidity tests to compile
Hardhat tests (Node 22)	Run Hardhat tests	2026-01-08T21:53:48.7966658Z 
Hardhat tests (Node 22)	Run Hardhat tests	2026-01-08T21:53:48.8123489Z Running Solidity tests
Hardhat tests (Node 22)	Run Hardhat tests	2026-01-08T21:53:48.8123855Z 
Hardhat tests (Node 22)	Run Hardhat tests	2026-01-08T21:53:48.8986555Z   contracts/Counter.t.sol:CounterTest
Hardhat tests (Node 22)	Run Hardhat tests	2026-01-08T21:53:48.8988040Z     âœ” test_InitialValue()
Hardhat tests (Node 22)	Run Hardhat tests	2026-01-08T21:53:48.8989337Z     âœ” test_IncByZero()
Hardhat tests (Node 22)	Run Hardhat tests	2026-01-08T21:53:48.8991130Z     âœ” testFuzz_Inc(uint8) (runs: 256)
Hardhat tests (Node 22)	Run Hardhat tests	2026-01-08T21:53:48.9014468Z 
Hardhat tests (Node 22)	Run Hardhat tests	2026-01-08T21:53:48.9015164Z 
Hardhat tests (Node 22)	Run Hardhat tests	2026-01-08T21:53:48.9016089Z   3 passing
Hardhat tests (Node 22)	Run Hardhat tests	2026-01-08T21:53:48.9033981Z 
Hardhat tests (Node 22)	Run Hardhat tests	2026-01-08T21:53:48.9367659Z Running Mocha tests
Hardhat tests (Node 22)	Run Hardhat tests	2026-01-08T21:53:49.8052689Z 
Hardhat tests (Node 22)	Run Hardhat tests	2026-01-08T21:53:49.8054353Z 
Hardhat tests (Node 22)	Run Hardhat tests	2026-01-08T21:53:49.8058332Z   Counter
Hardhat tests (Node 22)	Run Hardhat tests	2026-01-08T21:53:49.8454468Z     âœ” Should emit the Increment event when calling the inc() function (39ms)
Hardhat tests (Node 22)	Run Hardhat tests	2026-01-08T21:53:49.9044754Z     âœ” The sum of the Increment events should match the current value (59ms)
Hardhat tests (Node 22)	Run Hardhat tests	2026-01-08T21:53:49.9045504Z 
Hardhat tests (Node 22)	Run Hardhat tests	2026-01-08T21:53:49.9047152Z   PackSale
Hardhat tests (Node 22)	Run Hardhat tests	2026-01-08T21:53:49.9620866Z     âœ” sells packs and opens them to mint NFTs (57ms)
Hardhat tests (Node 22)	Run Hardhat tests	2026-01-08T21:53:49.9621320Z 
Hardhat tests (Node 22)	Run Hardhat tests	2026-01-08T21:53:49.9621468Z   PackSale ERC20 flow
Hardhat tests (Node 22)	Run Hardhat tests	2026-01-08T21:53:50.0379302Z     âœ” accepts ERC20 payments and opens packs (75ms)
Hardhat tests (Node 22)	Run Hardhat tests	2026-01-08T21:53:50.0379772Z 
Hardhat tests (Node 22)	Run Hardhat tests	2026-01-08T21:53:50.0379877Z   PackSale edge cases
Hardhat tests (Node 22)	Run Hardhat tests	2026-01-08T21:53:50.1169350Z     âœ” reverts when ERC20 allowance is insufficient (79ms)
Hardhat tests (Node 22)	Run Hardhat tests	2026-01-08T21:53:50.1756638Z     âœ” reverts if native value is sent while payment token is ERC20 (59ms)
Hardhat tests (Node 22)	Run Hardhat tests	2026-01-08T21:53:50.2617876Z     âœ” only owner can withdraw ERC20 and native funds (86ms)
Hardhat tests (Node 22)	Run Hardhat tests	2026-01-08T21:53:50.2618298Z 
Hardhat tests (Node 22)	Run Hardhat tests	2026-01-08T21:53:50.2620493Z 
Hardhat tests (Node 22)	Run Hardhat tests	2026-01-08T21:53:50.2621643Z   7 passing (456ms)
Hardhat tests (Node 22)	Run Hardhat tests	2026-01-08T21:53:50.2621855Z 
Hardhat tests (Node 22)	Run Hardhat tests	2026-01-08T21:53:50.2630477Z 
Hardhat tests (Node 22)	Post Setup Node.js	ï»¿2026-01-08T21:53:50.2962853Z Post job cleanup.
Hardhat tests (Node 22)	Post Setup Node.js	2026-01-08T21:53:50.4424219Z Cache hit occurred on the primary key node-cache-Linux-x64-npm-f572aa0531c7894b6454d0fadc11f9cb912cb429e8ba3e7b183be415d898ca72, not saving cache.
Hardhat tests (Node 22)	Post Cache node modules	ï»¿2026-01-08T21:53:51.6766720Z Post job cleanup.
Hardhat tests (Node 22)	Post Cache node modules	2026-01-08T21:53:51.8167353Z [command]/usr/bin/tar --posix -cf cache.tzst --exclude cache.tzst -P -C /home/runner/work/MinersWar/MinersWar --files-from manifest.txt --use-compress-program zstdmt
Hardhat tests (Node 22)	Post Cache node modules	2026-01-08T21:53:54.1667050Z Sent 0 of 244204462 (0.0%), 0.0 MBs/sec
Hardhat tests (Node 22)	Post Cache node modules	2026-01-08T21:53:55.1673091Z Sent 109986734 of 244204462 (45.0%), 52.4 MBs/sec
Hardhat tests (Node 22)	Post Cache node modules	2026-01-08T21:53:55.7146174Z Sent 244204462 of 244204462 (100.0%), 91.4 MBs/sec
Hardhat tests (Node 22)	Post Cache node modules	2026-01-08T21:53:55.8923826Z Cache saved with key: Linux-node-22-ca24e9d548b2c23e6e290300ca12d49d7282ce596c2e5899ac7e3aa2f5589f64
Hardhat tests (Node 22)	Post Checkout repository	ï»¿2026-01-08T21:53:55.9017639Z Post job cleanup.
Hardhat tests (Node 22)	Post Checkout repository	2026-01-08T21:53:55.9869671Z [command]/usr/bin/git version
Hardhat tests (Node 22)	Post Checkout repository	2026-01-08T21:53:55.9901521Z git version 2.52.0
Hardhat tests (Node 22)	Post Checkout repository	2026-01-08T21:53:55.9938935Z Temporarily overriding HOME='/home/runner/work/_temp/e351a47f-31c4-4639-97fe-be3e7df49a74' before making global git config changes
Hardhat tests (Node 22)	Post Checkout repository	2026-01-08T21:53:55.9940253Z Adding repository directory to the temporary git global config as a safe directory
Hardhat tests (Node 22)	Post Checkout repository	2026-01-08T21:53:55.9943696Z [command]/usr/bin/git config --global --add safe.directory /home/runner/work/MinersWar/MinersWar
Hardhat tests (Node 22)	Post Checkout repository	2026-01-08T21:53:55.9973265Z [command]/usr/bin/git config --local --name-only --get-regexp core\.sshCommand
Hardhat tests (Node 22)	Post Checkout repository	2026-01-08T21:53:55.9999748Z [command]/usr/bin/git submodule foreach --recursive sh -c "git config --local --name-only --get-regexp 'core\.sshCommand' && git config --local --unset-all 'core.sshCommand' || :"
Hardhat tests (Node 22)	Post Checkout repository	2026-01-08T21:53:56.0181188Z [command]/usr/bin/git config --local --name-only --get-regexp http\.https\:\/\/github\.com\/\.extraheader
Hardhat tests (Node 22)	Post Checkout repository	2026-01-08T21:53:56.0200760Z http.https://github.com/.extraheader
Hardhat tests (Node 22)	Post Checkout repository	2026-01-08T21:53:56.0211787Z [command]/usr/bin/git config --local --unset-all http.https://github.com/.extraheader
Hardhat tests (Node 22)	Post Checkout repository	2026-01-08T21:53:56.0235355Z [command]/usr/bin/git submodule foreach --recursive sh -c "git config --local --name-only --get-regexp 'http\.https\:\/\/github\.com\/\.extraheader' && git config --local --unset-all 'http.https://github.com/.extraheader' || :"
Hardhat tests (Node 22)	Post Checkout repository	2026-01-08T21:53:56.0403313Z [command]/usr/bin/git config --local --name-only --get-regexp ^includeIf\.gitdir:
Hardhat tests (Node 22)	Post Checkout repository	2026-01-08T21:53:56.0428382Z [command]/usr/bin/git submodule foreach --recursive git config --local --show-origin --name-only --get-regexp remote.origin.url
Hardhat tests (Node 22)	Complete job	ï»¿2026-01-08T21:53:56.0703490Z Cleaning up orphan processes
NPM Audit (root + frontend)	Set up job	ï»¿2026-01-08T21:54:01.4457116Z Current runner version: '2.330.0'
NPM Audit (root + frontend)	Set up job	2026-01-08T21:54:01.4481069Z ##[group]Runner Image Provisioner
NPM Audit (root + frontend)	Set up job	2026-01-08T21:54:01.4481840Z Hosted Compute Agent
NPM Audit (root + frontend)	Set up job	2026-01-08T21:54:01.4482394Z Version: 20251211.462
NPM Audit (root + frontend)	Set up job	2026-01-08T21:54:01.4483061Z Commit: 6cbad8c2bb55d58165063d031ccabf57e2d2db61
NPM Audit (root + frontend)	Set up job	2026-01-08T21:54:01.4483713Z Build Date: 2025-12-11T16:28:49Z
NPM Audit (root + frontend)	Set up job	2026-01-08T21:54:01.4484332Z Worker ID: {e238f7a2-dfa9-44a0-b6b8-7b17b170486c}
NPM Audit (root + frontend)	Set up job	2026-01-08T21:54:01.4484928Z ##[endgroup]
NPM Audit (root + frontend)	Set up job	2026-01-08T21:54:01.4485425Z ##[group]Operating System
NPM Audit (root + frontend)	Set up job	2026-01-08T21:54:01.4485889Z Ubuntu
NPM Audit (root + frontend)	Set up job	2026-01-08T21:54:01.4486361Z 24.04.3
NPM Audit (root + frontend)	Set up job	2026-01-08T21:54:01.4486752Z LTS
NPM Audit (root + frontend)	Set up job	2026-01-08T21:54:01.4487146Z ##[endgroup]
NPM Audit (root + frontend)	Set up job	2026-01-08T21:54:01.4487589Z ##[group]Runner Image
NPM Audit (root + frontend)	Set up job	2026-01-08T21:54:01.4488091Z Image: ubuntu-24.04
NPM Audit (root + frontend)	Set up job	2026-01-08T21:54:01.4488527Z Version: 20260105.202.1
NPM Audit (root + frontend)	Set up job	2026-01-08T21:54:01.4489446Z Included Software: https://github.com/actions/runner-images/blob/ubuntu24/20260105.202/images/ubuntu/Ubuntu2404-Readme.md
NPM Audit (root + frontend)	Set up job	2026-01-08T21:54:01.4490653Z Image Release: https://github.com/actions/runner-images/releases/tag/ubuntu24%2F20260105.202
NPM Audit (root + frontend)	Set up job	2026-01-08T21:54:01.4491707Z ##[endgroup]
NPM Audit (root + frontend)	Set up job	2026-01-08T21:54:01.4492664Z ##[group]GITHUB_TOKEN Permissions
NPM Audit (root + frontend)	Set up job	2026-01-08T21:54:01.4495045Z Contents: read
NPM Audit (root + frontend)	Set up job	2026-01-08T21:54:01.4495531Z Metadata: read
NPM Audit (root + frontend)	Set up job	2026-01-08T21:54:01.4495991Z Packages: read
NPM Audit (root + frontend)	Set up job	2026-01-08T21:54:01.4496415Z ##[endgroup]
NPM Audit (root + frontend)	Set up job	2026-01-08T21:54:01.4498385Z Secret source: Actions
NPM Audit (root + frontend)	Set up job	2026-01-08T21:54:01.4498959Z Prepare workflow directory
NPM Audit (root + frontend)	Set up job	2026-01-08T21:54:01.4804421Z Prepare all required actions
NPM Audit (root + frontend)	Set up job	2026-01-08T21:54:01.4843066Z Getting action download info
NPM Audit (root + frontend)	Set up job	2026-01-08T21:54:01.8628743Z Download action repository 'actions/checkout@v4' (SHA:34e114876b0b11c390a56381ad16ebd13914f8d5)
NPM Audit (root + frontend)	Set up job	2026-01-08T21:54:01.9746120Z Download action repository 'actions/setup-node@v4' (SHA:49933ea5288caeca8642d1e84afbd3f7d6820020)
NPM Audit (root + frontend)	Set up job	2026-01-08T21:54:02.1433210Z Complete job name: NPM Audit (root + frontend)
NPM Audit (root + frontend)	Checkout repository	ï»¿2026-01-08T21:54:02.2075920Z ##[group]Run actions/checkout@v4
NPM Audit (root + frontend)	Checkout repository	2026-01-08T21:54:02.2076847Z with:
NPM Audit (root + frontend)	Checkout repository	2026-01-08T21:54:02.2077270Z   repository: jrdbacosta/MinersWar
NPM Audit (root + frontend)	Checkout repository	2026-01-08T21:54:02.2078028Z   token: ***
NPM Audit (root + frontend)	Checkout repository	2026-01-08T21:54:02.2078495Z   ssh-strict: true
NPM Audit (root + frontend)	Checkout repository	2026-01-08T21:54:02.2078923Z   ssh-user: git
NPM Audit (root + frontend)	Checkout repository	2026-01-08T21:54:02.2079376Z   persist-credentials: true
NPM Audit (root + frontend)	Checkout repository	2026-01-08T21:54:02.2079856Z   clean: true
NPM Audit (root + frontend)	Checkout repository	2026-01-08T21:54:02.2080311Z   sparse-checkout-cone-mode: true
NPM Audit (root + frontend)	Checkout repository	2026-01-08T21:54:02.2080774Z   fetch-depth: 1
NPM Audit (root + frontend)	Checkout repository	2026-01-08T21:54:02.2081205Z   fetch-tags: false
NPM Audit (root + frontend)	Checkout repository	2026-01-08T21:54:02.2081670Z   show-progress: true
NPM Audit (root + frontend)	Checkout repository	2026-01-08T21:54:02.2082084Z   lfs: false
NPM Audit (root + frontend)	Checkout repository	2026-01-08T21:54:02.2082504Z   submodules: false
NPM Audit (root + frontend)	Checkout repository	2026-01-08T21:54:02.2083126Z   set-safe-directory: true
NPM Audit (root + frontend)	Checkout repository	2026-01-08T21:54:02.2083881Z ##[endgroup]
NPM Audit (root + frontend)	Checkout repository	2026-01-08T21:54:02.3170993Z Syncing repository: jrdbacosta/MinersWar
NPM Audit (root + frontend)	Checkout repository	2026-01-08T21:54:02.3173118Z ##[group]Getting Git version info
NPM Audit (root + frontend)	Checkout repository	2026-01-08T21:54:02.3173876Z Working directory is '/home/runner/work/MinersWar/MinersWar'
NPM Audit (root + frontend)	Checkout repository	2026-01-08T21:54:02.3174860Z [command]/usr/bin/git version
NPM Audit (root + frontend)	Checkout repository	2026-01-08T21:54:02.3235991Z git version 2.52.0
NPM Audit (root + frontend)	Checkout repository	2026-01-08T21:54:02.3260583Z ##[endgroup]
NPM Audit (root + frontend)	Checkout repository	2026-01-08T21:54:02.3276276Z Temporarily overriding HOME='/home/runner/work/_temp/aa263763-800d-475f-a335-6d0b89ae9bca' before making global git config changes
NPM Audit (root + frontend)	Checkout repository	2026-01-08T21:54:02.3279502Z Adding repository directory to the temporary git global config as a safe directory
NPM Audit (root + frontend)	Checkout repository	2026-01-08T21:54:02.3292560Z [command]/usr/bin/git config --global --add safe.directory /home/runner/work/MinersWar/MinersWar
NPM Audit (root + frontend)	Checkout repository	2026-01-08T21:54:02.3333832Z Deleting the contents of '/home/runner/work/MinersWar/MinersWar'
NPM Audit (root + frontend)	Checkout repository	2026-01-08T21:54:02.3337882Z ##[group]Initializing the repository
NPM Audit (root + frontend)	Checkout repository	2026-01-08T21:54:02.3342408Z [command]/usr/bin/git init /home/runner/work/MinersWar/MinersWar
NPM Audit (root + frontend)	Checkout repository	2026-01-08T21:54:02.3432985Z hint: Using 'master' as the name for the initial branch. This default branch name
NPM Audit (root + frontend)	Checkout repository	2026-01-08T21:54:02.3434675Z hint: will change to "main" in Git 3.0. To configure the initial branch name
NPM Audit (root + frontend)	Checkout repository	2026-01-08T21:54:02.3436512Z hint: to use in all of your new repositories, which will suppress this warning,
NPM Audit (root + frontend)	Checkout repository	2026-01-08T21:54:02.3437944Z hint: call:
NPM Audit (root + frontend)	Checkout repository	2026-01-08T21:54:02.3439010Z hint:
NPM Audit (root + frontend)	Checkout repository	2026-01-08T21:54:02.3439970Z hint: 	git config --global init.defaultBranch <name>
NPM Audit (root + frontend)	Checkout repository	2026-01-08T21:54:02.3441033Z hint:
NPM Audit (root + frontend)	Checkout repository	2026-01-08T21:54:02.3442113Z hint: Names commonly chosen instead of 'master' are 'main', 'trunk' and
NPM Audit (root + frontend)	Checkout repository	2026-01-08T21:54:02.3444090Z hint: 'development'. The just-created branch can be renamed via this command:
NPM Audit (root + frontend)	Checkout repository	2026-01-08T21:54:02.3445397Z hint:
NPM Audit (root + frontend)	Checkout repository	2026-01-08T21:54:02.3446081Z hint: 	git branch -m <name>
NPM Audit (root + frontend)	Checkout repository	2026-01-08T21:54:02.3447057Z hint:
NPM Audit (root + frontend)	Checkout repository	2026-01-08T21:54:02.3448096Z hint: Disable this message with "git config set advice.defaultBranchName false"
NPM Audit (root + frontend)	Checkout repository	2026-01-08T21:54:02.3449985Z Initialized empty Git repository in /home/runner/work/MinersWar/MinersWar/.git/
NPM Audit (root + frontend)	Checkout repository	2026-01-08T21:54:02.3453149Z [command]/usr/bin/git remote add origin https://github.com/jrdbacosta/MinersWar
NPM Audit (root + frontend)	Checkout repository	2026-01-08T21:54:02.3480620Z ##[endgroup]
NPM Audit (root + frontend)	Checkout repository	2026-01-08T21:54:02.3481386Z ##[group]Disabling automatic garbage collection
NPM Audit (root + frontend)	Checkout repository	2026-01-08T21:54:02.3485012Z [command]/usr/bin/git config --local gc.auto 0
NPM Audit (root + frontend)	Checkout repository	2026-01-08T21:54:02.3508408Z ##[endgroup]
NPM Audit (root + frontend)	Checkout repository	2026-01-08T21:54:02.3509187Z ##[group]Setting up auth
NPM Audit (root + frontend)	Checkout repository	2026-01-08T21:54:02.3514707Z [command]/usr/bin/git config --local --name-only --get-regexp core\.sshCommand
NPM Audit (root + frontend)	Checkout repository	2026-01-08T21:54:02.3539531Z [command]/usr/bin/git submodule foreach --recursive sh -c "git config --local --name-only --get-regexp 'core\.sshCommand' && git config --local --unset-all 'core.sshCommand' || :"
NPM Audit (root + frontend)	Checkout repository	2026-01-08T21:54:02.3851466Z [command]/usr/bin/git config --local --name-only --get-regexp http\.https\:\/\/github\.com\/\.extraheader
NPM Audit (root + frontend)	Checkout repository	2026-01-08T21:54:02.3876774Z [command]/usr/bin/git submodule foreach --recursive sh -c "git config --local --name-only --get-regexp 'http\.https\:\/\/github\.com\/\.extraheader' && git config --local --unset-all 'http.https://github.com/.extraheader' || :"
NPM Audit (root + frontend)	Checkout repository	2026-01-08T21:54:02.4049273Z [command]/usr/bin/git config --local --name-only --get-regexp ^includeIf\.gitdir:
NPM Audit (root + frontend)	Checkout repository	2026-01-08T21:54:02.4076145Z [command]/usr/bin/git submodule foreach --recursive git config --local --show-origin --name-only --get-regexp remote.origin.url
NPM Audit (root + frontend)	Checkout repository	2026-01-08T21:54:02.4275088Z [command]/usr/bin/git config --local http.https://github.com/.extraheader AUTHORIZATION: basic ***
NPM Audit (root + frontend)	Checkout repository	2026-01-08T21:54:02.4314456Z ##[endgroup]
NPM Audit (root + frontend)	Checkout repository	2026-01-08T21:54:02.4315567Z ##[group]Fetching the repository
NPM Audit (root + frontend)	Checkout repository	2026-01-08T21:54:02.4329516Z [command]/usr/bin/git -c protocol.version=2 fetch --no-tags --prune --no-recurse-submodules --depth=1 origin +9f5bf821bc27115d1efdd4b9d079723e75be2a52:refs/remotes/origin/main
NPM Audit (root + frontend)	Checkout repository	2026-01-08T21:54:02.9754345Z From https://github.com/jrdbacosta/MinersWar
NPM Audit (root + frontend)	Checkout repository	2026-01-08T21:54:02.9758196Z  * [new ref]         9f5bf821bc27115d1efdd4b9d079723e75be2a52 -> origin/main
NPM Audit (root + frontend)	Checkout repository	2026-01-08T21:54:02.9789499Z ##[endgroup]
NPM Audit (root + frontend)	Checkout repository	2026-01-08T21:54:02.9791057Z ##[group]Determining the checkout info
NPM Audit (root + frontend)	Checkout repository	2026-01-08T21:54:02.9794988Z ##[endgroup]
NPM Audit (root + frontend)	Checkout repository	2026-01-08T21:54:02.9796117Z [command]/usr/bin/git sparse-checkout disable
NPM Audit (root + frontend)	Checkout repository	2026-01-08T21:54:02.9833725Z [command]/usr/bin/git config --local --unset-all extensions.worktreeConfig
NPM Audit (root + frontend)	Checkout repository	2026-01-08T21:54:02.9856252Z ##[group]Checking out the ref
NPM Audit (root + frontend)	Checkout repository	2026-01-08T21:54:02.9864537Z [command]/usr/bin/git checkout --progress --force -B main refs/remotes/origin/main
NPM Audit (root + frontend)	Checkout repository	2026-01-08T21:54:03.0057545Z Switched to a new branch 'main'
NPM Audit (root + frontend)	Checkout repository	2026-01-08T21:54:03.0058903Z branch 'main' set up to track 'origin/main'.
NPM Audit (root + frontend)	Checkout repository	2026-01-08T21:54:03.0064106Z ##[endgroup]
NPM Audit (root + frontend)	Checkout repository	2026-01-08T21:54:03.0105089Z [command]/usr/bin/git log -1 --format=%H
NPM Audit (root + frontend)	Checkout repository	2026-01-08T21:54:03.0126361Z 9f5bf821bc27115d1efdd4b9d079723e75be2a52
NPM Audit (root + frontend)	Setup Node.js	ï»¿2026-01-08T21:54:03.0377014Z ##[group]Run actions/setup-node@v4
NPM Audit (root + frontend)	Setup Node.js	2026-01-08T21:54:03.0377611Z with:
NPM Audit (root + frontend)	Setup Node.js	2026-01-08T21:54:03.0377998Z   node-version: 22
NPM Audit (root + frontend)	Setup Node.js	2026-01-08T21:54:03.0378414Z   always-auth: false
NPM Audit (root + frontend)	Setup Node.js	2026-01-08T21:54:03.0378841Z   check-latest: false
NPM Audit (root + frontend)	Setup Node.js	2026-01-08T21:54:03.0379460Z   token: ***
NPM Audit (root + frontend)	Setup Node.js	2026-01-08T21:54:03.0379849Z ##[endgroup]
NPM Audit (root + frontend)	Setup Node.js	2026-01-08T21:54:03.2200109Z Found in cache @ /opt/hostedtoolcache/node/22.21.1/x64
NPM Audit (root + frontend)	Setup Node.js	2026-01-08T21:54:03.2206339Z ##[group]Environment details
NPM Audit (root + frontend)	Setup Node.js	2026-01-08T21:54:05.9463202Z node: v22.21.1
NPM Audit (root + frontend)	Setup Node.js	2026-01-08T21:54:05.9463967Z npm: 10.9.4
NPM Audit (root + frontend)	Setup Node.js	2026-01-08T21:54:05.9464782Z yarn: 1.22.22
NPM Audit (root + frontend)	Setup Node.js	2026-01-08T21:54:05.9467931Z ##[endgroup]
NPM Audit (root + frontend)	Install dependencies (root)	ï»¿2026-01-08T21:54:05.9574153Z ##[group]Run npm ci
NPM Audit (root + frontend)	Install dependencies (root)	2026-01-08T21:54:05.9574548Z [36;1mnpm ci[0m
NPM Audit (root + frontend)	Install dependencies (root)	2026-01-08T21:54:05.9608032Z shell: /usr/bin/bash -e {0}
NPM Audit (root + frontend)	Install dependencies (root)	2026-01-08T21:54:05.9608392Z env:
NPM Audit (root + frontend)	Install dependencies (root)	2026-01-08T21:54:05.9608605Z   CI: true
NPM Audit (root + frontend)	Install dependencies (root)	2026-01-08T21:54:05.9608819Z ##[endgroup]
NPM Audit (root + frontend)	Install dependencies (root)	2026-01-08T21:54:08.5960641Z npm warn deprecated rimraf@3.0.2: Rimraf versions prior to v4 are no longer supported
NPM Audit (root + frontend)	Install dependencies (root)	2026-01-08T21:54:08.9862658Z npm warn deprecated inflight@1.0.6: This module is not supported, and leaks memory. Do not use it. Check out lru-cache if you want a good and tested way to coalesce async requests by a key value, which is much more comprehensive and powerful.
NPM Audit (root + frontend)	Install dependencies (root)	2026-01-08T21:54:10.0369015Z npm warn deprecated @humanwhocodes/object-schema@2.0.3: Use @eslint/object-schema instead
NPM Audit (root + frontend)	Install dependencies (root)	2026-01-08T21:54:10.0905351Z npm warn deprecated @humanwhocodes/config-array@0.13.0: Use @eslint/config-array instead
NPM Audit (root + frontend)	Install dependencies (root)	2026-01-08T21:54:10.3169500Z npm warn deprecated glob@7.1.7: Glob versions prior to v9 are no longer supported
NPM Audit (root + frontend)	Install dependencies (root)	2026-01-08T21:54:10.3348613Z npm warn deprecated glob@7.2.3: Glob versions prior to v9 are no longer supported
NPM Audit (root + frontend)	Install dependencies (root)	2026-01-08T21:54:12.1577880Z npm warn deprecated eslint@8.57.1: This version is no longer supported. Please see https://eslint.org/version-support for other options.
NPM Audit (root + frontend)	Install dependencies (root)	2026-01-08T21:54:14.1034343Z 
NPM Audit (root + frontend)	Install dependencies (root)	2026-01-08T21:54:14.1035317Z added 489 packages, and audited 490 packages in 8s
NPM Audit (root + frontend)	Install dependencies (root)	2026-01-08T21:54:14.1035786Z 
NPM Audit (root + frontend)	Install dependencies (root)	2026-01-08T21:54:14.1036095Z 176 packages are looking for funding
NPM Audit (root + frontend)	Install dependencies (root)	2026-01-08T21:54:14.1037075Z   run `npm fund` for details
NPM Audit (root + frontend)	Install dependencies (root)	2026-01-08T21:54:14.1049605Z 
NPM Audit (root + frontend)	Install dependencies (root)	2026-01-08T21:54:14.1050554Z found 0 vulnerabilities
NPM Audit (root + frontend)	Run npm audit (root)	ï»¿2026-01-08T21:54:14.1666637Z ##[group]Run npm audit --audit-level=moderate || true
NPM Audit (root + frontend)	Run npm audit (root)	2026-01-08T21:54:14.1667369Z [36;1mnpm audit --audit-level=moderate || true[0m
NPM Audit (root + frontend)	Run npm audit (root)	2026-01-08T21:54:14.1699842Z shell: /usr/bin/bash -e {0}
NPM Audit (root + frontend)	Run npm audit (root)	2026-01-08T21:54:14.1700310Z ##[endgroup]
NPM Audit (root + frontend)	Run npm audit (root)	2026-01-08T21:54:14.6897520Z found 0 vulnerabilities
NPM Audit (root + frontend)	Install frontend deps	ï»¿2026-01-08T21:54:14.6998779Z ##[group]Run npm ci
NPM Audit (root + frontend)	Install frontend deps	2026-01-08T21:54:14.6999047Z [36;1mnpm ci[0m
NPM Audit (root + frontend)	Install frontend deps	2026-01-08T21:54:14.7020206Z shell: /usr/bin/bash -e {0}
NPM Audit (root + frontend)	Install frontend deps	2026-01-08T21:54:14.7020465Z ##[endgroup]
NPM Audit (root + frontend)	Install frontend deps	2026-01-08T21:54:15.7038206Z npm error code EUSAGE
NPM Audit (root + frontend)	Install frontend deps	2026-01-08T21:54:15.7038758Z npm error
NPM Audit (root + frontend)	Install frontend deps	2026-01-08T21:54:15.7040162Z npm error `npm ci` can only install packages when your package.json and package-lock.json or npm-shrinkwrap.json are in sync. Please update your lock file with `npm install` before continuing.
NPM Audit (root + frontend)	Install frontend deps	2026-01-08T21:54:15.7041621Z npm error
NPM Audit (root + frontend)	Install frontend deps	2026-01-08T21:54:15.7042103Z npm error Missing: yaml@2.8.2 from lock file
NPM Audit (root + frontend)	Install frontend deps	2026-01-08T21:54:15.7042578Z npm error
NPM Audit (root + frontend)	Install frontend deps	2026-01-08T21:54:15.7043142Z npm error Clean install a project
NPM Audit (root + frontend)	Install frontend deps	2026-01-08T21:54:15.7043617Z npm error
NPM Audit (root + frontend)	Install frontend deps	2026-01-08T21:54:15.7043933Z npm error Usage:
NPM Audit (root + frontend)	Install frontend deps	2026-01-08T21:54:15.7044301Z npm error npm ci
NPM Audit (root + frontend)	Install frontend deps	2026-01-08T21:54:15.7044658Z npm error
NPM Audit (root + frontend)	Install frontend deps	2026-01-08T21:54:15.7045001Z npm error Options:
NPM Audit (root + frontend)	Install frontend deps	2026-01-08T21:54:15.7045826Z npm error [--install-strategy <hoisted|nested|shallow|linked>] [--legacy-bundling]
NPM Audit (root + frontend)	Install frontend deps	2026-01-08T21:54:15.7047158Z npm error [--global-style] [--omit <dev|optional|peer> [--omit <dev|optional|peer> ...]]
NPM Audit (root + frontend)	Install frontend deps	2026-01-08T21:54:15.7048449Z npm error [--include <prod|dev|optional|peer> [--include <prod|dev|optional|peer> ...]]
NPM Audit (root + frontend)	Install frontend deps	2026-01-08T21:54:15.7049678Z npm error [--strict-peer-deps] [--foreground-scripts] [--ignore-scripts] [--no-audit]
NPM Audit (root + frontend)	Install frontend deps	2026-01-08T21:54:15.7050623Z npm error [--no-bin-links] [--no-fund] [--dry-run]
NPM Audit (root + frontend)	Install frontend deps	2026-01-08T21:54:15.7051592Z npm error [-w|--workspace <workspace-name> [-w|--workspace <workspace-name> ...]]
NPM Audit (root + frontend)	Install frontend deps	2026-01-08T21:54:15.7052818Z npm error [-ws|--workspaces] [--include-workspace-root] [--install-links]
NPM Audit (root + frontend)	Install frontend deps	2026-01-08T21:54:15.7053492Z npm error
NPM Audit (root + frontend)	Install frontend deps	2026-01-08T21:54:15.7054135Z npm error aliases: clean-install, ic, install-clean, isntall-clean
NPM Audit (root + frontend)	Install frontend deps	2026-01-08T21:54:15.7054801Z npm error
NPM Audit (root + frontend)	Install frontend deps	2026-01-08T21:54:15.7055255Z npm error Run "npm help ci" for more info
NPM Audit (root + frontend)	Install frontend deps	2026-01-08T21:54:15.7058602Z npm error A complete log of this run can be found in: /home/runner/.npm/_logs/2026-01-08T21_54_14_753Z-debug-0.log
NPM Audit (root + frontend)	Install frontend deps	2026-01-08T21:54:15.7150990Z ##[error]Process completed with exit code 1.
NPM Audit (root + frontend)	Post Checkout repository	ï»¿2026-01-08T21:54:15.7256207Z Post job cleanup.
NPM Audit (root + frontend)	Post Checkout repository	2026-01-08T21:54:15.8181163Z [command]/usr/bin/git version
NPM Audit (root + frontend)	Post Checkout repository	2026-01-08T21:54:15.8218180Z git version 2.52.0
NPM Audit (root + frontend)	Post Checkout repository	2026-01-08T21:54:15.8260110Z Temporarily overriding HOME='/home/runner/work/_temp/2441ce01-34a2-43d3-87a9-e42689e60e55' before making global git config changes
NPM Audit (root + frontend)	Post Checkout repository	2026-01-08T21:54:15.8261558Z Adding repository directory to the temporary git global config as a safe directory
NPM Audit (root + frontend)	Post Checkout repository	2026-01-08T21:54:15.8266507Z [command]/usr/bin/git config --global --add safe.directory /home/runner/work/MinersWar/MinersWar
NPM Audit (root + frontend)	Post Checkout repository	2026-01-08T21:54:15.8305076Z [command]/usr/bin/git config --local --name-only --get-regexp core\.sshCommand
NPM Audit (root + frontend)	Post Checkout repository	2026-01-08T21:54:15.8335745Z [command]/usr/bin/git submodule foreach --recursive sh -c "git config --local --name-only --get-regexp 'core\.sshCommand' && git config --local --unset-all 'core.sshCommand' || :"
NPM Audit (root + frontend)	Post Checkout repository	2026-01-08T21:54:15.8531320Z [command]/usr/bin/git config --local --name-only --get-regexp http\.https\:\/\/github\.com\/\.extraheader
NPM Audit (root + frontend)	Post Checkout repository	2026-01-08T21:54:15.8550915Z http.https://github.com/.extraheader
NPM Audit (root + frontend)	Post Checkout repository	2026-01-08T21:54:15.8561652Z [command]/usr/bin/git config --local --unset-all http.https://github.com/.extraheader
NPM Audit (root + frontend)	Post Checkout repository	2026-01-08T21:54:15.8590208Z [command]/usr/bin/git submodule foreach --recursive sh -c "git config --local --name-only --get-regexp 'http\.https\:\/\/github\.com\/\.extraheader' && git config --local --unset-all 'http.https://github.com/.extraheader' || :"
NPM Audit (root + frontend)	Post Checkout repository	2026-01-08T21:54:15.8774139Z [command]/usr/bin/git config --local --name-only --get-regexp ^includeIf\.gitdir:
NPM Audit (root + frontend)	Post Checkout repository	2026-01-08T21:54:15.8805924Z [command]/usr/bin/git submodule foreach --recursive git config --local --show-origin --name-only --get-regexp remote.origin.url
NPM Audit (root + frontend)	Complete job	ï»¿2026-01-08T21:54:15.9079097Z Cleaning up orphan processes
Static analysis (Slither)	Set up job	ï»¿2026-01-08T21:54:01.5824844Z Current runner version: '2.330.0'
Static analysis (Slither)	Set up job	2026-01-08T21:54:01.5852164Z ##[group]Runner Image Provisioner
Static analysis (Slither)	Set up job	2026-01-08T21:54:01.5852994Z Hosted Compute Agent
Static analysis (Slither)	Set up job	2026-01-08T21:54:01.5853490Z Version: 20251211.462
Static analysis (Slither)	Set up job	2026-01-08T21:54:01.5854197Z Commit: 6cbad8c2bb55d58165063d031ccabf57e2d2db61
Static analysis (Slither)	Set up job	2026-01-08T21:54:01.5854874Z Build Date: 2025-12-11T16:28:49Z
Static analysis (Slither)	Set up job	2026-01-08T21:54:01.5855518Z Worker ID: {f38eeaf5-d4f3-4a27-8166-e91f8dcab1aa}
Static analysis (Slither)	Set up job	2026-01-08T21:54:01.5856266Z ##[endgroup]
Static analysis (Slither)	Set up job	2026-01-08T21:54:01.5857133Z ##[group]Operating System
Static analysis (Slither)	Set up job	2026-01-08T21:54:01.5857673Z Ubuntu
Static analysis (Slither)	Set up job	2026-01-08T21:54:01.5858229Z 24.04.3
Static analysis (Slither)	Set up job	2026-01-08T21:54:01.5858687Z LTS
Static analysis (Slither)	Set up job	2026-01-08T21:54:01.5859103Z ##[endgroup]
Static analysis (Slither)	Set up job	2026-01-08T21:54:01.5859687Z ##[group]Runner Image
Static analysis (Slither)	Set up job	2026-01-08T21:54:01.5860192Z Image: ubuntu-24.04
Static analysis (Slither)	Set up job	2026-01-08T21:54:01.5860737Z Version: 20260105.202.1
Static analysis (Slither)	Set up job	2026-01-08T21:54:01.5861728Z Included Software: https://github.com/actions/runner-images/blob/ubuntu24/20260105.202/images/ubuntu/Ubuntu2404-Readme.md
Static analysis (Slither)	Set up job	2026-01-08T21:54:01.5863101Z Image Release: https://github.com/actions/runner-images/releases/tag/ubuntu24%2F20260105.202
Static analysis (Slither)	Set up job	2026-01-08T21:54:01.5864326Z ##[endgroup]
Static analysis (Slither)	Set up job	2026-01-08T21:54:01.5865361Z ##[group]GITHUB_TOKEN Permissions
Static analysis (Slither)	Set up job	2026-01-08T21:54:01.5867681Z Contents: read
Static analysis (Slither)	Set up job	2026-01-08T21:54:01.5868221Z Metadata: read
Static analysis (Slither)	Set up job	2026-01-08T21:54:01.5868716Z Packages: read
Static analysis (Slither)	Set up job	2026-01-08T21:54:01.5869142Z ##[endgroup]
Static analysis (Slither)	Set up job	2026-01-08T21:54:01.5871283Z Secret source: Actions
Static analysis (Slither)	Set up job	2026-01-08T21:54:01.5871978Z Prepare workflow directory
Static analysis (Slither)	Set up job	2026-01-08T21:54:01.6202353Z Prepare all required actions
Static analysis (Slither)	Set up job	2026-01-08T21:54:01.6242173Z Getting action download info
Static analysis (Slither)	Set up job	2026-01-08T21:54:01.9994964Z Download action repository 'actions/checkout@v4' (SHA:34e114876b0b11c390a56381ad16ebd13914f8d5)
Static analysis (Slither)	Set up job	2026-01-08T21:54:02.1846146Z Complete job name: Static analysis (Slither)
Static analysis (Slither)	Checkout repository	ï»¿2026-01-08T21:54:02.2649431Z ##[group]Run actions/checkout@v4
Static analysis (Slither)	Checkout repository	2026-01-08T21:54:02.2650264Z with:
Static analysis (Slither)	Checkout repository	2026-01-08T21:54:02.2650664Z   repository: jrdbacosta/MinersWar
Static analysis (Slither)	Checkout repository	2026-01-08T21:54:02.2651347Z   token: ***
Static analysis (Slither)	Checkout repository	2026-01-08T21:54:02.2651718Z   ssh-strict: true
Static analysis (Slither)	Checkout repository	2026-01-08T21:54:02.2652140Z   ssh-user: git
Static analysis (Slither)	Checkout repository	2026-01-08T21:54:02.2652537Z   persist-credentials: true
Static analysis (Slither)	Checkout repository	2026-01-08T21:54:02.2652967Z   clean: true
Static analysis (Slither)	Checkout repository	2026-01-08T21:54:02.2653346Z   sparse-checkout-cone-mode: true
Static analysis (Slither)	Checkout repository	2026-01-08T21:54:02.2653809Z   fetch-depth: 1
Static analysis (Slither)	Checkout repository	2026-01-08T21:54:02.2654175Z   fetch-tags: false
Static analysis (Slither)	Checkout repository	2026-01-08T21:54:02.2654562Z   show-progress: true
Static analysis (Slither)	Checkout repository	2026-01-08T21:54:02.2654944Z   lfs: false
Static analysis (Slither)	Checkout repository	2026-01-08T21:54:02.2655305Z   submodules: false
Static analysis (Slither)	Checkout repository	2026-01-08T21:54:02.2655696Z   set-safe-directory: true
Static analysis (Slither)	Checkout repository	2026-01-08T21:54:02.2656482Z ##[endgroup]
Static analysis (Slither)	Checkout repository	2026-01-08T21:54:02.3748405Z Syncing repository: jrdbacosta/MinersWar
Static analysis (Slither)	Checkout repository	2026-01-08T21:54:02.3750298Z ##[group]Getting Git version info
Static analysis (Slither)	Checkout repository	2026-01-08T21:54:02.3750994Z Working directory is '/home/runner/work/MinersWar/MinersWar'
Static analysis (Slither)	Checkout repository	2026-01-08T21:54:02.3751939Z [command]/usr/bin/git version
Static analysis (Slither)	Checkout repository	2026-01-08T21:54:02.3830180Z git version 2.52.0
Static analysis (Slither)	Checkout repository	2026-01-08T21:54:02.3857108Z ##[endgroup]
Static analysis (Slither)	Checkout repository	2026-01-08T21:54:02.3872325Z Temporarily overriding HOME='/home/runner/work/_temp/5c8f4095-b47e-4294-a713-b9bc814eb39c' before making global git config changes
Static analysis (Slither)	Checkout repository	2026-01-08T21:54:02.3873752Z Adding repository directory to the temporary git global config as a safe directory
Static analysis (Slither)	Checkout repository	2026-01-08T21:54:02.3885536Z [command]/usr/bin/git config --global --add safe.directory /home/runner/work/MinersWar/MinersWar
Static analysis (Slither)	Checkout repository	2026-01-08T21:54:02.3925129Z Deleting the contents of '/home/runner/work/MinersWar/MinersWar'
Static analysis (Slither)	Checkout repository	2026-01-08T21:54:02.3928793Z ##[group]Initializing the repository
Static analysis (Slither)	Checkout repository	2026-01-08T21:54:02.3932962Z [command]/usr/bin/git init /home/runner/work/MinersWar/MinersWar
Static analysis (Slither)	Checkout repository	2026-01-08T21:54:02.4044865Z hint: Using 'master' as the name for the initial branch. This default branch name
Static analysis (Slither)	Checkout repository	2026-01-08T21:54:02.4046654Z hint: will change to "main" in Git 3.0. To configure the initial branch name
Static analysis (Slither)	Checkout repository	2026-01-08T21:54:02.4048246Z hint: to use in all of your new repositories, which will suppress this warning,
Static analysis (Slither)	Checkout repository	2026-01-08T21:54:02.4049595Z hint: call:
Static analysis (Slither)	Checkout repository	2026-01-08T21:54:02.4050198Z hint:
Static analysis (Slither)	Checkout repository	2026-01-08T21:54:02.4050963Z hint: 	git config --global init.defaultBranch <name>
Static analysis (Slither)	Checkout repository	2026-01-08T21:54:02.4052023Z hint:
Static analysis (Slither)	Checkout repository	2026-01-08T21:54:02.4052614Z hint: Names commonly chosen instead of 'master' are 'main', 'trunk' and
Static analysis (Slither)	Checkout repository	2026-01-08T21:54:02.4053553Z hint: 'development'. The just-created branch can be renamed via this command:
Static analysis (Slither)	Checkout repository	2026-01-08T21:54:02.4054287Z hint:
Static analysis (Slither)	Checkout repository	2026-01-08T21:54:02.4054665Z hint: 	git branch -m <name>
Static analysis (Slither)	Checkout repository	2026-01-08T21:54:02.4055135Z hint:
Static analysis (Slither)	Checkout repository	2026-01-08T21:54:02.4056093Z hint: Disable this message with "git config set advice.defaultBranchName false"
Static analysis (Slither)	Checkout repository	2026-01-08T21:54:02.4057450Z Initialized empty Git repository in /home/runner/work/MinersWar/MinersWar/.git/
Static analysis (Slither)	Checkout repository	2026-01-08T21:54:02.4062031Z [command]/usr/bin/git remote add origin https://github.com/jrdbacosta/MinersWar
Static analysis (Slither)	Checkout repository	2026-01-08T21:54:02.4098230Z ##[endgroup]
Static analysis (Slither)	Checkout repository	2026-01-08T21:54:02.4098937Z ##[group]Disabling automatic garbage collection
Static analysis (Slither)	Checkout repository	2026-01-08T21:54:02.4102549Z [command]/usr/bin/git config --local gc.auto 0
Static analysis (Slither)	Checkout repository	2026-01-08T21:54:02.4131049Z ##[endgroup]
Static analysis (Slither)	Checkout repository	2026-01-08T21:54:02.4131783Z ##[group]Setting up auth
Static analysis (Slither)	Checkout repository	2026-01-08T21:54:02.4138073Z [command]/usr/bin/git config --local --name-only --get-regexp core\.sshCommand
Static analysis (Slither)	Checkout repository	2026-01-08T21:54:02.4168199Z [command]/usr/bin/git submodule foreach --recursive sh -c "git config --local --name-only --get-regexp 'core\.sshCommand' && git config --local --unset-all 'core.sshCommand' || :"
Static analysis (Slither)	Checkout repository	2026-01-08T21:54:02.4544310Z [command]/usr/bin/git config --local --name-only --get-regexp http\.https\:\/\/github\.com\/\.extraheader
Static analysis (Slither)	Checkout repository	2026-01-08T21:54:02.4574283Z [command]/usr/bin/git submodule foreach --recursive sh -c "git config --local --name-only --get-regexp 'http\.https\:\/\/github\.com\/\.extraheader' && git config --local --unset-all 'http.https://github.com/.extraheader' || :"
Static analysis (Slither)	Checkout repository	2026-01-08T21:54:02.4794483Z [command]/usr/bin/git config --local --name-only --get-regexp ^includeIf\.gitdir:
Static analysis (Slither)	Checkout repository	2026-01-08T21:54:02.4824531Z [command]/usr/bin/git submodule foreach --recursive git config --local --show-origin --name-only --get-regexp remote.origin.url
Static analysis (Slither)	Checkout repository	2026-01-08T21:54:02.5067895Z [command]/usr/bin/git config --local http.https://github.com/.extraheader AUTHORIZATION: basic ***
Static analysis (Slither)	Checkout repository	2026-01-08T21:54:02.5103022Z ##[endgroup]
Static analysis (Slither)	Checkout repository	2026-01-08T21:54:02.5103932Z ##[group]Fetching the repository
Static analysis (Slither)	Checkout repository	2026-01-08T21:54:02.5112071Z [command]/usr/bin/git -c protocol.version=2 fetch --no-tags --prune --no-recurse-submodules --depth=1 origin +9f5bf821bc27115d1efdd4b9d079723e75be2a52:refs/remotes/origin/main
Static analysis (Slither)	Checkout repository	2026-01-08T21:54:03.0599185Z From https://github.com/jrdbacosta/MinersWar
Static analysis (Slither)	Checkout repository	2026-01-08T21:54:03.0600570Z  * [new ref]         9f5bf821bc27115d1efdd4b9d079723e75be2a52 -> origin/main
Static analysis (Slither)	Checkout repository	2026-01-08T21:54:03.0631882Z ##[endgroup]
Static analysis (Slither)	Checkout repository	2026-01-08T21:54:03.0633067Z ##[group]Determining the checkout info
Static analysis (Slither)	Checkout repository	2026-01-08T21:54:03.0634487Z ##[endgroup]
Static analysis (Slither)	Checkout repository	2026-01-08T21:54:03.0640116Z [command]/usr/bin/git sparse-checkout disable
Static analysis (Slither)	Checkout repository	2026-01-08T21:54:03.0683718Z [command]/usr/bin/git config --local --unset-all extensions.worktreeConfig
Static analysis (Slither)	Checkout repository	2026-01-08T21:54:03.0710827Z ##[group]Checking out the ref
Static analysis (Slither)	Checkout repository	2026-01-08T21:54:03.0715293Z [command]/usr/bin/git checkout --progress --force -B main refs/remotes/origin/main
Static analysis (Slither)	Checkout repository	2026-01-08T21:54:03.0847880Z Switched to a new branch 'main'
Static analysis (Slither)	Checkout repository	2026-01-08T21:54:03.0849792Z branch 'main' set up to track 'origin/main'.
Static analysis (Slither)	Checkout repository	2026-01-08T21:54:03.0858587Z ##[endgroup]
Static analysis (Slither)	Checkout repository	2026-01-08T21:54:03.0898105Z [command]/usr/bin/git log -1 --format=%H
Static analysis (Slither)	Checkout repository	2026-01-08T21:54:03.0921968Z 9f5bf821bc27115d1efdd4b9d079723e75be2a52
Static analysis (Slither)	Run Slither via Docker	ï»¿2026-01-08T21:54:03.1148188Z ##[group]Run docker run --rm -v /home/runner/work/MinersWar/MinersWar:/src -w /src trailofbits/slither slither --exclude test .
Static analysis (Slither)	Run Slither via Docker	2026-01-08T21:54:03.1149731Z [36;1mdocker run --rm -v /home/runner/work/MinersWar/MinersWar:/src -w /src trailofbits/slither slither --exclude test .[0m
Static analysis (Slither)	Run Slither via Docker	2026-01-08T21:54:03.1186624Z shell: /usr/bin/bash -e {0}
Static analysis (Slither)	Run Slither via Docker	2026-01-08T21:54:03.1187114Z ##[endgroup]
Static analysis (Slither)	Run Slither via Docker	2026-01-08T21:54:03.2445305Z Unable to find image 'trailofbits/slither:latest' locally
Static analysis (Slither)	Run Slither via Docker	2026-01-08T21:54:04.1541263Z latest: Pulling from trailofbits/slither
Static analysis (Slither)	Run Slither via Docker	2026-01-08T21:54:04.1546661Z 6cf436f81810: Pulling fs layer
Static analysis (Slither)	Run Slither via Docker	2026-01-08T21:54:04.1547335Z 987088a85b96: Pulling fs layer
Static analysis (Slither)	Run Slither via Docker	2026-01-08T21:54:04.1548327Z b4624b3efe06: Pulling fs layer
Static analysis (Slither)	Run Slither via Docker	2026-01-08T21:54:04.1548835Z d42beb8ded59: Pulling fs layer
Static analysis (Slither)	Run Slither via Docker	2026-01-08T21:54:04.1549372Z d6a33a62e824: Pulling fs layer
Static analysis (Slither)	Run Slither via Docker	2026-01-08T21:54:04.1550282Z a230b3efebd1: Pulling fs layer
Static analysis (Slither)	Run Slither via Docker	2026-01-08T21:54:04.1551118Z 0471f6728e08: Pulling fs layer
Static analysis (Slither)	Run Slither via Docker	2026-01-08T21:54:04.1551755Z ebe3b9b979c2: Pulling fs layer
Static analysis (Slither)	Run Slither via Docker	2026-01-08T21:54:04.1552408Z d6a33a62e824: Waiting
Static analysis (Slither)	Run Slither via Docker	2026-01-08T21:54:04.1552970Z a230b3efebd1: Waiting
Static analysis (Slither)	Run Slither via Docker	2026-01-08T21:54:04.1553400Z 0471f6728e08: Waiting
Static analysis (Slither)	Run Slither via Docker	2026-01-08T21:54:04.1553844Z ebe3b9b979c2: Waiting
Static analysis (Slither)	Run Slither via Docker	2026-01-08T21:54:04.1554300Z d42beb8ded59: Waiting
Static analysis (Slither)	Run Slither via Docker	2026-01-08T21:54:04.4196018Z 987088a85b96: Verifying Checksum
Static analysis (Slither)	Run Slither via Docker	2026-01-08T21:54:04.4197094Z 987088a85b96: Download complete
Static analysis (Slither)	Run Slither via Docker	2026-01-08T21:54:04.4274607Z b4624b3efe06: Download complete
Static analysis (Slither)	Run Slither via Docker	2026-01-08T21:54:04.7147541Z d42beb8ded59: Verifying Checksum
Static analysis (Slither)	Run Slither via Docker	2026-01-08T21:54:04.7148397Z d42beb8ded59: Download complete
Static analysis (Slither)	Run Slither via Docker	2026-01-08T21:54:04.7220330Z 6cf436f81810: Verifying Checksum
Static analysis (Slither)	Run Slither via Docker	2026-01-08T21:54:04.7223904Z 6cf436f81810: Download complete
Static analysis (Slither)	Run Slither via Docker	2026-01-08T21:54:05.5152675Z 0471f6728e08: Verifying Checksum
Static analysis (Slither)	Run Slither via Docker	2026-01-08T21:54:05.5153513Z 0471f6728e08: Download complete
Static analysis (Slither)	Run Slither via Docker	2026-01-08T21:54:05.5775237Z a230b3efebd1: Verifying Checksum
Static analysis (Slither)	Run Slither via Docker	2026-01-08T21:54:05.5777242Z a230b3efebd1: Download complete
Static analysis (Slither)	Run Slither via Docker	2026-01-08T21:54:05.7292791Z 6cf436f81810: Pull complete
Static analysis (Slither)	Run Slither via Docker	2026-01-08T21:54:05.8364479Z 987088a85b96: Pull complete
Static analysis (Slither)	Run Slither via Docker	2026-01-08T21:54:05.8527780Z b4624b3efe06: Pull complete
Static analysis (Slither)	Run Slither via Docker	2026-01-08T21:54:05.8655520Z d42beb8ded59: Pull complete
Static analysis (Slither)	Run Slither via Docker	2026-01-08T21:54:06.1642034Z ebe3b9b979c2: Verifying Checksum
Static analysis (Slither)	Run Slither via Docker	2026-01-08T21:54:06.1642874Z ebe3b9b979c2: Download complete
Static analysis (Slither)	Run Slither via Docker	2026-01-08T21:54:07.6524996Z d6a33a62e824: Verifying Checksum
Static analysis (Slither)	Run Slither via Docker	2026-01-08T21:54:07.6525677Z d6a33a62e824: Download complete
Static analysis (Slither)	Run Slither via Docker	2026-01-08T21:54:10.7442802Z d6a33a62e824: Pull complete
Static analysis (Slither)	Run Slither via Docker	2026-01-08T21:54:10.7846771Z a230b3efebd1: Pull complete
Static analysis (Slither)	Run Slither via Docker	2026-01-08T21:54:10.9117690Z 0471f6728e08: Pull complete
Static analysis (Slither)	Run Slither via Docker	2026-01-08T21:54:11.0029774Z ebe3b9b979c2: Pull complete
Static analysis (Slither)	Run Slither via Docker	2026-01-08T21:54:11.0068991Z Digest: sha256:ef584f1e53a3c118ae5d581bdf5be740f941dad0f40148be6e85bcae37f57133
Static analysis (Slither)	Run Slither via Docker	2026-01-08T21:54:11.0089072Z Status: Downloaded newer image for trailofbits/slither:latest
Static analysis (Slither)	Run Slither via Docker	2026-01-08T21:54:11.4781577Z ERROR:Slither:. does not exist (are you in the correct directory?)
Static analysis (Slither)	Run Slither via Docker	2026-01-08T21:54:11.5778822Z ##[error]Process completed with exit code 255.
Static analysis (Slither)	Post Checkout repository	ï»¿2026-01-08T21:54:11.5886153Z Post job cleanup.
Static analysis (Slither)	Post Checkout repository	2026-01-08T21:54:11.6859568Z [command]/usr/bin/git version
Static analysis (Slither)	Post Checkout repository	2026-01-08T21:54:11.6897857Z git version 2.52.0
Static analysis (Slither)	Post Checkout repository	2026-01-08T21:54:11.6942232Z Temporarily overriding HOME='/home/runner/work/_temp/40c3a531-9e83-4091-be10-082f11d6b5b0' before making global git config changes
Static analysis (Slither)	Post Checkout repository	2026-01-08T21:54:11.6943354Z Adding repository directory to the temporary git global config as a safe directory
Static analysis (Slither)	Post Checkout repository	2026-01-08T21:54:11.6948266Z [command]/usr/bin/git config --global --add safe.directory /home/runner/work/MinersWar/MinersWar
Static analysis (Slither)	Post Checkout repository	2026-01-08T21:54:11.6986556Z [command]/usr/bin/git config --local --name-only --get-regexp core\.sshCommand
Static analysis (Slither)	Post Checkout repository	2026-01-08T21:54:11.7019698Z [command]/usr/bin/git submodule foreach --recursive sh -c "git config --local --name-only --get-regexp 'core\.sshCommand' && git config --local --unset-all 'core.sshCommand' || :"
Static analysis (Slither)	Post Checkout repository	2026-01-08T21:54:11.7249888Z [command]/usr/bin/git config --local --name-only --get-regexp http\.https\:\/\/github\.com\/\.extraheader
Static analysis (Slither)	Post Checkout repository	2026-01-08T21:54:11.7270692Z http.https://github.com/.extraheader
Static analysis (Slither)	Post Checkout repository	2026-01-08T21:54:11.7283635Z [command]/usr/bin/git config --local --unset-all http.https://github.com/.extraheader
Static analysis (Slither)	Post Checkout repository	2026-01-08T21:54:11.7314601Z [command]/usr/bin/git submodule foreach --recursive sh -c "git config --local --name-only --get-regexp 'http\.https\:\/\/github\.com\/\.extraheader' && git config --local --unset-all 'http.https://github.com/.extraheader' || :"
Static analysis (Slither)	Post Checkout repository	2026-01-08T21:54:11.7538277Z [command]/usr/bin/git config --local --name-only --get-regexp ^includeIf\.gitdir:
Static analysis (Slither)	Post Checkout repository	2026-01-08T21:54:11.7570269Z [command]/usr/bin/git submodule foreach --recursive git config --local --show-origin --name-only --get-regexp remote.origin.url
Static analysis (Slither)	Complete job	ï»¿2026-01-08T21:54:11.7920482Z Cleaning up orphan processes
Coverage (optional)	Set up job	ï»¿2026-01-08T21:54:01.4250684Z Current runner version: '2.330.0'
Coverage (optional)	Set up job	2026-01-08T21:54:01.4277051Z ##[group]Runner Image Provisioner
Coverage (optional)	Set up job	2026-01-08T21:54:01.4277925Z Hosted Compute Agent
Coverage (optional)	Set up job	2026-01-08T21:54:01.4278523Z Version: 20251211.462
Coverage (optional)	Set up job	2026-01-08T21:54:01.4279147Z Commit: 6cbad8c2bb55d58165063d031ccabf57e2d2db61
Coverage (optional)	Set up job	2026-01-08T21:54:01.4279805Z Build Date: 2025-12-11T16:28:49Z
Coverage (optional)	Set up job	2026-01-08T21:54:01.4280486Z Worker ID: {c9bb18ce-a5d3-4184-b378-9b5b02cca44b}
Coverage (optional)	Set up job	2026-01-08T21:54:01.4281208Z ##[endgroup]
Coverage (optional)	Set up job	2026-01-08T21:54:01.4281703Z ##[group]Operating System
Coverage (optional)	Set up job	2026-01-08T21:54:01.4282308Z Ubuntu
Coverage (optional)	Set up job	2026-01-08T21:54:01.4282759Z 24.04.3
Coverage (optional)	Set up job	2026-01-08T21:54:01.4283208Z LTS
Coverage (optional)	Set up job	2026-01-08T21:54:01.4283611Z ##[endgroup]
Coverage (optional)	Set up job	2026-01-08T21:54:01.4284189Z ##[group]Runner Image
Coverage (optional)	Set up job	2026-01-08T21:54:01.4285134Z Image: ubuntu-24.04
Coverage (optional)	Set up job	2026-01-08T21:54:01.4285653Z Version: 20260105.202.1
Coverage (optional)	Set up job	2026-01-08T21:54:01.4286734Z Included Software: https://github.com/actions/runner-images/blob/ubuntu24/20260105.202/images/ubuntu/Ubuntu2404-Readme.md
Coverage (optional)	Set up job	2026-01-08T21:54:01.4288028Z Image Release: https://github.com/actions/runner-images/releases/tag/ubuntu24%2F20260105.202
Coverage (optional)	Set up job	2026-01-08T21:54:01.4289255Z ##[endgroup]
Coverage (optional)	Set up job	2026-01-08T21:54:01.4290304Z ##[group]GITHUB_TOKEN Permissions
Coverage (optional)	Set up job	2026-01-08T21:54:01.4292420Z Contents: read
Coverage (optional)	Set up job	2026-01-08T21:54:01.4292990Z Metadata: read
Coverage (optional)	Set up job	2026-01-08T21:54:01.4293461Z Packages: read
Coverage (optional)	Set up job	2026-01-08T21:54:01.4294038Z ##[endgroup]
Coverage (optional)	Set up job	2026-01-08T21:54:01.4296235Z Secret source: Actions
Coverage (optional)	Set up job	2026-01-08T21:54:01.4296957Z Prepare workflow directory
Coverage (optional)	Set up job	2026-01-08T21:54:01.4641777Z Prepare all required actions
Coverage (optional)	Set up job	2026-01-08T21:54:01.4680986Z Getting action download info
Coverage (optional)	Set up job	2026-01-08T21:54:01.8794839Z Download action repository 'actions/checkout@v4' (SHA:34e114876b0b11c390a56381ad16ebd13914f8d5)
Coverage (optional)	Set up job	2026-01-08T21:54:01.9844705Z Download action repository 'actions/setup-node@v4' (SHA:49933ea5288caeca8642d1e84afbd3f7d6820020)
Coverage (optional)	Set up job	2026-01-08T21:54:02.0788680Z Download action repository 'codecov/codecov-action@v4' (SHA:b9fd7d16f6d7d1b5d2bec1a2887e65ceed900238)
Coverage (optional)	Set up job	2026-01-08T21:54:02.7984510Z Complete job name: Coverage (optional)
Coverage (optional)	Checkout repository	ï»¿2026-01-08T21:54:02.8833609Z ##[group]Run actions/checkout@v4
Coverage (optional)	Checkout repository	2026-01-08T21:54:02.8835488Z with:
Coverage (optional)	Checkout repository	2026-01-08T21:54:02.8836289Z   repository: jrdbacosta/MinersWar
Coverage (optional)	Checkout repository	2026-01-08T21:54:02.8837587Z   token: ***
Coverage (optional)	Checkout repository	2026-01-08T21:54:02.8838315Z   ssh-strict: true
Coverage (optional)	Checkout repository	2026-01-08T21:54:02.8839062Z   ssh-user: git
Coverage (optional)	Checkout repository	2026-01-08T21:54:02.8839858Z   persist-credentials: true
Coverage (optional)	Checkout repository	2026-01-08T21:54:02.8840727Z   clean: true
Coverage (optional)	Checkout repository	2026-01-08T21:54:02.8841569Z   sparse-checkout-cone-mode: true
Coverage (optional)	Checkout repository	2026-01-08T21:54:02.8842538Z   fetch-depth: 1
Coverage (optional)	Checkout repository	2026-01-08T21:54:02.8843280Z   fetch-tags: false
Coverage (optional)	Checkout repository	2026-01-08T21:54:02.8844073Z   show-progress: true
Coverage (optional)	Checkout repository	2026-01-08T21:54:02.8844984Z   lfs: false
Coverage (optional)	Checkout repository	2026-01-08T21:54:02.8845701Z   submodules: false
Coverage (optional)	Checkout repository	2026-01-08T21:54:02.8846502Z   set-safe-directory: true
Coverage (optional)	Checkout repository	2026-01-08T21:54:02.8847712Z ##[endgroup]
Coverage (optional)	Checkout repository	2026-01-08T21:54:02.9951106Z Syncing repository: jrdbacosta/MinersWar
Coverage (optional)	Checkout repository	2026-01-08T21:54:02.9953848Z ##[group]Getting Git version info
Coverage (optional)	Checkout repository	2026-01-08T21:54:02.9955393Z Working directory is '/home/runner/work/MinersWar/MinersWar'
Coverage (optional)	Checkout repository	2026-01-08T21:54:02.9957524Z [command]/usr/bin/git version
Coverage (optional)	Checkout repository	2026-01-08T21:54:03.0029544Z git version 2.52.0
Coverage (optional)	Checkout repository	2026-01-08T21:54:03.0056606Z ##[endgroup]
Coverage (optional)	Checkout repository	2026-01-08T21:54:03.0072180Z Temporarily overriding HOME='/home/runner/work/_temp/041462c4-44c8-48cc-b70f-981d6f717a22' before making global git config changes
Coverage (optional)	Checkout repository	2026-01-08T21:54:03.0075701Z Adding repository directory to the temporary git global config as a safe directory
Coverage (optional)	Checkout repository	2026-01-08T21:54:03.0085130Z [command]/usr/bin/git config --global --add safe.directory /home/runner/work/MinersWar/MinersWar
Coverage (optional)	Checkout repository	2026-01-08T21:54:03.0127221Z Deleting the contents of '/home/runner/work/MinersWar/MinersWar'
Coverage (optional)	Checkout repository	2026-01-08T21:54:03.0131147Z ##[group]Initializing the repository
Coverage (optional)	Checkout repository	2026-01-08T21:54:03.0135403Z [command]/usr/bin/git init /home/runner/work/MinersWar/MinersWar
Coverage (optional)	Checkout repository	2026-01-08T21:54:03.0252639Z hint: Using 'master' as the name for the initial branch. This default branch name
Coverage (optional)	Checkout repository	2026-01-08T21:54:03.0255829Z hint: will change to "main" in Git 3.0. To configure the initial branch name
Coverage (optional)	Checkout repository	2026-01-08T21:54:03.0258148Z hint: to use in all of your new repositories, which will suppress this warning,
Coverage (optional)	Checkout repository	2026-01-08T21:54:03.0259661Z hint: call:
Coverage (optional)	Checkout repository	2026-01-08T21:54:03.0260354Z hint:
Coverage (optional)	Checkout repository	2026-01-08T21:54:03.0261578Z hint: 	git config --global init.defaultBranch <name>
Coverage (optional)	Checkout repository	2026-01-08T21:54:03.0263228Z hint:
Coverage (optional)	Checkout repository	2026-01-08T21:54:03.0264549Z hint: Names commonly chosen instead of 'master' are 'main', 'trunk' and
Coverage (optional)	Checkout repository	2026-01-08T21:54:03.0266361Z hint: 'development'. The just-created branch can be renamed via this command:
Coverage (optional)	Checkout repository	2026-01-08T21:54:03.0268207Z hint:
Coverage (optional)	Checkout repository	2026-01-08T21:54:03.0268964Z hint: 	git branch -m <name>
Coverage (optional)	Checkout repository	2026-01-08T21:54:03.0269813Z hint:
Coverage (optional)	Checkout repository	2026-01-08T21:54:03.0270973Z hint: Disable this message with "git config set advice.defaultBranchName false"
Coverage (optional)	Checkout repository	2026-01-08T21:54:03.0272944Z Initialized empty Git repository in /home/runner/work/MinersWar/MinersWar/.git/
Coverage (optional)	Checkout repository	2026-01-08T21:54:03.0276410Z [command]/usr/bin/git remote add origin https://github.com/jrdbacosta/MinersWar
Coverage (optional)	Checkout repository	2026-01-08T21:54:03.0306637Z ##[endgroup]
Coverage (optional)	Checkout repository	2026-01-08T21:54:03.0308003Z ##[group]Disabling automatic garbage collection
Coverage (optional)	Checkout repository	2026-01-08T21:54:03.0310225Z [command]/usr/bin/git config --local gc.auto 0
Coverage (optional)	Checkout repository	2026-01-08T21:54:03.0343270Z ##[endgroup]
Coverage (optional)	Checkout repository	2026-01-08T21:54:03.0345760Z ##[group]Setting up auth
Coverage (optional)	Checkout repository	2026-01-08T21:54:03.0351557Z [command]/usr/bin/git config --local --name-only --get-regexp core\.sshCommand
Coverage (optional)	Checkout repository	2026-01-08T21:54:03.0386019Z [command]/usr/bin/git submodule foreach --recursive sh -c "git config --local --name-only --get-regexp 'core\.sshCommand' && git config --local --unset-all 'core.sshCommand' || :"
Coverage (optional)	Checkout repository	2026-01-08T21:54:03.0738397Z [command]/usr/bin/git config --local --name-only --get-regexp http\.https\:\/\/github\.com\/\.extraheader
Coverage (optional)	Checkout repository	2026-01-08T21:54:03.0774869Z [command]/usr/bin/git submodule foreach --recursive sh -c "git config --local --name-only --get-regexp 'http\.https\:\/\/github\.com\/\.extraheader' && git config --local --unset-all 'http.https://github.com/.extraheader' || :"
Coverage (optional)	Checkout repository	2026-01-08T21:54:03.1001142Z [command]/usr/bin/git config --local --name-only --get-regexp ^includeIf\.gitdir:
Coverage (optional)	Checkout repository	2026-01-08T21:54:03.1034998Z [command]/usr/bin/git submodule foreach --recursive git config --local --show-origin --name-only --get-regexp remote.origin.url
Coverage (optional)	Checkout repository	2026-01-08T21:54:03.1272387Z [command]/usr/bin/git config --local http.https://github.com/.extraheader AUTHORIZATION: basic ***
Coverage (optional)	Checkout repository	2026-01-08T21:54:03.1308182Z ##[endgroup]
Coverage (optional)	Checkout repository	2026-01-08T21:54:03.1309629Z ##[group]Fetching the repository
Coverage (optional)	Checkout repository	2026-01-08T21:54:03.1317707Z [command]/usr/bin/git -c protocol.version=2 fetch --no-tags --prune --no-recurse-submodules --depth=1 origin +9f5bf821bc27115d1efdd4b9d079723e75be2a52:refs/remotes/origin/main
Coverage (optional)	Checkout repository	2026-01-08T21:54:04.2237995Z From https://github.com/jrdbacosta/MinersWar
Coverage (optional)	Checkout repository	2026-01-08T21:54:04.2240233Z  * [new ref]         9f5bf821bc27115d1efdd4b9d079723e75be2a52 -> origin/main
Coverage (optional)	Checkout repository	2026-01-08T21:54:04.2301416Z ##[endgroup]
Coverage (optional)	Checkout repository	2026-01-08T21:54:04.2303096Z ##[group]Determining the checkout info
Coverage (optional)	Checkout repository	2026-01-08T21:54:04.2305028Z ##[endgroup]
Coverage (optional)	Checkout repository	2026-01-08T21:54:04.2308707Z [command]/usr/bin/git sparse-checkout disable
Coverage (optional)	Checkout repository	2026-01-08T21:54:04.2352130Z [command]/usr/bin/git config --local --unset-all extensions.worktreeConfig
Coverage (optional)	Checkout repository	2026-01-08T21:54:04.2379286Z ##[group]Checking out the ref
Coverage (optional)	Checkout repository	2026-01-08T21:54:04.2383310Z [command]/usr/bin/git checkout --progress --force -B main refs/remotes/origin/main
Coverage (optional)	Checkout repository	2026-01-08T21:54:04.2519787Z Switched to a new branch 'main'
Coverage (optional)	Checkout repository	2026-01-08T21:54:04.2521735Z branch 'main' set up to track 'origin/main'.
Coverage (optional)	Checkout repository	2026-01-08T21:54:04.2530077Z ##[endgroup]
Coverage (optional)	Checkout repository	2026-01-08T21:54:04.2568152Z [command]/usr/bin/git log -1 --format=%H
Coverage (optional)	Checkout repository	2026-01-08T21:54:04.2592897Z 9f5bf821bc27115d1efdd4b9d079723e75be2a52
Coverage (optional)	Setup Node.js	ï»¿2026-01-08T21:54:04.2912629Z ##[group]Run actions/setup-node@v4
Coverage (optional)	Setup Node.js	2026-01-08T21:54:04.2913626Z with:
Coverage (optional)	Setup Node.js	2026-01-08T21:54:04.2914478Z   node-version: 22
Coverage (optional)	Setup Node.js	2026-01-08T21:54:04.2915254Z   always-auth: false
Coverage (optional)	Setup Node.js	2026-01-08T21:54:04.2916008Z   check-latest: false
Coverage (optional)	Setup Node.js	2026-01-08T21:54:04.2917051Z   token: ***
Coverage (optional)	Setup Node.js	2026-01-08T21:54:04.2917733Z ##[endgroup]
Coverage (optional)	Setup Node.js	2026-01-08T21:54:04.4808175Z Found in cache @ /opt/hostedtoolcache/node/22.21.1/x64
Coverage (optional)	Setup Node.js	2026-01-08T21:54:04.4814949Z ##[group]Environment details
Coverage (optional)	Setup Node.js	2026-01-08T21:54:04.8596876Z node: v22.21.1
Coverage (optional)	Setup Node.js	2026-01-08T21:54:04.8597604Z npm: 10.9.4
Coverage (optional)	Setup Node.js	2026-01-08T21:54:04.8598033Z yarn: 1.22.22
Coverage (optional)	Setup Node.js	2026-01-08T21:54:04.8598952Z ##[endgroup]
Coverage (optional)	Install dependencies	ï»¿2026-01-08T21:54:04.8714021Z ##[group]Run npm ci
Coverage (optional)	Install dependencies	2026-01-08T21:54:04.8714742Z [36;1mnpm ci[0m
Coverage (optional)	Install dependencies	2026-01-08T21:54:04.8763687Z shell: /usr/bin/bash -e {0}
Coverage (optional)	Install dependencies	2026-01-08T21:54:04.8764066Z ##[endgroup]
Coverage (optional)	Install dependencies	2026-01-08T21:54:07.0102748Z npm warn deprecated rimraf@3.0.2: Rimraf versions prior to v4 are no longer supported
Coverage (optional)	Install dependencies	2026-01-08T21:54:07.5183052Z npm warn deprecated inflight@1.0.6: This module is not supported, and leaks memory. Do not use it. Check out lru-cache if you want a good and tested way to coalesce async requests by a key value, which is much more comprehensive and powerful.
Coverage (optional)	Install dependencies	2026-01-08T21:54:08.7940003Z npm warn deprecated @humanwhocodes/object-schema@2.0.3: Use @eslint/object-schema instead
Coverage (optional)	Install dependencies	2026-01-08T21:54:08.8324658Z npm warn deprecated @humanwhocodes/config-array@0.13.0: Use @eslint/config-array instead
Coverage (optional)	Install dependencies	2026-01-08T21:54:09.0566570Z npm warn deprecated glob@7.1.7: Glob versions prior to v9 are no longer supported
Coverage (optional)	Install dependencies	2026-01-08T21:54:09.0722237Z npm warn deprecated glob@7.2.3: Glob versions prior to v9 are no longer supported
Coverage (optional)	Install dependencies	2026-01-08T21:54:11.3650509Z npm warn deprecated eslint@8.57.1: This version is no longer supported. Please see https://eslint.org/version-support for other options.
Coverage (optional)	Install dependencies	2026-01-08T21:54:13.3769294Z 
Coverage (optional)	Install dependencies	2026-01-08T21:54:13.3770152Z added 489 packages, and audited 490 packages in 8s
Coverage (optional)	Install dependencies	2026-01-08T21:54:13.3770710Z 
Coverage (optional)	Install dependencies	2026-01-08T21:54:13.3773677Z 176 packages are looking for funding
Coverage (optional)	Install dependencies	2026-01-08T21:54:13.3774638Z   run `npm fund` for details
Coverage (optional)	Install dependencies	2026-01-08T21:54:13.3785251Z 
Coverage (optional)	Install dependencies	2026-01-08T21:54:13.3785583Z found 0 vulnerabilities
Coverage (optional)	Generate coverage indicator	ï»¿2026-01-08T21:54:13.4552014Z ##[group]Run if [ -f coverage/lcov.info ]; then echo "exists=true" >> $GITHUB_OUTPUT; else echo "exists=false" >> $GITHUB_OUTPUT; fi
Coverage (optional)	Generate coverage indicator	2026-01-08T21:54:13.4552957Z [36;1mif [ -f coverage/lcov.info ]; then echo "exists=true" >> $GITHUB_OUTPUT; else echo "exists=false" >> $GITHUB_OUTPUT; fi[0m
Coverage (optional)	Generate coverage indicator	2026-01-08T21:54:13.4586594Z shell: /usr/bin/bash -e {0}
Coverage (optional)	Generate coverage indicator	2026-01-08T21:54:13.4586863Z ##[endgroup]
Coverage (optional)	Post Setup Node.js	ï»¿2026-01-08T21:54:13.4747592Z Post job cleanup.
Coverage (optional)	Post Checkout repository	ï»¿2026-01-08T21:54:13.6569154Z Post job cleanup.
Coverage (optional)	Post Checkout repository	2026-01-08T21:54:13.7575437Z [command]/usr/bin/git version
Coverage (optional)	Post Checkout repository	2026-01-08T21:54:13.7621091Z git version 2.52.0
Coverage (optional)	Post Checkout repository	2026-01-08T21:54:13.7670325Z Temporarily overriding HOME='/home/runner/work/_temp/1b40d8e6-df92-43f4-8026-0ea2aef2b910' before making global git config changes
Coverage (optional)	Post Checkout repository	2026-01-08T21:54:13.7671886Z Adding repository directory to the temporary git global config as a safe directory
Coverage (optional)	Post Checkout repository	2026-01-08T21:54:13.7676638Z [command]/usr/bin/git config --global --add safe.directory /home/runner/work/MinersWar/MinersWar
Coverage (optional)	Post Checkout repository	2026-01-08T21:54:13.7721837Z [command]/usr/bin/git config --local --name-only --get-regexp core\.sshCommand
Coverage (optional)	Post Checkout repository	2026-01-08T21:54:13.7760751Z [command]/usr/bin/git submodule foreach --recursive sh -c "git config --local --name-only --get-regexp 'core\.sshCommand' && git config --local --unset-all 'core.sshCommand' || :"
Coverage (optional)	Post Checkout repository	2026-01-08T21:54:13.8018557Z [command]/usr/bin/git config --local --name-only --get-regexp http\.https\:\/\/github\.com\/\.extraheader
Coverage (optional)	Post Checkout repository	2026-01-08T21:54:13.8042675Z http.https://github.com/.extraheader
Coverage (optional)	Post Checkout repository	2026-01-08T21:54:13.8058179Z [command]/usr/bin/git config --local --unset-all http.https://github.com/.extraheader
Coverage (optional)	Post Checkout repository	2026-01-08T21:54:13.8095510Z [command]/usr/bin/git submodule foreach --recursive sh -c "git config --local --name-only --get-regexp 'http\.https\:\/\/github\.com\/\.extraheader' && git config --local --unset-all 'http.https://github.com/.extraheader' || :"
Coverage (optional)	Post Checkout repository	2026-01-08T21:54:13.8344549Z [command]/usr/bin/git config --local --name-only --get-regexp ^includeIf\.gitdir:
Coverage (optional)	Post Checkout repository	2026-01-08T21:54:13.8380971Z [command]/usr/bin/git submodule foreach --recursive git config --local --show-origin --name-only --get-regexp remote.origin.url
Coverage (optional)	Complete job	ï»¿2026-01-08T21:54:13.8757307Z Cleaning up orphan processes
Frontend build	Set up job	ï»¿2026-01-08T21:54:01.4242717Z Current runner version: '2.330.0'
Frontend build	Set up job	2026-01-08T21:54:01.4269671Z ##[group]Runner Image Provisioner
Frontend build	Set up job	2026-01-08T21:54:01.4270523Z Hosted Compute Agent
Frontend build	Set up job	2026-01-08T21:54:01.4271053Z Version: 20251211.462
Frontend build	Set up job	2026-01-08T21:54:01.4271634Z Commit: 6cbad8c2bb55d58165063d031ccabf57e2d2db61
Frontend build	Set up job	2026-01-08T21:54:01.4272274Z Build Date: 2025-12-11T16:28:49Z
Frontend build	Set up job	2026-01-08T21:54:01.4272851Z Worker ID: {136007be-895b-4649-b096-442175f805c2}
Frontend build	Set up job	2026-01-08T21:54:01.4273498Z ##[endgroup]
Frontend build	Set up job	2026-01-08T21:54:01.4273950Z ##[group]Operating System
Frontend build	Set up job	2026-01-08T21:54:01.4274613Z Ubuntu
Frontend build	Set up job	2026-01-08T21:54:01.4275037Z 24.04.3
Frontend build	Set up job	2026-01-08T21:54:01.4275469Z LTS
Frontend build	Set up job	2026-01-08T21:54:01.4275836Z ##[endgroup]
Frontend build	Set up job	2026-01-08T21:54:01.4276351Z ##[group]Runner Image
Frontend build	Set up job	2026-01-08T21:54:01.4276844Z Image: ubuntu-24.04
Frontend build	Set up job	2026-01-08T21:54:01.4277256Z Version: 20260105.202.1
Frontend build	Set up job	2026-01-08T21:54:01.4278202Z Included Software: https://github.com/actions/runner-images/blob/ubuntu24/20260105.202/images/ubuntu/Ubuntu2404-Readme.md
Frontend build	Set up job	2026-01-08T21:54:01.4279365Z Image Release: https://github.com/actions/runner-images/releases/tag/ubuntu24%2F20260105.202
Frontend build	Set up job	2026-01-08T21:54:01.4280483Z ##[endgroup]
Frontend build	Set up job	2026-01-08T21:54:01.4281433Z ##[group]GITHUB_TOKEN Permissions
Frontend build	Set up job	2026-01-08T21:54:01.4283638Z Contents: read
Frontend build	Set up job	2026-01-08T21:54:01.4284160Z Metadata: read
Frontend build	Set up job	2026-01-08T21:54:01.4284729Z Packages: read
Frontend build	Set up job	2026-01-08T21:54:01.4285270Z ##[endgroup]
Frontend build	Set up job	2026-01-08T21:54:01.4287387Z Secret source: Actions
Frontend build	Set up job	2026-01-08T21:54:01.4288021Z Prepare workflow directory
Frontend build	Set up job	2026-01-08T21:54:01.4667364Z Prepare all required actions
Frontend build	Set up job	2026-01-08T21:54:01.4708045Z Getting action download info
Frontend build	Set up job	2026-01-08T21:54:01.8480108Z Download action repository 'actions/checkout@v4' (SHA:34e114876b0b11c390a56381ad16ebd13914f8d5)
Frontend build	Set up job	2026-01-08T21:54:01.9590865Z Download action repository 'actions/setup-node@v4' (SHA:49933ea5288caeca8642d1e84afbd3f7d6820020)
Frontend build	Set up job	2026-01-08T21:54:02.2966424Z Complete job name: Frontend build
Frontend build	Checkout repository	ï»¿2026-01-08T21:54:02.3660487Z ##[group]Run actions/checkout@v4
Frontend build	Checkout repository	2026-01-08T21:54:02.3661507Z with:
Frontend build	Checkout repository	2026-01-08T21:54:02.3662147Z   repository: jrdbacosta/MinersWar
Frontend build	Checkout repository	2026-01-08T21:54:02.3663069Z   token: ***
Frontend build	Checkout repository	2026-01-08T21:54:02.3663582Z   ssh-strict: true
Frontend build	Checkout repository	2026-01-08T21:54:02.3664160Z   ssh-user: git
Frontend build	Checkout repository	2026-01-08T21:54:02.3664813Z   persist-credentials: true
Frontend build	Checkout repository	2026-01-08T21:54:02.3665395Z   clean: true
Frontend build	Checkout repository	2026-01-08T21:54:02.3665872Z   sparse-checkout-cone-mode: true
Frontend build	Checkout repository	2026-01-08T21:54:02.3666540Z   fetch-depth: 1
Frontend build	Checkout repository	2026-01-08T21:54:02.3667022Z   fetch-tags: false
Frontend build	Checkout repository	2026-01-08T21:54:02.3667519Z   show-progress: true
Frontend build	Checkout repository	2026-01-08T21:54:02.3668110Z   lfs: false
Frontend build	Checkout repository	2026-01-08T21:54:02.3668595Z   submodules: false
Frontend build	Checkout repository	2026-01-08T21:54:02.3669214Z   set-safe-directory: true
Frontend build	Checkout repository	2026-01-08T21:54:02.3670148Z ##[endgroup]
Frontend build	Checkout repository	2026-01-08T21:54:02.4782638Z Syncing repository: jrdbacosta/MinersWar
Frontend build	Checkout repository	2026-01-08T21:54:02.4785065Z ##[group]Getting Git version info
Frontend build	Checkout repository	2026-01-08T21:54:02.4786218Z Working directory is '/home/runner/work/MinersWar/MinersWar'
Frontend build	Checkout repository	2026-01-08T21:54:02.4787477Z [command]/usr/bin/git version
Frontend build	Checkout repository	2026-01-08T21:54:02.4825447Z git version 2.52.0
Frontend build	Checkout repository	2026-01-08T21:54:02.4851626Z ##[endgroup]
Frontend build	Checkout repository	2026-01-08T21:54:02.4878643Z Temporarily overriding HOME='/home/runner/work/_temp/e8a3798a-3eb2-4ef3-a14d-a89546dcf4db' before making global git config changes
Frontend build	Checkout repository	2026-01-08T21:54:02.4886395Z Adding repository directory to the temporary git global config as a safe directory
Frontend build	Checkout repository	2026-01-08T21:54:02.4889060Z [command]/usr/bin/git config --global --add safe.directory /home/runner/work/MinersWar/MinersWar
Frontend build	Checkout repository	2026-01-08T21:54:02.4929011Z Deleting the contents of '/home/runner/work/MinersWar/MinersWar'
Frontend build	Checkout repository	2026-01-08T21:54:02.4932997Z ##[group]Initializing the repository
Frontend build	Checkout repository	2026-01-08T21:54:02.4938422Z [command]/usr/bin/git init /home/runner/work/MinersWar/MinersWar
Frontend build	Checkout repository	2026-01-08T21:54:02.5028046Z hint: Using 'master' as the name for the initial branch. This default branch name
Frontend build	Checkout repository	2026-01-08T21:54:02.5030302Z hint: will change to "main" in Git 3.0. To configure the initial branch name
Frontend build	Checkout repository	2026-01-08T21:54:02.5032423Z hint: to use in all of your new repositories, which will suppress this warning,
Frontend build	Checkout repository	2026-01-08T21:54:02.5034115Z hint: call:
Frontend build	Checkout repository	2026-01-08T21:54:02.5035548Z hint:
Frontend build	Checkout repository	2026-01-08T21:54:02.5036853Z hint: 	git config --global init.defaultBranch <name>
Frontend build	Checkout repository	2026-01-08T21:54:02.5038260Z hint:
Frontend build	Checkout repository	2026-01-08T21:54:02.5039505Z hint: Names commonly chosen instead of 'master' are 'main', 'trunk' and
Frontend build	Checkout repository	2026-01-08T21:54:02.5041499Z hint: 'development'. The just-created branch can be renamed via this command:
Frontend build	Checkout repository	2026-01-08T21:54:02.5043146Z hint:
Frontend build	Checkout repository	2026-01-08T21:54:02.5044127Z hint: 	git branch -m <name>
Frontend build	Checkout repository	2026-01-08T21:54:02.5045291Z hint:
Frontend build	Checkout repository	2026-01-08T21:54:02.5046751Z hint: Disable this message with "git config set advice.defaultBranchName false"
Frontend build	Checkout repository	2026-01-08T21:54:02.5049051Z Initialized empty Git repository in /home/runner/work/MinersWar/MinersWar/.git/
Frontend build	Checkout repository	2026-01-08T21:54:02.5052737Z [command]/usr/bin/git remote add origin https://github.com/jrdbacosta/MinersWar
Frontend build	Checkout repository	2026-01-08T21:54:02.5085748Z ##[endgroup]
Frontend build	Checkout repository	2026-01-08T21:54:02.5087494Z ##[group]Disabling automatic garbage collection
Frontend build	Checkout repository	2026-01-08T21:54:02.5090013Z [command]/usr/bin/git config --local gc.auto 0
Frontend build	Checkout repository	2026-01-08T21:54:02.5119890Z ##[endgroup]
Frontend build	Checkout repository	2026-01-08T21:54:02.5121560Z ##[group]Setting up auth
Frontend build	Checkout repository	2026-01-08T21:54:02.5128079Z [command]/usr/bin/git config --local --name-only --get-regexp core\.sshCommand
Frontend build	Checkout repository	2026-01-08T21:54:02.5158896Z [command]/usr/bin/git submodule foreach --recursive sh -c "git config --local --name-only --get-regexp 'core\.sshCommand' && git config --local --unset-all 'core.sshCommand' || :"
Frontend build	Checkout repository	2026-01-08T21:54:02.5455651Z [command]/usr/bin/git config --local --name-only --get-regexp http\.https\:\/\/github\.com\/\.extraheader
Frontend build	Checkout repository	2026-01-08T21:54:02.5485875Z [command]/usr/bin/git submodule foreach --recursive sh -c "git config --local --name-only --get-regexp 'http\.https\:\/\/github\.com\/\.extraheader' && git config --local --unset-all 'http.https://github.com/.extraheader' || :"
Frontend build	Checkout repository	2026-01-08T21:54:02.5671600Z [command]/usr/bin/git config --local --name-only --get-regexp ^includeIf\.gitdir:
Frontend build	Checkout repository	2026-01-08T21:54:02.5704350Z [command]/usr/bin/git submodule foreach --recursive git config --local --show-origin --name-only --get-regexp remote.origin.url
Frontend build	Checkout repository	2026-01-08T21:54:02.5891567Z [command]/usr/bin/git config --local http.https://github.com/.extraheader AUTHORIZATION: basic ***
Frontend build	Checkout repository	2026-01-08T21:54:02.5923415Z ##[endgroup]
Frontend build	Checkout repository	2026-01-08T21:54:02.5924720Z ##[group]Fetching the repository
Frontend build	Checkout repository	2026-01-08T21:54:02.5932172Z [command]/usr/bin/git -c protocol.version=2 fetch --no-tags --prune --no-recurse-submodules --depth=1 origin +9f5bf821bc27115d1efdd4b9d079723e75be2a52:refs/remotes/origin/main
Frontend build	Checkout repository	2026-01-08T21:54:03.4322741Z From https://github.com/jrdbacosta/MinersWar
Frontend build	Checkout repository	2026-01-08T21:54:03.4325594Z  * [new ref]         9f5bf821bc27115d1efdd4b9d079723e75be2a52 -> origin/main
Frontend build	Checkout repository	2026-01-08T21:54:03.4349900Z ##[endgroup]
Frontend build	Checkout repository	2026-01-08T21:54:03.4351491Z ##[group]Determining the checkout info
Frontend build	Checkout repository	2026-01-08T21:54:03.4353047Z ##[endgroup]
Frontend build	Checkout repository	2026-01-08T21:54:03.4356367Z [command]/usr/bin/git sparse-checkout disable
Frontend build	Checkout repository	2026-01-08T21:54:03.4389670Z [command]/usr/bin/git config --local --unset-all extensions.worktreeConfig
Frontend build	Checkout repository	2026-01-08T21:54:03.4412328Z ##[group]Checking out the ref
Frontend build	Checkout repository	2026-01-08T21:54:03.4415129Z [command]/usr/bin/git checkout --progress --force -B main refs/remotes/origin/main
Frontend build	Checkout repository	2026-01-08T21:54:03.4522332Z Switched to a new branch 'main'
Frontend build	Checkout repository	2026-01-08T21:54:03.4523906Z branch 'main' set up to track 'origin/main'.
Frontend build	Checkout repository	2026-01-08T21:54:03.4531202Z ##[endgroup]
Frontend build	Checkout repository	2026-01-08T21:54:03.4563871Z [command]/usr/bin/git log -1 --format=%H
Frontend build	Checkout repository	2026-01-08T21:54:03.4583320Z 9f5bf821bc27115d1efdd4b9d079723e75be2a52
Frontend build	Setup Node.js for frontend	ï»¿2026-01-08T21:54:03.4897292Z ##[group]Run actions/setup-node@v4
Frontend build	Setup Node.js for frontend	2026-01-08T21:54:03.4898469Z with:
Frontend build	Setup Node.js for frontend	2026-01-08T21:54:03.4899309Z   node-version: 22
Frontend build	Setup Node.js for frontend	2026-01-08T21:54:03.4900181Z   cache: npm
Frontend build	Setup Node.js for frontend	2026-01-08T21:54:03.4901031Z   always-auth: false
Frontend build	Setup Node.js for frontend	2026-01-08T21:54:03.4901951Z   check-latest: false
Frontend build	Setup Node.js for frontend	2026-01-08T21:54:03.4903194Z   token: ***
Frontend build	Setup Node.js for frontend	2026-01-08T21:54:03.4904011Z ##[endgroup]
Frontend build	Setup Node.js for frontend	2026-01-08T21:54:03.7930806Z Found in cache @ /opt/hostedtoolcache/node/22.21.1/x64
Frontend build	Setup Node.js for frontend	2026-01-08T21:54:03.7936140Z ##[group]Environment details
Frontend build	Setup Node.js for frontend	2026-01-08T21:54:13.0872862Z node: v22.21.1
Frontend build	Setup Node.js for frontend	2026-01-08T21:54:13.0874267Z npm: 10.9.4
Frontend build	Setup Node.js for frontend	2026-01-08T21:54:13.0874720Z yarn: 1.22.22
Frontend build	Setup Node.js for frontend	2026-01-08T21:54:13.0875699Z ##[endgroup]
Frontend build	Setup Node.js for frontend	2026-01-08T21:54:13.0893914Z [command]/opt/hostedtoolcache/node/22.21.1/x64/bin/npm config get cache
Frontend build	Setup Node.js for frontend	2026-01-08T21:54:13.7314137Z /home/runner/.npm
Frontend build	Setup Node.js for frontend	2026-01-08T21:54:13.9630775Z Cache hit for: node-cache-Linux-x64-npm-f572aa0531c7894b6454d0fadc11f9cb912cb429e8ba3e7b183be415d898ca72
Frontend build	Setup Node.js for frontend	2026-01-08T21:54:15.1964045Z Received 33554432 of 125731024 (26.7%), 32.0 MBs/sec
Frontend build	Setup Node.js for frontend	2026-01-08T21:54:15.8060941Z Received 125731024 of 125731024 (100.0%), 74.5 MBs/sec
Frontend build	Setup Node.js for frontend	2026-01-08T21:54:15.8062717Z Cache Size: ~120 MB (125731024 B)
Frontend build	Setup Node.js for frontend	2026-01-08T21:54:15.8135539Z [command]/usr/bin/tar -xf /home/runner/work/_temp/e613e985-7b66-4351-a5ff-4a8c44c9ccbd/cache.tzst -P -C /home/runner/work/MinersWar/MinersWar --use-compress-program unzstd
Frontend build	Setup Node.js for frontend	2026-01-08T21:54:15.9811520Z Cache restored successfully
Frontend build	Setup Node.js for frontend	2026-01-08T21:54:15.9979379Z Cache restored from key: node-cache-Linux-x64-npm-f572aa0531c7894b6454d0fadc11f9cb912cb429e8ba3e7b183be415d898ca72
Frontend build	Install frontend dependencies	ï»¿2026-01-08T21:54:16.0119804Z ##[group]Run npm ci
Frontend build	Install frontend dependencies	2026-01-08T21:54:16.0120170Z [36;1mnpm ci[0m
Frontend build	Install frontend dependencies	2026-01-08T21:54:16.0156597Z shell: /usr/bin/bash -e {0}
Frontend build	Install frontend dependencies	2026-01-08T21:54:16.0156921Z ##[endgroup]
Frontend build	Install frontend dependencies	2026-01-08T21:54:19.2058780Z npm error code EUSAGE
Frontend build	Install frontend dependencies	2026-01-08T21:54:19.2059331Z npm error
Frontend build	Install frontend dependencies	2026-01-08T21:54:19.2060926Z npm error `npm ci` can only install packages when your package.json and package-lock.json or npm-shrinkwrap.json are in sync. Please update your lock file with `npm install` before continuing.
Frontend build	Install frontend dependencies	2026-01-08T21:54:19.2061850Z npm error
Frontend build	Install frontend dependencies	2026-01-08T21:54:19.2062158Z npm error Missing: yaml@2.8.2 from lock file
Frontend build	Install frontend dependencies	2026-01-08T21:54:19.2062489Z npm error
Frontend build	Install frontend dependencies	2026-01-08T21:54:19.2062757Z npm error Clean install a project
Frontend build	Install frontend dependencies	2026-01-08T21:54:19.2063002Z npm error
Frontend build	Install frontend dependencies	2026-01-08T21:54:19.2063206Z npm error Usage:
Frontend build	Install frontend dependencies	2026-01-08T21:54:19.2063436Z npm error npm ci
Frontend build	Install frontend dependencies	2026-01-08T21:54:19.2063649Z npm error
Frontend build	Install frontend dependencies	2026-01-08T21:54:19.2063847Z npm error Options:
Frontend build	Install frontend dependencies	2026-01-08T21:54:19.2064312Z npm error [--install-strategy <hoisted|nested|shallow|linked>] [--legacy-bundling]
Frontend build	Install frontend dependencies	2026-01-08T21:54:19.2065304Z npm error [--global-style] [--omit <dev|optional|peer> [--omit <dev|optional|peer> ...]]
Frontend build	Install frontend dependencies	2026-01-08T21:54:19.2065929Z npm error [--include <prod|dev|optional|peer> [--include <prod|dev|optional|peer> ...]]
Frontend build	Install frontend dependencies	2026-01-08T21:54:19.2066559Z npm error [--strict-peer-deps] [--foreground-scripts] [--ignore-scripts] [--no-audit]
Frontend build	Install frontend dependencies	2026-01-08T21:54:19.2067063Z npm error [--no-bin-links] [--no-fund] [--dry-run]
Frontend build	Install frontend dependencies	2026-01-08T21:54:19.2067572Z npm error [-w|--workspace <workspace-name> [-w|--workspace <workspace-name> ...]]
Frontend build	Install frontend dependencies	2026-01-08T21:54:19.2068120Z npm error [-ws|--workspaces] [--include-workspace-root] [--install-links]
Frontend build	Install frontend dependencies	2026-01-08T21:54:19.2068480Z npm error
Frontend build	Install frontend dependencies	2026-01-08T21:54:19.2068828Z npm error aliases: clean-install, ic, install-clean, isntall-clean
Frontend build	Install frontend dependencies	2026-01-08T21:54:19.2069167Z npm error
Frontend build	Install frontend dependencies	2026-01-08T21:54:19.2069413Z npm error Run "npm help ci" for more info
Frontend build	Install frontend dependencies	2026-01-08T21:54:19.2069999Z npm error A complete log of this run can be found in: /home/runner/.npm/_logs/2026-01-08T21_54_16_066Z-debug-0.log
Frontend build	Install frontend dependencies	2026-01-08T21:54:19.2304303Z ##[error]Process completed with exit code 1.
Frontend build	Post Checkout repository	ï»¿2026-01-08T21:54:19.2419965Z Post job cleanup.
Frontend build	Post Checkout repository	2026-01-08T21:54:19.3321294Z [command]/usr/bin/git version
Frontend build	Post Checkout repository	2026-01-08T21:54:19.3355722Z git version 2.52.0
Frontend build	Post Checkout repository	2026-01-08T21:54:19.3395400Z Temporarily overriding HOME='/home/runner/work/_temp/a0205e3c-740f-40b1-a44a-8a47d30b77ac' before making global git config changes
Frontend build	Post Checkout repository	2026-01-08T21:54:19.3396962Z Adding repository directory to the temporary git global config as a safe directory
Frontend build	Post Checkout repository	2026-01-08T21:54:19.3401753Z [command]/usr/bin/git config --global --add safe.directory /home/runner/work/MinersWar/MinersWar
Frontend build	Post Checkout repository	2026-01-08T21:54:19.3435474Z [command]/usr/bin/git config --local --name-only --get-regexp core\.sshCommand
Frontend build	Post Checkout repository	2026-01-08T21:54:19.3464106Z [command]/usr/bin/git submodule foreach --recursive sh -c "git config --local --name-only --get-regexp 'core\.sshCommand' && git config --local --unset-all 'core.sshCommand' || :"
Frontend build	Post Checkout repository	2026-01-08T21:54:19.3656202Z [command]/usr/bin/git config --local --name-only --get-regexp http\.https\:\/\/github\.com\/\.extraheader
Frontend build	Post Checkout repository	2026-01-08T21:54:19.3676549Z http.https://github.com/.extraheader
Frontend build	Post Checkout repository	2026-01-08T21:54:19.3688438Z [command]/usr/bin/git config --local --unset-all http.https://github.com/.extraheader
Frontend build	Post Checkout repository	2026-01-08T21:54:19.3716591Z [command]/usr/bin/git submodule foreach --recursive sh -c "git config --local --name-only --get-regexp 'http\.https\:\/\/github\.com\/\.extraheader' && git config --local --unset-all 'http.https://github.com/.extraheader' || :"
Frontend build	Post Checkout repository	2026-01-08T21:54:19.3897593Z [command]/usr/bin/git config --local --name-only --get-regexp ^includeIf\.gitdir:
Frontend build	Post Checkout repository	2026-01-08T21:54:19.3924170Z [command]/usr/bin/git submodule foreach --recursive git config --local --show-origin --name-only --get-regexp remote.origin.url
Frontend build	Complete job	ï»¿2026-01-08T21:54:19.4205482Z Cleaning up orphan processes
