Hardhat tests (Node 22)	UNKNOWN STEP	ï»¿2026-01-08T23:13:47.9931664Z Current runner version: '2.330.0'
Hardhat tests (Node 22)	UNKNOWN STEP	2026-01-08T23:13:47.9954578Z ##[group]Runner Image Provisioner
Hardhat tests (Node 22)	UNKNOWN STEP	2026-01-08T23:13:47.9955407Z Hosted Compute Agent
Hardhat tests (Node 22)	UNKNOWN STEP	2026-01-08T23:13:47.9955930Z Version: 20251211.462
Hardhat tests (Node 22)	UNKNOWN STEP	2026-01-08T23:13:47.9956614Z Commit: 6cbad8c2bb55d58165063d031ccabf57e2d2db61
Hardhat tests (Node 22)	UNKNOWN STEP	2026-01-08T23:13:47.9957327Z Build Date: 2025-12-11T16:28:49Z
Hardhat tests (Node 22)	UNKNOWN STEP	2026-01-08T23:13:47.9957980Z Worker ID: {c71d0be4-7fee-4cfd-80e8-31113d4c43cf}
Hardhat tests (Node 22)	UNKNOWN STEP	2026-01-08T23:13:47.9958722Z ##[endgroup]
Hardhat tests (Node 22)	UNKNOWN STEP	2026-01-08T23:13:47.9959221Z ##[group]Operating System
Hardhat tests (Node 22)	UNKNOWN STEP	2026-01-08T23:13:47.9959792Z Ubuntu
Hardhat tests (Node 22)	UNKNOWN STEP	2026-01-08T23:13:47.9960277Z 24.04.3
Hardhat tests (Node 22)	UNKNOWN STEP	2026-01-08T23:13:47.9960799Z LTS
Hardhat tests (Node 22)	UNKNOWN STEP	2026-01-08T23:13:47.9961235Z ##[endgroup]
Hardhat tests (Node 22)	UNKNOWN STEP	2026-01-08T23:13:47.9961777Z ##[group]Runner Image
Hardhat tests (Node 22)	UNKNOWN STEP	2026-01-08T23:13:47.9962325Z Image: ubuntu-24.04
Hardhat tests (Node 22)	UNKNOWN STEP	2026-01-08T23:13:47.9962841Z Version: 20260105.202.1
Hardhat tests (Node 22)	UNKNOWN STEP	2026-01-08T23:13:47.9963880Z Included Software: https://github.com/actions/runner-images/blob/ubuntu24/20260105.202/images/ubuntu/Ubuntu2404-Readme.md
Hardhat tests (Node 22)	UNKNOWN STEP	2026-01-08T23:13:47.9965744Z Image Release: https://github.com/actions/runner-images/releases/tag/ubuntu24%2F20260105.202
Hardhat tests (Node 22)	UNKNOWN STEP	2026-01-08T23:13:47.9966736Z ##[endgroup]
Hardhat tests (Node 22)	UNKNOWN STEP	2026-01-08T23:13:47.9967829Z ##[group]GITHUB_TOKEN Permissions
Hardhat tests (Node 22)	UNKNOWN STEP	2026-01-08T23:13:47.9969594Z Contents: read
Hardhat tests (Node 22)	UNKNOWN STEP	2026-01-08T23:13:47.9970281Z Metadata: read
Hardhat tests (Node 22)	UNKNOWN STEP	2026-01-08T23:13:47.9970751Z Packages: read
Hardhat tests (Node 22)	UNKNOWN STEP	2026-01-08T23:13:47.9971237Z ##[endgroup]
Hardhat tests (Node 22)	UNKNOWN STEP	2026-01-08T23:13:47.9973363Z Secret source: Dependabot
Hardhat tests (Node 22)	UNKNOWN STEP	2026-01-08T23:13:47.9974067Z Prepare workflow directory
Hardhat tests (Node 22)	UNKNOWN STEP	2026-01-08T23:13:48.0296193Z Prepare all required actions
Hardhat tests (Node 22)	UNKNOWN STEP	2026-01-08T23:13:48.0335487Z Getting action download info
Hardhat tests (Node 22)	UNKNOWN STEP	2026-01-08T23:13:48.5135281Z Download action repository 'actions/checkout@v4' (SHA:34e114876b0b11c390a56381ad16ebd13914f8d5)
Hardhat tests (Node 22)	UNKNOWN STEP	2026-01-08T23:13:48.6212267Z Download action repository 'actions/cache@v4' (SHA:0057852bfaa89a56745cba8c7296529d2fc39830)
Hardhat tests (Node 22)	UNKNOWN STEP	2026-01-08T23:13:48.7189027Z Download action repository 'actions/setup-node@v4' (SHA:49933ea5288caeca8642d1e84afbd3f7d6820020)
Hardhat tests (Node 22)	UNKNOWN STEP	2026-01-08T23:13:48.9126497Z Complete job name: Hardhat tests (Node 22)
Hardhat tests (Node 22)	UNKNOWN STEP	2026-01-08T23:13:48.9852650Z ##[group]Run actions/checkout@v4
Hardhat tests (Node 22)	UNKNOWN STEP	2026-01-08T23:13:48.9853542Z with:
Hardhat tests (Node 22)	UNKNOWN STEP	2026-01-08T23:13:48.9853989Z   repository: jrdbacosta/MinersWar
Hardhat tests (Node 22)	UNKNOWN STEP	2026-01-08T23:13:48.9854945Z   token: ***
Hardhat tests (Node 22)	UNKNOWN STEP	2026-01-08T23:13:48.9855375Z   ssh-strict: true
Hardhat tests (Node 22)	UNKNOWN STEP	2026-01-08T23:13:48.9855800Z   ssh-user: git
Hardhat tests (Node 22)	UNKNOWN STEP	2026-01-08T23:13:48.9856234Z   persist-credentials: true
Hardhat tests (Node 22)	UNKNOWN STEP	2026-01-08T23:13:48.9856719Z   clean: true
Hardhat tests (Node 22)	UNKNOWN STEP	2026-01-08T23:13:48.9857172Z   sparse-checkout-cone-mode: true
Hardhat tests (Node 22)	UNKNOWN STEP	2026-01-08T23:13:48.9857688Z   fetch-depth: 1
Hardhat tests (Node 22)	UNKNOWN STEP	2026-01-08T23:13:48.9858112Z   fetch-tags: false
Hardhat tests (Node 22)	UNKNOWN STEP	2026-01-08T23:13:48.9858561Z   show-progress: true
Hardhat tests (Node 22)	UNKNOWN STEP	2026-01-08T23:13:48.9859012Z   lfs: false
Hardhat tests (Node 22)	UNKNOWN STEP	2026-01-08T23:13:48.9859413Z   submodules: false
Hardhat tests (Node 22)	UNKNOWN STEP	2026-01-08T23:13:48.9859849Z   set-safe-directory: true
Hardhat tests (Node 22)	UNKNOWN STEP	2026-01-08T23:13:48.9860607Z ##[endgroup]
Hardhat tests (Node 22)	UNKNOWN STEP	2026-01-08T23:13:49.0978960Z Syncing repository: jrdbacosta/MinersWar
Hardhat tests (Node 22)	UNKNOWN STEP	2026-01-08T23:13:49.0981934Z ##[group]Getting Git version info
Hardhat tests (Node 22)	UNKNOWN STEP	2026-01-08T23:13:49.0982825Z Working directory is '/home/runner/work/MinersWar/MinersWar'
Hardhat tests (Node 22)	UNKNOWN STEP	2026-01-08T23:13:49.0984170Z [command]/usr/bin/git version
Hardhat tests (Node 22)	UNKNOWN STEP	2026-01-08T23:13:49.1058498Z git version 2.52.0
Hardhat tests (Node 22)	UNKNOWN STEP	2026-01-08T23:13:49.1085659Z ##[endgroup]
Hardhat tests (Node 22)	UNKNOWN STEP	2026-01-08T23:13:49.1101510Z Temporarily overriding HOME='/home/runner/work/_temp/625f4fb8-0518-498d-9834-25284d28d55f' before making global git config changes
Hardhat tests (Node 22)	UNKNOWN STEP	2026-01-08T23:13:49.1104208Z Adding repository directory to the temporary git global config as a safe directory
Hardhat tests (Node 22)	UNKNOWN STEP	2026-01-08T23:13:49.1107753Z [command]/usr/bin/git config --global --add safe.directory /home/runner/work/MinersWar/MinersWar
Hardhat tests (Node 22)	UNKNOWN STEP	2026-01-08T23:13:49.1145244Z Deleting the contents of '/home/runner/work/MinersWar/MinersWar'
Hardhat tests (Node 22)	UNKNOWN STEP	2026-01-08T23:13:49.1149584Z ##[group]Initializing the repository
Hardhat tests (Node 22)	UNKNOWN STEP	2026-01-08T23:13:49.1154546Z [command]/usr/bin/git init /home/runner/work/MinersWar/MinersWar
Hardhat tests (Node 22)	UNKNOWN STEP	2026-01-08T23:13:49.1249000Z hint: Using 'master' as the name for the initial branch. This default branch name
Hardhat tests (Node 22)	UNKNOWN STEP	2026-01-08T23:13:49.1250560Z hint: will change to "main" in Git 3.0. To configure the initial branch name
Hardhat tests (Node 22)	UNKNOWN STEP	2026-01-08T23:13:49.1252556Z hint: to use in all of your new repositories, which will suppress this warning,
Hardhat tests (Node 22)	UNKNOWN STEP	2026-01-08T23:13:49.1253507Z hint: call:
Hardhat tests (Node 22)	UNKNOWN STEP	2026-01-08T23:13:49.1254266Z hint:
Hardhat tests (Node 22)	UNKNOWN STEP	2026-01-08T23:13:49.1255467Z hint: 	git config --global init.defaultBranch <name>
Hardhat tests (Node 22)	UNKNOWN STEP	2026-01-08T23:13:49.1256706Z hint:
Hardhat tests (Node 22)	UNKNOWN STEP	2026-01-08T23:13:49.1257838Z hint: Names commonly chosen instead of 'master' are 'main', 'trunk' and
Hardhat tests (Node 22)	UNKNOWN STEP	2026-01-08T23:13:49.1259777Z hint: 'development'. The just-created branch can be renamed via this command:
Hardhat tests (Node 22)	UNKNOWN STEP	2026-01-08T23:13:49.1261223Z hint:
Hardhat tests (Node 22)	UNKNOWN STEP	2026-01-08T23:13:49.1261960Z hint: 	git branch -m <name>
Hardhat tests (Node 22)	UNKNOWN STEP	2026-01-08T23:13:49.1262818Z hint:
Hardhat tests (Node 22)	UNKNOWN STEP	2026-01-08T23:13:49.1264134Z hint: Disable this message with "git config set advice.defaultBranchName false"
Hardhat tests (Node 22)	UNKNOWN STEP	2026-01-08T23:13:49.1266478Z Initialized empty Git repository in /home/runner/work/MinersWar/MinersWar/.git/
Hardhat tests (Node 22)	UNKNOWN STEP	2026-01-08T23:13:49.1269575Z [command]/usr/bin/git remote add origin https://github.com/jrdbacosta/MinersWar
Hardhat tests (Node 22)	UNKNOWN STEP	2026-01-08T23:13:49.1299988Z ##[endgroup]
Hardhat tests (Node 22)	UNKNOWN STEP	2026-01-08T23:13:49.1301366Z ##[group]Disabling automatic garbage collection
Hardhat tests (Node 22)	UNKNOWN STEP	2026-01-08T23:13:49.1305145Z [command]/usr/bin/git config --local gc.auto 0
Hardhat tests (Node 22)	UNKNOWN STEP	2026-01-08T23:13:49.1331518Z ##[endgroup]
Hardhat tests (Node 22)	UNKNOWN STEP	2026-01-08T23:13:49.1332261Z ##[group]Setting up auth
Hardhat tests (Node 22)	UNKNOWN STEP	2026-01-08T23:13:49.1338554Z [command]/usr/bin/git config --local --name-only --get-regexp core\.sshCommand
Hardhat tests (Node 22)	UNKNOWN STEP	2026-01-08T23:13:49.1369748Z [command]/usr/bin/git submodule foreach --recursive sh -c "git config --local --name-only --get-regexp 'core\.sshCommand' && git config --local --unset-all 'core.sshCommand' || :"
Hardhat tests (Node 22)	UNKNOWN STEP	2026-01-08T23:13:49.1693237Z [command]/usr/bin/git config --local --name-only --get-regexp http\.https\:\/\/github\.com\/\.extraheader
Hardhat tests (Node 22)	UNKNOWN STEP	2026-01-08T23:13:49.1723224Z [command]/usr/bin/git submodule foreach --recursive sh -c "git config --local --name-only --get-regexp 'http\.https\:\/\/github\.com\/\.extraheader' && git config --local --unset-all 'http.https://github.com/.extraheader' || :"
Hardhat tests (Node 22)	UNKNOWN STEP	2026-01-08T23:13:49.1951078Z [command]/usr/bin/git config --local --name-only --get-regexp ^includeIf\.gitdir:
Hardhat tests (Node 22)	UNKNOWN STEP	2026-01-08T23:13:49.1980582Z [command]/usr/bin/git submodule foreach --recursive git config --local --show-origin --name-only --get-regexp remote.origin.url
Hardhat tests (Node 22)	UNKNOWN STEP	2026-01-08T23:13:49.2204726Z [command]/usr/bin/git config --local http.https://github.com/.extraheader AUTHORIZATION: basic ***
Hardhat tests (Node 22)	UNKNOWN STEP	2026-01-08T23:13:49.2239495Z ##[endgroup]
Hardhat tests (Node 22)	UNKNOWN STEP	2026-01-08T23:13:49.2241023Z ##[group]Fetching the repository
Hardhat tests (Node 22)	UNKNOWN STEP	2026-01-08T23:13:49.2249602Z [command]/usr/bin/git -c protocol.version=2 fetch --no-tags --prune --no-recurse-submodules --depth=1 origin +c01810d0b87d748f9263d9227f09de2a7a327af9:refs/remotes/pull/22/merge
Hardhat tests (Node 22)	UNKNOWN STEP	2026-01-08T23:13:49.6693515Z From https://github.com/jrdbacosta/MinersWar
Hardhat tests (Node 22)	UNKNOWN STEP	2026-01-08T23:13:49.6695275Z  * [new ref]         c01810d0b87d748f9263d9227f09de2a7a327af9 -> pull/22/merge
Hardhat tests (Node 22)	UNKNOWN STEP	2026-01-08T23:13:49.6761083Z ##[endgroup]
Hardhat tests (Node 22)	UNKNOWN STEP	2026-01-08T23:13:49.6762171Z ##[group]Determining the checkout info
Hardhat tests (Node 22)	UNKNOWN STEP	2026-01-08T23:13:49.6763353Z ##[endgroup]
Hardhat tests (Node 22)	UNKNOWN STEP	2026-01-08T23:13:49.6764042Z [command]/usr/bin/git sparse-checkout disable
Hardhat tests (Node 22)	UNKNOWN STEP	2026-01-08T23:13:49.6777111Z [command]/usr/bin/git config --local --unset-all extensions.worktreeConfig
Hardhat tests (Node 22)	UNKNOWN STEP	2026-01-08T23:13:49.6804171Z ##[group]Checking out the ref
Hardhat tests (Node 22)	UNKNOWN STEP	2026-01-08T23:13:49.6807964Z [command]/usr/bin/git checkout --progress --force refs/remotes/pull/22/merge
Hardhat tests (Node 22)	UNKNOWN STEP	2026-01-08T23:13:49.6934745Z Note: switching to 'refs/remotes/pull/22/merge'.
Hardhat tests (Node 22)	UNKNOWN STEP	2026-01-08T23:13:49.6936139Z 
Hardhat tests (Node 22)	UNKNOWN STEP	2026-01-08T23:13:49.6937194Z You are in 'detached HEAD' state. You can look around, make experimental
Hardhat tests (Node 22)	UNKNOWN STEP	2026-01-08T23:13:49.6939037Z changes and commit them, and you can discard any commits you make in this
Hardhat tests (Node 22)	UNKNOWN STEP	2026-01-08T23:13:49.6940911Z state without impacting any branches by switching back to a branch.
Hardhat tests (Node 22)	UNKNOWN STEP	2026-01-08T23:13:49.6942024Z 
Hardhat tests (Node 22)	UNKNOWN STEP	2026-01-08T23:13:49.6942781Z If you want to create a new branch to retain commits you create, you may
Hardhat tests (Node 22)	UNKNOWN STEP	2026-01-08T23:13:49.6945025Z do so (now or later) by using -c with the switch command. Example:
Hardhat tests (Node 22)	UNKNOWN STEP	2026-01-08T23:13:49.6946193Z 
Hardhat tests (Node 22)	UNKNOWN STEP	2026-01-08T23:13:49.6946650Z   git switch -c <new-branch-name>
Hardhat tests (Node 22)	UNKNOWN STEP	2026-01-08T23:13:49.6947421Z 
Hardhat tests (Node 22)	UNKNOWN STEP	2026-01-08T23:13:49.6948148Z Or undo this operation with:
Hardhat tests (Node 22)	UNKNOWN STEP	2026-01-08T23:13:49.6948896Z 
Hardhat tests (Node 22)	UNKNOWN STEP	2026-01-08T23:13:49.6949311Z   git switch -
Hardhat tests (Node 22)	UNKNOWN STEP	2026-01-08T23:13:49.6949896Z 
Hardhat tests (Node 22)	UNKNOWN STEP	2026-01-08T23:13:49.6950803Z Turn off this advice by setting config variable advice.detachedHead to false
Hardhat tests (Node 22)	UNKNOWN STEP	2026-01-08T23:13:49.6952207Z 
Hardhat tests (Node 22)	UNKNOWN STEP	2026-01-08T23:13:49.6953702Z HEAD is now at c01810d Merge 67f7b038591170ef45e06e755a364cbe33c1e6af into 90cb368a2c3cc35d9ad6340291a136c6fc0222ba
Hardhat tests (Node 22)	UNKNOWN STEP	2026-01-08T23:13:49.6958106Z ##[endgroup]
Hardhat tests (Node 22)	UNKNOWN STEP	2026-01-08T23:13:49.6984945Z [command]/usr/bin/git log -1 --format=%H
Hardhat tests (Node 22)	UNKNOWN STEP	2026-01-08T23:13:49.7007204Z c01810d0b87d748f9263d9227f09de2a7a327af9
Hardhat tests (Node 22)	UNKNOWN STEP	2026-01-08T23:13:49.8025950Z ##[group]Run actions/cache@v4
Hardhat tests (Node 22)	UNKNOWN STEP	2026-01-08T23:13:49.8026908Z with:
Hardhat tests (Node 22)	UNKNOWN STEP	2026-01-08T23:13:49.8027613Z   path: ~/.npm
Hardhat tests (Node 22)	UNKNOWN STEP	node_modules
Hardhat tests (Node 22)	UNKNOWN STEP	
Hardhat tests (Node 22)	UNKNOWN STEP	2026-01-08T23:13:49.8029194Z   key: Linux-node-22-250d59df5db5d68b6716e530b934d2e4d8b31dbf263930e41c2f5c806365ce0c
Hardhat tests (Node 22)	UNKNOWN STEP	2026-01-08T23:13:49.8030972Z   restore-keys: Linux-node-22-
Hardhat tests (Node 22)	UNKNOWN STEP	
Hardhat tests (Node 22)	UNKNOWN STEP	2026-01-08T23:13:49.8031929Z   enableCrossOsArchive: false
Hardhat tests (Node 22)	UNKNOWN STEP	2026-01-08T23:13:49.8032893Z   fail-on-cache-miss: false
Hardhat tests (Node 22)	UNKNOWN STEP	2026-01-08T23:13:49.8033763Z   lookup-only: false
Hardhat tests (Node 22)	UNKNOWN STEP	2026-01-08T23:13:49.8034774Z   save-always: false
Hardhat tests (Node 22)	UNKNOWN STEP	2026-01-08T23:13:49.8035546Z ##[endgroup]
Hardhat tests (Node 22)	UNKNOWN STEP	2026-01-08T23:13:50.2135262Z Cache hit for restore-key: Linux-node-22-9289a93390c7f27e13ed8056667b6ab045ff97568eca343ebad5c9397aeecc78
Hardhat tests (Node 22)	UNKNOWN STEP	2026-01-08T23:13:51.5121556Z Received 4194304 of 349736719 (1.2%), 4.0 MBs/sec
Hardhat tests (Node 22)	UNKNOWN STEP	2026-01-08T23:13:52.5144914Z Received 134217728 of 349736719 (38.4%), 63.9 MBs/sec
Hardhat tests (Node 22)	UNKNOWN STEP	2026-01-08T23:13:53.5135262Z Received 255852544 of 349736719 (73.2%), 81.3 MBs/sec
Hardhat tests (Node 22)	UNKNOWN STEP	2026-01-08T23:13:54.5137312Z Received 345542415 of 349736719 (98.8%), 82.3 MBs/sec
Hardhat tests (Node 22)	UNKNOWN STEP	2026-01-08T23:13:54.8386594Z Received 349736719 of 349736719 (100.0%), 77.1 MBs/sec
Hardhat tests (Node 22)	UNKNOWN STEP	2026-01-08T23:13:54.8388720Z Cache Size: ~334 MB (349736719 B)
Hardhat tests (Node 22)	UNKNOWN STEP	2026-01-08T23:13:54.8427670Z [command]/usr/bin/tar -xf /home/runner/work/_temp/d06bde5b-74ae-4fd6-a1b7-b112496e8bc5/cache.tzst -P -C /home/runner/work/MinersWar/MinersWar --use-compress-program unzstd
Hardhat tests (Node 22)	UNKNOWN STEP	2026-01-08T23:13:56.4521772Z Cache restored successfully
Hardhat tests (Node 22)	UNKNOWN STEP	2026-01-08T23:13:56.5269676Z Cache restored from key: Linux-node-22-9289a93390c7f27e13ed8056667b6ab045ff97568eca343ebad5c9397aeecc78
Hardhat tests (Node 22)	UNKNOWN STEP	2026-01-08T23:13:56.5544689Z ##[group]Run actions/setup-node@v4
Hardhat tests (Node 22)	UNKNOWN STEP	2026-01-08T23:13:56.5545009Z with:
Hardhat tests (Node 22)	UNKNOWN STEP	2026-01-08T23:13:56.5545199Z   node-version: 22
Hardhat tests (Node 22)	UNKNOWN STEP	2026-01-08T23:13:56.5545386Z   cache: npm
Hardhat tests (Node 22)	UNKNOWN STEP	2026-01-08T23:13:56.5545569Z   always-auth: false
Hardhat tests (Node 22)	UNKNOWN STEP	2026-01-08T23:13:56.5545799Z   check-latest: false
Hardhat tests (Node 22)	UNKNOWN STEP	2026-01-08T23:13:56.5546150Z   token: ***
Hardhat tests (Node 22)	UNKNOWN STEP	2026-01-08T23:13:56.5546332Z ##[endgroup]
Hardhat tests (Node 22)	UNKNOWN STEP	2026-01-08T23:13:56.7289589Z Found in cache @ /opt/hostedtoolcache/node/22.21.1/x64
Hardhat tests (Node 22)	UNKNOWN STEP	2026-01-08T23:13:56.7296132Z ##[group]Environment details
Hardhat tests (Node 22)	UNKNOWN STEP	2026-01-08T23:13:57.0764743Z node: v22.21.1
Hardhat tests (Node 22)	UNKNOWN STEP	2026-01-08T23:13:57.0765232Z npm: 10.9.4
Hardhat tests (Node 22)	UNKNOWN STEP	2026-01-08T23:13:57.0765594Z yarn: 1.22.22
Hardhat tests (Node 22)	UNKNOWN STEP	2026-01-08T23:13:57.0766422Z ##[endgroup]
Hardhat tests (Node 22)	UNKNOWN STEP	2026-01-08T23:13:57.0786274Z [command]/opt/hostedtoolcache/node/22.21.1/x64/bin/npm config get cache
Hardhat tests (Node 22)	UNKNOWN STEP	2026-01-08T23:13:57.2017827Z /home/runner/.npm
Hardhat tests (Node 22)	UNKNOWN STEP	2026-01-08T23:13:57.5457953Z Cache hit for: node-cache-Linux-x64-npm-2a9d54291aa36a4828d0aa92e4d585efce0330c7c3812b8c304c2e4bb6fcec28
Hardhat tests (Node 22)	UNKNOWN STEP	2026-01-08T23:13:58.8476187Z Received 4194304 of 132651187 (3.2%), 4.0 MBs/sec
Hardhat tests (Node 22)	UNKNOWN STEP	2026-01-08T23:13:59.8196600Z Received 132651187 of 132651187 (100.0%), 64.1 MBs/sec
Hardhat tests (Node 22)	UNKNOWN STEP	2026-01-08T23:13:59.8198081Z Cache Size: ~127 MB (132651187 B)
Hardhat tests (Node 22)	UNKNOWN STEP	2026-01-08T23:13:59.8255844Z [command]/usr/bin/tar -xf /home/runner/work/_temp/448e9786-b3a6-45e1-bc32-98caa4327821/cache.tzst -P -C /home/runner/work/MinersWar/MinersWar --use-compress-program unzstd
Hardhat tests (Node 22)	UNKNOWN STEP	2026-01-08T23:14:00.0954120Z Cache restored successfully
Hardhat tests (Node 22)	UNKNOWN STEP	2026-01-08T23:14:00.1210819Z Cache restored from key: node-cache-Linux-x64-npm-2a9d54291aa36a4828d0aa92e4d585efce0330c7c3812b8c304c2e4bb6fcec28
Hardhat tests (Node 22)	UNKNOWN STEP	2026-01-08T23:14:00.1368078Z ##[group]Run npm ci
Hardhat tests (Node 22)	UNKNOWN STEP	2026-01-08T23:14:00.1368367Z [36;1mnpm ci[0m
Hardhat tests (Node 22)	UNKNOWN STEP	2026-01-08T23:14:00.1416229Z shell: /usr/bin/bash -e {0}
Hardhat tests (Node 22)	UNKNOWN STEP	2026-01-08T23:14:00.1416500Z ##[endgroup]
Hardhat tests (Node 22)	UNKNOWN STEP	2026-01-08T23:14:03.5650886Z npm warn deprecated inflight@1.0.6: This module is not supported, and leaks memory. Do not use it. Check out lru-cache if you want a good and tested way to coalesce async requests by a key value, which is much more comprehensive and powerful.
Hardhat tests (Node 22)	UNKNOWN STEP	2026-01-08T23:14:03.6781206Z npm warn deprecated @humanwhocodes/config-array@0.13.0: Use @eslint/config-array instead
Hardhat tests (Node 22)	UNKNOWN STEP	2026-01-08T23:14:03.6879424Z npm warn deprecated rimraf@3.0.2: Rimraf versions prior to v4 are no longer supported
Hardhat tests (Node 22)	UNKNOWN STEP	2026-01-08T23:14:03.7797367Z npm warn deprecated @humanwhocodes/object-schema@2.0.3: Use @eslint/object-schema instead
Hardhat tests (Node 22)	UNKNOWN STEP	2026-01-08T23:14:03.7814683Z npm warn deprecated glob@7.2.3: Glob versions prior to v9 are no longer supported
Hardhat tests (Node 22)	UNKNOWN STEP	2026-01-08T23:14:03.8171584Z npm warn deprecated glob@7.1.7: Glob versions prior to v9 are no longer supported
Hardhat tests (Node 22)	UNKNOWN STEP	2026-01-08T23:14:05.5704163Z npm warn deprecated eslint@8.57.1: This version is no longer supported. Please see https://eslint.org/version-support for other options.
Hardhat tests (Node 22)	UNKNOWN STEP	2026-01-08T23:14:06.4666251Z 
Hardhat tests (Node 22)	UNKNOWN STEP	2026-01-08T23:14:06.4667345Z added 501 packages, and audited 502 packages in 6s
Hardhat tests (Node 22)	UNKNOWN STEP	2026-01-08T23:14:06.4667828Z 
Hardhat tests (Node 22)	UNKNOWN STEP	2026-01-08T23:14:06.4668095Z 177 packages are looking for funding
Hardhat tests (Node 22)	UNKNOWN STEP	2026-01-08T23:14:06.4668626Z   run `npm fund` for details
Hardhat tests (Node 22)	UNKNOWN STEP	2026-01-08T23:14:06.4706501Z 
Hardhat tests (Node 22)	UNKNOWN STEP	2026-01-08T23:14:06.4707158Z 2 low severity vulnerabilities
Hardhat tests (Node 22)	UNKNOWN STEP	2026-01-08T23:14:06.4707578Z 
Hardhat tests (Node 22)	UNKNOWN STEP	2026-01-08T23:14:06.4708011Z To address all issues (including breaking changes), run:
Hardhat tests (Node 22)	UNKNOWN STEP	2026-01-08T23:14:06.4708594Z   npm audit fix --force
Hardhat tests (Node 22)	UNKNOWN STEP	2026-01-08T23:14:06.4708844Z 
Hardhat tests (Node 22)	UNKNOWN STEP	2026-01-08T23:14:06.4709034Z Run `npm audit` for details.
Hardhat tests (Node 22)	UNKNOWN STEP	2026-01-08T23:14:06.5595225Z ##[group]Run npx hardhat compile
Hardhat tests (Node 22)	UNKNOWN STEP	2026-01-08T23:14:06.5595587Z [36;1mnpx hardhat compile[0m
Hardhat tests (Node 22)	UNKNOWN STEP	2026-01-08T23:14:06.5627862Z shell: /usr/bin/bash -e {0}
Hardhat tests (Node 22)	UNKNOWN STEP	2026-01-08T23:14:06.5628104Z ##[endgroup]
Hardhat tests (Node 22)	UNKNOWN STEP	2026-01-08T23:14:08.0783772Z Downloading solc 0.8.28
Hardhat tests (Node 22)	UNKNOWN STEP	2026-01-08T23:14:08.3600347Z Downloading solc 0.8.28 (WASM build)
Hardhat tests (Node 22)	UNKNOWN STEP	2026-01-08T23:14:09.2120425Z 
Hardhat tests (Node 22)	UNKNOWN STEP	2026-01-08T23:14:09.2125511Z Compiled 4 Solidity files with solc 0.8.28 (evm target: cancun)
Hardhat tests (Node 22)	UNKNOWN STEP	2026-01-08T23:14:12.6976577Z 
Hardhat tests (Node 22)	UNKNOWN STEP	2026-01-08T23:14:12.6977786Z Compiled 1 Solidity test file with solc 0.8.28 (evm target: cancun)
Hardhat tests (Node 22)	UNKNOWN STEP	2026-01-08T23:14:12.7378223Z ##[group]Run npx hardhat test
Hardhat tests (Node 22)	UNKNOWN STEP	2026-01-08T23:14:12.7378536Z [36;1mnpx hardhat test[0m
Hardhat tests (Node 22)	UNKNOWN STEP	2026-01-08T23:14:12.7410165Z shell: /usr/bin/bash -e {0}
Hardhat tests (Node 22)	UNKNOWN STEP	2026-01-08T23:14:12.7410411Z env:
Hardhat tests (Node 22)	UNKNOWN STEP	2026-01-08T23:14:12.7410589Z   CI: true
Hardhat tests (Node 22)	UNKNOWN STEP	2026-01-08T23:14:12.7410770Z ##[endgroup]
Hardhat tests (Node 22)	UNKNOWN STEP	2026-01-08T23:14:13.5570790Z No contracts to compile
Hardhat tests (Node 22)	UNKNOWN STEP	2026-01-08T23:14:13.9539159Z No Solidity tests to compile
Hardhat tests (Node 22)	UNKNOWN STEP	2026-01-08T23:14:13.9553147Z 
Hardhat tests (Node 22)	UNKNOWN STEP	2026-01-08T23:14:13.9685323Z Running Solidity tests
Hardhat tests (Node 22)	UNKNOWN STEP	2026-01-08T23:14:13.9685653Z 
Hardhat tests (Node 22)	UNKNOWN STEP	2026-01-08T23:14:14.0908750Z   contracts/Counter.t.sol:CounterTest
Hardhat tests (Node 22)	UNKNOWN STEP	2026-01-08T23:14:14.0911565Z     âœ” test_InitialValue()
Hardhat tests (Node 22)	UNKNOWN STEP	2026-01-08T23:14:14.0912323Z     âœ” test_IncByZero()
Hardhat tests (Node 22)	UNKNOWN STEP	2026-01-08T23:14:14.0915473Z     âœ” testFuzz_Inc(uint8) (runs: 256)
Hardhat tests (Node 22)	UNKNOWN STEP	2026-01-08T23:14:14.0959277Z 
Hardhat tests (Node 22)	UNKNOWN STEP	2026-01-08T23:14:14.1326809Z Running Mocha tests
Hardhat tests (Node 22)	UNKNOWN STEP	2026-01-08T23:14:15.0908460Z 
Hardhat tests (Node 22)	UNKNOWN STEP	2026-01-08T23:14:15.0911103Z 
Hardhat tests (Node 22)	UNKNOWN STEP	2026-01-08T23:14:15.0915528Z   Counter
Hardhat tests (Node 22)	UNKNOWN STEP	2026-01-08T23:14:15.1348051Z     âœ” Should emit the Increment event when calling the inc() function (43ms)
Hardhat tests (Node 22)	UNKNOWN STEP	2026-01-08T23:14:15.2018082Z     âœ” The sum of the Increment events should match the current value (65ms)
Hardhat tests (Node 22)	UNKNOWN STEP	2026-01-08T23:14:15.2018710Z 
Hardhat tests (Node 22)	UNKNOWN STEP	2026-01-08T23:14:15.2020460Z   PackSale
Hardhat tests (Node 22)	UNKNOWN STEP	2026-01-08T23:14:15.2599389Z     âœ” sells packs and opens them to mint NFTs (57ms)
Hardhat tests (Node 22)	UNKNOWN STEP	2026-01-08T23:14:15.2599877Z 
Hardhat tests (Node 22)	UNKNOWN STEP	2026-01-08T23:14:15.2600074Z   PackSale ERC20 flow
Hardhat tests (Node 22)	UNKNOWN STEP	2026-01-08T23:14:15.3469749Z     âœ” accepts ERC20 payments and opens packs (86ms)
Hardhat tests (Node 22)	UNKNOWN STEP	2026-01-08T23:14:15.3470259Z 
Hardhat tests (Node 22)	UNKNOWN STEP	2026-01-08T23:14:15.3470431Z   PackSale edge cases
Hardhat tests (Node 22)	UNKNOWN STEP	2026-01-08T23:14:15.4182620Z     âœ” reverts when ERC20 allowance is insufficient (71ms)
Hardhat tests (Node 22)	UNKNOWN STEP	2026-01-08T23:14:15.4836518Z     âœ” reverts if native value is sent while payment token is ERC20 (65ms)
Hardhat tests (Node 22)	UNKNOWN STEP	2026-01-08T23:14:15.5676535Z     âœ” only owner can withdraw ERC20 and native funds (84ms)
Hardhat tests (Node 22)	UNKNOWN STEP	2026-01-08T23:14:15.5676998Z 
Hardhat tests (Node 22)	UNKNOWN STEP	2026-01-08T23:14:15.5679078Z 
Hardhat tests (Node 22)	UNKNOWN STEP	2026-01-08T23:14:15.5680553Z   7 passing (477ms)
Hardhat tests (Node 22)	UNKNOWN STEP	2026-01-08T23:14:15.5680791Z 
Hardhat tests (Node 22)	UNKNOWN STEP	2026-01-08T23:14:15.5691466Z 
Hardhat tests (Node 22)	UNKNOWN STEP	2026-01-08T23:14:15.5693216Z 10 passing (3 solidity, 7 mocha)
Hardhat tests (Node 22)	UNKNOWN STEP	2026-01-08T23:14:15.5693546Z 
Hardhat tests (Node 22)	UNKNOWN STEP	2026-01-08T23:14:15.6171705Z Post job cleanup.
Hardhat tests (Node 22)	UNKNOWN STEP	2026-01-08T23:14:15.7758154Z Cache hit occurred on the primary key node-cache-Linux-x64-npm-2a9d54291aa36a4828d0aa92e4d585efce0330c7c3812b8c304c2e4bb6fcec28, not saving cache.
Hardhat tests (Node 22)	UNKNOWN STEP	2026-01-08T23:14:17.3415852Z Post job cleanup.
Hardhat tests (Node 22)	UNKNOWN STEP	2026-01-08T23:14:17.4985026Z [command]/usr/bin/tar --posix -cf cache.tzst --exclude cache.tzst -P -C /home/runner/work/MinersWar/MinersWar --files-from manifest.txt --use-compress-program zstdmt
Hardhat tests (Node 22)	UNKNOWN STEP	2026-01-08T23:14:20.3290815Z Sent 0 of 349669570 (0.0%), 0.0 MBs/sec
Hardhat tests (Node 22)	UNKNOWN STEP	2026-01-08T23:14:21.3303270Z Sent 81234114 of 349669570 (23.2%), 38.7 MBs/sec
Hardhat tests (Node 22)	UNKNOWN STEP	2026-01-08T23:14:21.5670293Z Sent 349669570 of 349669570 (100.0%), 149.1 MBs/sec
Hardhat tests (Node 22)	UNKNOWN STEP	2026-01-08T23:14:22.0311271Z Cache saved with key: Linux-node-22-250d59df5db5d68b6716e530b934d2e4d8b31dbf263930e41c2f5c806365ce0c
Hardhat tests (Node 22)	UNKNOWN STEP	2026-01-08T23:14:22.0456524Z Post job cleanup.
Hardhat tests (Node 22)	UNKNOWN STEP	2026-01-08T23:14:22.1389244Z [command]/usr/bin/git version
Hardhat tests (Node 22)	UNKNOWN STEP	2026-01-08T23:14:22.1431554Z git version 2.52.0
Hardhat tests (Node 22)	UNKNOWN STEP	2026-01-08T23:14:22.1472936Z Temporarily overriding HOME='/home/runner/work/_temp/96c79c42-bd43-4e06-bf02-679a874c8bc0' before making global git config changes
Hardhat tests (Node 22)	UNKNOWN STEP	2026-01-08T23:14:22.1473842Z Adding repository directory to the temporary git global config as a safe directory
Hardhat tests (Node 22)	UNKNOWN STEP	2026-01-08T23:14:22.1477873Z [command]/usr/bin/git config --global --add safe.directory /home/runner/work/MinersWar/MinersWar
Hardhat tests (Node 22)	UNKNOWN STEP	2026-01-08T23:14:22.1510596Z [command]/usr/bin/git config --local --name-only --get-regexp core\.sshCommand
Hardhat tests (Node 22)	UNKNOWN STEP	2026-01-08T23:14:22.1542323Z [command]/usr/bin/git submodule foreach --recursive sh -c "git config --local --name-only --get-regexp 'core\.sshCommand' && git config --local --unset-all 'core.sshCommand' || :"
Hardhat tests (Node 22)	UNKNOWN STEP	2026-01-08T23:14:22.1765644Z [command]/usr/bin/git config --local --name-only --get-regexp http\.https\:\/\/github\.com\/\.extraheader
Hardhat tests (Node 22)	UNKNOWN STEP	2026-01-08T23:14:22.1785563Z http.https://github.com/.extraheader
Hardhat tests (Node 22)	UNKNOWN STEP	2026-01-08T23:14:22.1797544Z [command]/usr/bin/git config --local --unset-all http.https://github.com/.extraheader
Hardhat tests (Node 22)	UNKNOWN STEP	2026-01-08T23:14:22.1827344Z [command]/usr/bin/git submodule foreach --recursive sh -c "git config --local --name-only --get-regexp 'http\.https\:\/\/github\.com\/\.extraheader' && git config --local --unset-all 'http.https://github.com/.extraheader' || :"
Hardhat tests (Node 22)	UNKNOWN STEP	2026-01-08T23:14:22.2045258Z [command]/usr/bin/git config --local --name-only --get-regexp ^includeIf\.gitdir:
Hardhat tests (Node 22)	UNKNOWN STEP	2026-01-08T23:14:22.2077922Z [command]/usr/bin/git submodule foreach --recursive git config --local --show-origin --name-only --get-regexp remote.origin.url
Hardhat tests (Node 22)	UNKNOWN STEP	2026-01-08T23:14:22.2398645Z Cleaning up orphan processes
Lint (ESLint)	UNKNOWN STEP	ï»¿2026-01-08T23:13:46.5935357Z Current runner version: '2.330.0'
Lint (ESLint)	UNKNOWN STEP	2026-01-08T23:13:46.5959200Z ##[group]Runner Image Provisioner
Lint (ESLint)	UNKNOWN STEP	2026-01-08T23:13:46.5959984Z Hosted Compute Agent
Lint (ESLint)	UNKNOWN STEP	2026-01-08T23:13:46.5960495Z Version: 20251211.462
Lint (ESLint)	UNKNOWN STEP	2026-01-08T23:13:46.5961021Z Commit: 6cbad8c2bb55d58165063d031ccabf57e2d2db61
Lint (ESLint)	UNKNOWN STEP	2026-01-08T23:13:46.5961676Z Build Date: 2025-12-11T16:28:49Z
Lint (ESLint)	UNKNOWN STEP	2026-01-08T23:13:46.5962228Z Worker ID: {c41af0c5-3a06-4d30-9281-104c7ad65916}
Lint (ESLint)	UNKNOWN STEP	2026-01-08T23:13:46.5962855Z ##[endgroup]
Lint (ESLint)	UNKNOWN STEP	2026-01-08T23:13:46.5963361Z ##[group]Operating System
Lint (ESLint)	UNKNOWN STEP	2026-01-08T23:13:46.5963844Z Ubuntu
Lint (ESLint)	UNKNOWN STEP	2026-01-08T23:13:46.5964282Z 24.04.3
Lint (ESLint)	UNKNOWN STEP	2026-01-08T23:13:46.5964666Z LTS
Lint (ESLint)	UNKNOWN STEP	2026-01-08T23:13:46.5965089Z ##[endgroup]
Lint (ESLint)	UNKNOWN STEP	2026-01-08T23:13:46.5965524Z ##[group]Runner Image
Lint (ESLint)	UNKNOWN STEP	2026-01-08T23:13:46.5966022Z Image: ubuntu-24.04
Lint (ESLint)	UNKNOWN STEP	2026-01-08T23:13:46.5966455Z Version: 20260105.202.1
Lint (ESLint)	UNKNOWN STEP	2026-01-08T23:13:46.5967335Z Included Software: https://github.com/actions/runner-images/blob/ubuntu24/20260105.202/images/ubuntu/Ubuntu2404-Readme.md
Lint (ESLint)	UNKNOWN STEP	2026-01-08T23:13:46.5968993Z Image Release: https://github.com/actions/runner-images/releases/tag/ubuntu24%2F20260105.202
Lint (ESLint)	UNKNOWN STEP	2026-01-08T23:13:46.5969847Z ##[endgroup]
Lint (ESLint)	UNKNOWN STEP	2026-01-08T23:13:46.5970822Z ##[group]GITHUB_TOKEN Permissions
Lint (ESLint)	UNKNOWN STEP	2026-01-08T23:13:46.5972805Z Contents: read
Lint (ESLint)	UNKNOWN STEP	2026-01-08T23:13:46.5973270Z Metadata: read
Lint (ESLint)	UNKNOWN STEP	2026-01-08T23:13:46.5973763Z Packages: read
Lint (ESLint)	UNKNOWN STEP	2026-01-08T23:13:46.5974174Z ##[endgroup]
Lint (ESLint)	UNKNOWN STEP	2026-01-08T23:13:46.5976400Z Secret source: Dependabot
Lint (ESLint)	UNKNOWN STEP	2026-01-08T23:13:46.5977265Z Prepare workflow directory
Lint (ESLint)	UNKNOWN STEP	2026-01-08T23:13:46.6283791Z Prepare all required actions
Lint (ESLint)	UNKNOWN STEP	2026-01-08T23:13:46.6323169Z Getting action download info
Lint (ESLint)	UNKNOWN STEP	2026-01-08T23:13:47.0068889Z Download action repository 'actions/checkout@v4' (SHA:34e114876b0b11c390a56381ad16ebd13914f8d5)
Lint (ESLint)	UNKNOWN STEP	2026-01-08T23:13:47.1046833Z Download action repository 'actions/setup-node@v4' (SHA:49933ea5288caeca8642d1e84afbd3f7d6820020)
Lint (ESLint)	UNKNOWN STEP	2026-01-08T23:13:47.4105730Z Complete job name: Lint (ESLint)
Lint (ESLint)	UNKNOWN STEP	2026-01-08T23:13:47.4753981Z ##[group]Run actions/checkout@v4
Lint (ESLint)	UNKNOWN STEP	2026-01-08T23:13:47.4754926Z with:
Lint (ESLint)	UNKNOWN STEP	2026-01-08T23:13:47.4755476Z   repository: jrdbacosta/MinersWar
Lint (ESLint)	UNKNOWN STEP	2026-01-08T23:13:47.4756358Z   token: ***
Lint (ESLint)	UNKNOWN STEP	2026-01-08T23:13:47.4756815Z   ssh-strict: true
Lint (ESLint)	UNKNOWN STEP	2026-01-08T23:13:47.4757334Z   ssh-user: git
Lint (ESLint)	UNKNOWN STEP	2026-01-08T23:13:47.4757842Z   persist-credentials: true
Lint (ESLint)	UNKNOWN STEP	2026-01-08T23:13:47.4758533Z   clean: true
Lint (ESLint)	UNKNOWN STEP	2026-01-08T23:13:47.4759101Z   sparse-checkout-cone-mode: true
Lint (ESLint)	UNKNOWN STEP	2026-01-08T23:13:47.4759671Z   fetch-depth: 1
Lint (ESLint)	UNKNOWN STEP	2026-01-08T23:13:47.4760181Z   fetch-tags: false
Lint (ESLint)	UNKNOWN STEP	2026-01-08T23:13:47.4760647Z   show-progress: true
Lint (ESLint)	UNKNOWN STEP	2026-01-08T23:13:47.4761222Z   lfs: false
Lint (ESLint)	UNKNOWN STEP	2026-01-08T23:13:47.4761654Z   submodules: false
Lint (ESLint)	UNKNOWN STEP	2026-01-08T23:13:47.4762162Z   set-safe-directory: true
Lint (ESLint)	UNKNOWN STEP	2026-01-08T23:13:47.4763034Z ##[endgroup]
Lint (ESLint)	UNKNOWN STEP	2026-01-08T23:13:47.5843366Z Syncing repository: jrdbacosta/MinersWar
Lint (ESLint)	UNKNOWN STEP	2026-01-08T23:13:47.5846251Z ##[group]Getting Git version info
Lint (ESLint)	UNKNOWN STEP	2026-01-08T23:13:47.5976588Z Working directory is '/home/runner/work/MinersWar/MinersWar'
Lint (ESLint)	UNKNOWN STEP	2026-01-08T23:13:47.5979604Z [command]/usr/bin/git version
Lint (ESLint)	UNKNOWN STEP	2026-01-08T23:13:47.5980808Z git version 2.52.0
Lint (ESLint)	UNKNOWN STEP	2026-01-08T23:13:47.5984156Z ##[endgroup]
Lint (ESLint)	UNKNOWN STEP	2026-01-08T23:13:47.5992359Z Temporarily overriding HOME='/home/runner/work/_temp/9936ba30-3e63-4902-a923-57733e56a8ab' before making global git config changes
Lint (ESLint)	UNKNOWN STEP	2026-01-08T23:13:47.5994921Z Adding repository directory to the temporary git global config as a safe directory
Lint (ESLint)	UNKNOWN STEP	2026-01-08T23:13:47.5997017Z [command]/usr/bin/git config --global --add safe.directory /home/runner/work/MinersWar/MinersWar
Lint (ESLint)	UNKNOWN STEP	2026-01-08T23:13:47.5999327Z Deleting the contents of '/home/runner/work/MinersWar/MinersWar'
Lint (ESLint)	UNKNOWN STEP	2026-01-08T23:13:47.6000425Z ##[group]Initializing the repository
Lint (ESLint)	UNKNOWN STEP	2026-01-08T23:13:47.6001131Z [command]/usr/bin/git init /home/runner/work/MinersWar/MinersWar
Lint (ESLint)	UNKNOWN STEP	2026-01-08T23:13:47.6060304Z hint: Using 'master' as the name for the initial branch. This default branch name
Lint (ESLint)	UNKNOWN STEP	2026-01-08T23:13:47.6061976Z hint: will change to "main" in Git 3.0. To configure the initial branch name
Lint (ESLint)	UNKNOWN STEP	2026-01-08T23:13:47.6063833Z hint: to use in all of your new repositories, which will suppress this warning,
Lint (ESLint)	UNKNOWN STEP	2026-01-08T23:13:47.6065271Z hint: call:
Lint (ESLint)	UNKNOWN STEP	2026-01-08T23:13:47.6066621Z hint:
Lint (ESLint)	UNKNOWN STEP	2026-01-08T23:13:47.6067638Z hint: 	git config --global init.defaultBranch <name>
Lint (ESLint)	UNKNOWN STEP	2026-01-08T23:13:47.6069037Z hint:
Lint (ESLint)	UNKNOWN STEP	2026-01-08T23:13:47.6070199Z hint: Names commonly chosen instead of 'master' are 'main', 'trunk' and
Lint (ESLint)	UNKNOWN STEP	2026-01-08T23:13:47.6071932Z hint: 'development'. The just-created branch can be renamed via this command:
Lint (ESLint)	UNKNOWN STEP	2026-01-08T23:13:47.6073402Z hint:
Lint (ESLint)	UNKNOWN STEP	2026-01-08T23:13:47.6074252Z hint: 	git branch -m <name>
Lint (ESLint)	UNKNOWN STEP	2026-01-08T23:13:47.6075229Z hint:
Lint (ESLint)	UNKNOWN STEP	2026-01-08T23:13:47.6076466Z hint: Disable this message with "git config set advice.defaultBranchName false"
Lint (ESLint)	UNKNOWN STEP	2026-01-08T23:13:47.6078398Z Initialized empty Git repository in /home/runner/work/MinersWar/MinersWar/.git/
Lint (ESLint)	UNKNOWN STEP	2026-01-08T23:13:47.6081276Z [command]/usr/bin/git remote add origin https://github.com/jrdbacosta/MinersWar
Lint (ESLint)	UNKNOWN STEP	2026-01-08T23:13:47.6105377Z ##[endgroup]
Lint (ESLint)	UNKNOWN STEP	2026-01-08T23:13:47.6106933Z ##[group]Disabling automatic garbage collection
Lint (ESLint)	UNKNOWN STEP	2026-01-08T23:13:47.6110138Z [command]/usr/bin/git config --local gc.auto 0
Lint (ESLint)	UNKNOWN STEP	2026-01-08T23:13:47.6138757Z ##[endgroup]
Lint (ESLint)	UNKNOWN STEP	2026-01-08T23:13:47.6139487Z ##[group]Setting up auth
Lint (ESLint)	UNKNOWN STEP	2026-01-08T23:13:47.6140209Z [command]/usr/bin/git config --local --name-only --get-regexp core\.sshCommand
Lint (ESLint)	UNKNOWN STEP	2026-01-08T23:13:47.6163439Z [command]/usr/bin/git submodule foreach --recursive sh -c "git config --local --name-only --get-regexp 'core\.sshCommand' && git config --local --unset-all 'core.sshCommand' || :"
Lint (ESLint)	UNKNOWN STEP	2026-01-08T23:13:47.6431334Z [command]/usr/bin/git config --local --name-only --get-regexp http\.https\:\/\/github\.com\/\.extraheader
Lint (ESLint)	UNKNOWN STEP	2026-01-08T23:13:47.6459158Z [command]/usr/bin/git submodule foreach --recursive sh -c "git config --local --name-only --get-regexp 'http\.https\:\/\/github\.com\/\.extraheader' && git config --local --unset-all 'http.https://github.com/.extraheader' || :"
Lint (ESLint)	UNKNOWN STEP	2026-01-08T23:13:47.6664059Z [command]/usr/bin/git config --local --name-only --get-regexp ^includeIf\.gitdir:
Lint (ESLint)	UNKNOWN STEP	2026-01-08T23:13:47.6694438Z [command]/usr/bin/git submodule foreach --recursive git config --local --show-origin --name-only --get-regexp remote.origin.url
Lint (ESLint)	UNKNOWN STEP	2026-01-08T23:13:47.6895695Z [command]/usr/bin/git config --local http.https://github.com/.extraheader AUTHORIZATION: basic ***
Lint (ESLint)	UNKNOWN STEP	2026-01-08T23:13:47.6929584Z ##[endgroup]
Lint (ESLint)	UNKNOWN STEP	2026-01-08T23:13:47.6931298Z ##[group]Fetching the repository
Lint (ESLint)	UNKNOWN STEP	2026-01-08T23:13:47.6937652Z [command]/usr/bin/git -c protocol.version=2 fetch --no-tags --prune --no-recurse-submodules --depth=1 origin +c01810d0b87d748f9263d9227f09de2a7a327af9:refs/remotes/pull/22/merge
Lint (ESLint)	UNKNOWN STEP	2026-01-08T23:13:48.1988489Z From https://github.com/jrdbacosta/MinersWar
Lint (ESLint)	UNKNOWN STEP	2026-01-08T23:13:48.2014854Z  * [new ref]         c01810d0b87d748f9263d9227f09de2a7a327af9 -> pull/22/merge
Lint (ESLint)	UNKNOWN STEP	2026-01-08T23:13:48.2020544Z ##[endgroup]
Lint (ESLint)	UNKNOWN STEP	2026-01-08T23:13:48.2022369Z ##[group]Determining the checkout info
Lint (ESLint)	UNKNOWN STEP	2026-01-08T23:13:48.2024357Z ##[endgroup]
Lint (ESLint)	UNKNOWN STEP	2026-01-08T23:13:48.2025234Z [command]/usr/bin/git sparse-checkout disable
Lint (ESLint)	UNKNOWN STEP	2026-01-08T23:13:48.2059550Z [command]/usr/bin/git config --local --unset-all extensions.worktreeConfig
Lint (ESLint)	UNKNOWN STEP	2026-01-08T23:13:48.2082732Z ##[group]Checking out the ref
Lint (ESLint)	UNKNOWN STEP	2026-01-08T23:13:48.2086687Z [command]/usr/bin/git checkout --progress --force refs/remotes/pull/22/merge
Lint (ESLint)	UNKNOWN STEP	2026-01-08T23:13:48.2189219Z Note: switching to 'refs/remotes/pull/22/merge'.
Lint (ESLint)	UNKNOWN STEP	2026-01-08T23:13:48.2190144Z 
Lint (ESLint)	UNKNOWN STEP	2026-01-08T23:13:48.2190862Z You are in 'detached HEAD' state. You can look around, make experimental
Lint (ESLint)	UNKNOWN STEP	2026-01-08T23:13:48.2192646Z changes and commit them, and you can discard any commits you make in this
Lint (ESLint)	UNKNOWN STEP	2026-01-08T23:13:48.2194753Z state without impacting any branches by switching back to a branch.
Lint (ESLint)	UNKNOWN STEP	2026-01-08T23:13:48.2195783Z 
Lint (ESLint)	UNKNOWN STEP	2026-01-08T23:13:48.2196445Z If you want to create a new branch to retain commits you create, you may
Lint (ESLint)	UNKNOWN STEP	2026-01-08T23:13:48.2198183Z do so (now or later) by using -c with the switch command. Example:
Lint (ESLint)	UNKNOWN STEP	2026-01-08T23:13:48.2199161Z 
Lint (ESLint)	UNKNOWN STEP	2026-01-08T23:13:48.2199539Z   git switch -c <new-branch-name>
Lint (ESLint)	UNKNOWN STEP	2026-01-08T23:13:48.2200208Z 
Lint (ESLint)	UNKNOWN STEP	2026-01-08T23:13:48.2200546Z Or undo this operation with:
Lint (ESLint)	UNKNOWN STEP	2026-01-08T23:13:48.2201131Z 
Lint (ESLint)	UNKNOWN STEP	2026-01-08T23:13:48.2201433Z   git switch -
Lint (ESLint)	UNKNOWN STEP	2026-01-08T23:13:48.2202119Z 
Lint (ESLint)	UNKNOWN STEP	2026-01-08T23:13:48.2202849Z Turn off this advice by setting config variable advice.detachedHead to false
Lint (ESLint)	UNKNOWN STEP	2026-01-08T23:13:48.2203975Z 
Lint (ESLint)	UNKNOWN STEP	2026-01-08T23:13:48.2205267Z HEAD is now at c01810d Merge 67f7b038591170ef45e06e755a364cbe33c1e6af into 90cb368a2c3cc35d9ad6340291a136c6fc0222ba
Lint (ESLint)	UNKNOWN STEP	2026-01-08T23:13:48.2209301Z ##[endgroup]
Lint (ESLint)	UNKNOWN STEP	2026-01-08T23:13:48.2226328Z [command]/usr/bin/git log -1 --format=%H
Lint (ESLint)	UNKNOWN STEP	2026-01-08T23:13:48.2244922Z c01810d0b87d748f9263d9227f09de2a7a327af9
Lint (ESLint)	UNKNOWN STEP	2026-01-08T23:13:48.2541640Z ##[group]Run actions/setup-node@v4
Lint (ESLint)	UNKNOWN STEP	2026-01-08T23:13:48.2542736Z with:
Lint (ESLint)	UNKNOWN STEP	2026-01-08T23:13:48.2543525Z   node-version: 22
Lint (ESLint)	UNKNOWN STEP	2026-01-08T23:13:48.2544389Z   always-auth: false
Lint (ESLint)	UNKNOWN STEP	2026-01-08T23:13:48.2545264Z   check-latest: false
Lint (ESLint)	UNKNOWN STEP	2026-01-08T23:13:48.2546423Z   token: ***
Lint (ESLint)	UNKNOWN STEP	2026-01-08T23:13:48.2547208Z ##[endgroup]
Lint (ESLint)	UNKNOWN STEP	2026-01-08T23:13:48.4727556Z Found in cache @ /opt/hostedtoolcache/node/22.21.1/x64
Lint (ESLint)	UNKNOWN STEP	2026-01-08T23:13:48.4734611Z ##[group]Environment details
Lint (ESLint)	UNKNOWN STEP	2026-01-08T23:13:51.3711519Z node: v22.21.1
Lint (ESLint)	UNKNOWN STEP	2026-01-08T23:13:51.3712096Z npm: 10.9.4
Lint (ESLint)	UNKNOWN STEP	2026-01-08T23:13:51.3712472Z yarn: 1.22.22
Lint (ESLint)	UNKNOWN STEP	2026-01-08T23:13:51.3719830Z ##[endgroup]
Lint (ESLint)	UNKNOWN STEP	2026-01-08T23:13:51.3818857Z ##[group]Run npm ci
Lint (ESLint)	UNKNOWN STEP	2026-01-08T23:13:51.3819213Z [36;1mnpm ci[0m
Lint (ESLint)	UNKNOWN STEP	2026-01-08T23:13:51.3853608Z shell: /usr/bin/bash -e {0}
Lint (ESLint)	UNKNOWN STEP	2026-01-08T23:13:51.3853901Z env:
Lint (ESLint)	UNKNOWN STEP	2026-01-08T23:13:51.3854103Z   CI: true
Lint (ESLint)	UNKNOWN STEP	2026-01-08T23:13:51.3854305Z ##[endgroup]
Lint (ESLint)	UNKNOWN STEP	2026-01-08T23:13:54.2319834Z npm warn deprecated rimraf@3.0.2: Rimraf versions prior to v4 are no longer supported
Lint (ESLint)	UNKNOWN STEP	2026-01-08T23:13:54.6850788Z npm warn deprecated inflight@1.0.6: This module is not supported, and leaks memory. Do not use it. Check out lru-cache if you want a good and tested way to coalesce async requests by a key value, which is much more comprehensive and powerful.
Lint (ESLint)	UNKNOWN STEP	2026-01-08T23:13:55.9666644Z npm warn deprecated @humanwhocodes/object-schema@2.0.3: Use @eslint/object-schema instead
Lint (ESLint)	UNKNOWN STEP	2026-01-08T23:13:55.9858744Z npm warn deprecated @humanwhocodes/config-array@0.13.0: Use @eslint/config-array instead
Lint (ESLint)	UNKNOWN STEP	2026-01-08T23:13:56.2104441Z npm warn deprecated glob@7.1.7: Glob versions prior to v9 are no longer supported
Lint (ESLint)	UNKNOWN STEP	2026-01-08T23:13:56.2214634Z npm warn deprecated glob@7.2.3: Glob versions prior to v9 are no longer supported
Lint (ESLint)	UNKNOWN STEP	2026-01-08T23:13:58.1001172Z npm warn deprecated eslint@8.57.1: This version is no longer supported. Please see https://eslint.org/version-support for other options.
Lint (ESLint)	UNKNOWN STEP	2026-01-08T23:13:59.8887198Z 
Lint (ESLint)	UNKNOWN STEP	2026-01-08T23:13:59.8888091Z added 501 packages, and audited 502 packages in 8s
Lint (ESLint)	UNKNOWN STEP	2026-01-08T23:13:59.8888531Z 
Lint (ESLint)	UNKNOWN STEP	2026-01-08T23:13:59.8888783Z 177 packages are looking for funding
Lint (ESLint)	UNKNOWN STEP	2026-01-08T23:13:59.8889218Z   run `npm fund` for details
Lint (ESLint)	UNKNOWN STEP	2026-01-08T23:13:59.8910539Z 
Lint (ESLint)	UNKNOWN STEP	2026-01-08T23:13:59.8911144Z 2 low severity vulnerabilities
Lint (ESLint)	UNKNOWN STEP	2026-01-08T23:13:59.8911454Z 
Lint (ESLint)	UNKNOWN STEP	2026-01-08T23:13:59.8911842Z To address all issues (including breaking changes), run:
Lint (ESLint)	UNKNOWN STEP	2026-01-08T23:13:59.8912412Z   npm audit fix --force
Lint (ESLint)	UNKNOWN STEP	2026-01-08T23:13:59.8912677Z 
Lint (ESLint)	UNKNOWN STEP	2026-01-08T23:13:59.8912875Z Run `npm audit` for details.
Lint (ESLint)	UNKNOWN STEP	2026-01-08T23:13:59.9259328Z ##[group]Run npx eslint . || true
Lint (ESLint)	UNKNOWN STEP	2026-01-08T23:13:59.9259642Z [36;1mnpx eslint . || true[0m
Lint (ESLint)	UNKNOWN STEP	2026-01-08T23:13:59.9279208Z shell: /usr/bin/bash -e {0}
Lint (ESLint)	UNKNOWN STEP	2026-01-08T23:13:59.9279456Z ##[endgroup]
Lint (ESLint)	UNKNOWN STEP	2026-01-08T23:14:00.4218445Z 
Lint (ESLint)	UNKNOWN STEP	2026-01-08T23:14:00.4219272Z Oops! Something went wrong! :(
Lint (ESLint)	UNKNOWN STEP	2026-01-08T23:14:00.4219620Z 
Lint (ESLint)	UNKNOWN STEP	2026-01-08T23:14:00.4220538Z ESLint: 8.57.1
Lint (ESLint)	UNKNOWN STEP	2026-01-08T23:14:00.4220828Z 
Lint (ESLint)	UNKNOWN STEP	2026-01-08T23:14:00.4221473Z ConfigError: Config (unnamed): Key "languageOptions": Unexpected key "ecmaFeatures" found.
Lint (ESLint)	UNKNOWN STEP	2026-01-08T23:14:00.4222604Z     at rethrowConfigError (/home/runner/work/MinersWar/MinersWar/node_modules/@humanwhocodes/config-array/api.js:230:8)
Lint (ESLint)	UNKNOWN STEP	2026-01-08T23:14:00.4223748Z     at /home/runner/work/MinersWar/MinersWar/node_modules/@humanwhocodes/config-array/api.js:1032:5
Lint (ESLint)	UNKNOWN STEP	2026-01-08T23:14:00.4224506Z     at Array.reduce (<anonymous>)
Lint (ESLint)	UNKNOWN STEP	2026-01-08T23:14:00.4225658Z     at FlatConfigArray.getConfig (/home/runner/work/MinersWar/MinersWar/node_modules/@humanwhocodes/config-array/api.js:1028:39)
Lint (ESLint)	UNKNOWN STEP	2026-01-08T23:14:00.4227246Z     at FlatConfigArray.isFileIgnored (/home/runner/work/MinersWar/MinersWar/node_modules/@humanwhocodes/config-array/api.js:1060:15)
Lint (ESLint)	UNKNOWN STEP	2026-01-08T23:14:00.4229242Z     at /home/runner/work/MinersWar/MinersWar/node_modules/eslint/lib/eslint/eslint-helpers.js:336:57
Lint (ESLint)	UNKNOWN STEP	2026-01-08T23:14:00.4230038Z     at Array.reduce (<anonymous>)
Lint (ESLint)	UNKNOWN STEP	2026-01-08T23:14:00.4230819Z     at /home/runner/work/MinersWar/MinersWar/node_modules/eslint/lib/eslint/eslint-helpers.js:323:36
Lint (ESLint)	UNKNOWN STEP	2026-01-08T23:14:00.4231957Z     at /home/runner/work/MinersWar/MinersWar/node_modules/eslint/lib/eslint/eslint-helpers.js:286:32
Lint (ESLint)	UNKNOWN STEP	2026-01-08T23:14:00.4233335Z     at Object.isAppliedFilter (/home/runner/work/MinersWar/MinersWar/node_modules/@nodelib/fs.walk/out/readers/common.js:12:31)
Lint (ESLint)	UNKNOWN STEP	2026-01-08T23:14:00.4410603Z Post job cleanup.
Lint (ESLint)	UNKNOWN STEP	2026-01-08T23:14:00.5985521Z Post job cleanup.
Lint (ESLint)	UNKNOWN STEP	2026-01-08T23:14:00.6853929Z [command]/usr/bin/git version
Lint (ESLint)	UNKNOWN STEP	2026-01-08T23:14:00.6893410Z git version 2.52.0
Lint (ESLint)	UNKNOWN STEP	2026-01-08T23:14:00.6931554Z Temporarily overriding HOME='/home/runner/work/_temp/5298daef-ebb5-40d3-a2e3-f2e629560839' before making global git config changes
Lint (ESLint)	UNKNOWN STEP	2026-01-08T23:14:00.6933148Z Adding repository directory to the temporary git global config as a safe directory
Lint (ESLint)	UNKNOWN STEP	2026-01-08T23:14:00.6937632Z [command]/usr/bin/git config --global --add safe.directory /home/runner/work/MinersWar/MinersWar
Lint (ESLint)	UNKNOWN STEP	2026-01-08T23:14:00.6967389Z [command]/usr/bin/git config --local --name-only --get-regexp core\.sshCommand
Lint (ESLint)	UNKNOWN STEP	2026-01-08T23:14:00.6994809Z [command]/usr/bin/git submodule foreach --recursive sh -c "git config --local --name-only --get-regexp 'core\.sshCommand' && git config --local --unset-all 'core.sshCommand' || :"
Lint (ESLint)	UNKNOWN STEP	2026-01-08T23:14:00.7182620Z [command]/usr/bin/git config --local --name-only --get-regexp http\.https\:\/\/github\.com\/\.extraheader
Lint (ESLint)	UNKNOWN STEP	2026-01-08T23:14:00.7199881Z http.https://github.com/.extraheader
Lint (ESLint)	UNKNOWN STEP	2026-01-08T23:14:00.7210201Z [command]/usr/bin/git config --local --unset-all http.https://github.com/.extraheader
Lint (ESLint)	UNKNOWN STEP	2026-01-08T23:14:00.7234223Z [command]/usr/bin/git submodule foreach --recursive sh -c "git config --local --name-only --get-regexp 'http\.https\:\/\/github\.com\/\.extraheader' && git config --local --unset-all 'http.https://github.com/.extraheader' || :"
Lint (ESLint)	UNKNOWN STEP	2026-01-08T23:14:00.7417769Z [command]/usr/bin/git config --local --name-only --get-regexp ^includeIf\.gitdir:
Lint (ESLint)	UNKNOWN STEP	2026-01-08T23:14:00.7445163Z [command]/usr/bin/git submodule foreach --recursive git config --local --show-origin --name-only --get-regexp remote.origin.url
Lint (ESLint)	UNKNOWN STEP	2026-01-08T23:14:00.7729893Z Cleaning up orphan processes
Coverage (optional)	UNKNOWN STEP	ï»¿2026-01-08T23:14:27.9392407Z Current runner version: '2.330.0'
Coverage (optional)	UNKNOWN STEP	2026-01-08T23:14:27.9416202Z ##[group]Runner Image Provisioner
Coverage (optional)	UNKNOWN STEP	2026-01-08T23:14:27.9416939Z Hosted Compute Agent
Coverage (optional)	UNKNOWN STEP	2026-01-08T23:14:27.9417508Z Version: 20251211.462
Coverage (optional)	UNKNOWN STEP	2026-01-08T23:14:27.9418059Z Commit: 6cbad8c2bb55d58165063d031ccabf57e2d2db61
Coverage (optional)	UNKNOWN STEP	2026-01-08T23:14:27.9418657Z Build Date: 2025-12-11T16:28:49Z
Coverage (optional)	UNKNOWN STEP	2026-01-08T23:14:27.9419289Z Worker ID: {f40f7ef2-371b-4d0e-b722-0112e6e94075}
Coverage (optional)	UNKNOWN STEP	2026-01-08T23:14:27.9419888Z ##[endgroup]
Coverage (optional)	UNKNOWN STEP	2026-01-08T23:14:27.9420368Z ##[group]Operating System
Coverage (optional)	UNKNOWN STEP	2026-01-08T23:14:27.9420923Z Ubuntu
Coverage (optional)	UNKNOWN STEP	2026-01-08T23:14:27.9421323Z 24.04.3
Coverage (optional)	UNKNOWN STEP	2026-01-08T23:14:27.9421742Z LTS
Coverage (optional)	UNKNOWN STEP	2026-01-08T23:14:27.9422143Z ##[endgroup]
Coverage (optional)	UNKNOWN STEP	2026-01-08T23:14:27.9422618Z ##[group]Runner Image
Coverage (optional)	UNKNOWN STEP	2026-01-08T23:14:27.9423309Z Image: ubuntu-24.04
Coverage (optional)	UNKNOWN STEP	2026-01-08T23:14:27.9423878Z Version: 20260105.202.1
Coverage (optional)	UNKNOWN STEP	2026-01-08T23:14:27.9424756Z Included Software: https://github.com/actions/runner-images/blob/ubuntu24/20260105.202/images/ubuntu/Ubuntu2404-Readme.md
Coverage (optional)	UNKNOWN STEP	2026-01-08T23:14:27.9426120Z Image Release: https://github.com/actions/runner-images/releases/tag/ubuntu24%2F20260105.202
Coverage (optional)	UNKNOWN STEP	2026-01-08T23:14:27.9427016Z ##[endgroup]
Coverage (optional)	UNKNOWN STEP	2026-01-08T23:14:27.9427954Z ##[group]GITHUB_TOKEN Permissions
Coverage (optional)	UNKNOWN STEP	2026-01-08T23:14:27.9430015Z Contents: read
Coverage (optional)	UNKNOWN STEP	2026-01-08T23:14:27.9430463Z Metadata: read
Coverage (optional)	UNKNOWN STEP	2026-01-08T23:14:27.9430894Z Packages: read
Coverage (optional)	UNKNOWN STEP	2026-01-08T23:14:27.9431396Z ##[endgroup]
Coverage (optional)	UNKNOWN STEP	2026-01-08T23:14:27.9433757Z Secret source: Dependabot
Coverage (optional)	UNKNOWN STEP	2026-01-08T23:14:27.9434556Z Prepare workflow directory
Coverage (optional)	UNKNOWN STEP	2026-01-08T23:14:27.9741342Z Prepare all required actions
Coverage (optional)	UNKNOWN STEP	2026-01-08T23:14:27.9778920Z Getting action download info
Coverage (optional)	UNKNOWN STEP	2026-01-08T23:14:28.3891216Z Download action repository 'actions/checkout@v4' (SHA:34e114876b0b11c390a56381ad16ebd13914f8d5)
Coverage (optional)	UNKNOWN STEP	2026-01-08T23:14:28.4762930Z Download action repository 'actions/setup-node@v4' (SHA:49933ea5288caeca8642d1e84afbd3f7d6820020)
Coverage (optional)	UNKNOWN STEP	2026-01-08T23:14:28.5477545Z Download action repository 'codecov/codecov-action@v4' (SHA:b9fd7d16f6d7d1b5d2bec1a2887e65ceed900238)
Coverage (optional)	UNKNOWN STEP	2026-01-08T23:14:29.4734118Z Complete job name: Coverage (optional)
Coverage (optional)	UNKNOWN STEP	2026-01-08T23:14:29.5503687Z ##[group]Run actions/checkout@v4
Coverage (optional)	UNKNOWN STEP	2026-01-08T23:14:29.5504686Z with:
Coverage (optional)	UNKNOWN STEP	2026-01-08T23:14:29.5505176Z   repository: jrdbacosta/MinersWar
Coverage (optional)	UNKNOWN STEP	2026-01-08T23:14:29.5505992Z   token: ***
Coverage (optional)	UNKNOWN STEP	2026-01-08T23:14:29.5506429Z   ssh-strict: true
Coverage (optional)	UNKNOWN STEP	2026-01-08T23:14:29.5506875Z   ssh-user: git
Coverage (optional)	UNKNOWN STEP	2026-01-08T23:14:29.5507357Z   persist-credentials: true
Coverage (optional)	UNKNOWN STEP	2026-01-08T23:14:29.5507862Z   clean: true
Coverage (optional)	UNKNOWN STEP	2026-01-08T23:14:29.5508321Z   sparse-checkout-cone-mode: true
Coverage (optional)	UNKNOWN STEP	2026-01-08T23:14:29.5508864Z   fetch-depth: 1
Coverage (optional)	UNKNOWN STEP	2026-01-08T23:14:29.5509318Z   fetch-tags: false
Coverage (optional)	UNKNOWN STEP	2026-01-08T23:14:29.5509778Z   show-progress: true
Coverage (optional)	UNKNOWN STEP	2026-01-08T23:14:29.5510232Z   lfs: false
Coverage (optional)	UNKNOWN STEP	2026-01-08T23:14:29.5510668Z   submodules: false
Coverage (optional)	UNKNOWN STEP	2026-01-08T23:14:29.5511142Z   set-safe-directory: true
Coverage (optional)	UNKNOWN STEP	2026-01-08T23:14:29.5511888Z ##[endgroup]
Coverage (optional)	UNKNOWN STEP	2026-01-08T23:14:29.6563573Z Syncing repository: jrdbacosta/MinersWar
Coverage (optional)	UNKNOWN STEP	2026-01-08T23:14:29.6565651Z ##[group]Getting Git version info
Coverage (optional)	UNKNOWN STEP	2026-01-08T23:14:29.6566525Z Working directory is '/home/runner/work/MinersWar/MinersWar'
Coverage (optional)	UNKNOWN STEP	2026-01-08T23:14:29.6567717Z [command]/usr/bin/git version
Coverage (optional)	UNKNOWN STEP	2026-01-08T23:14:29.6608229Z git version 2.52.0
Coverage (optional)	UNKNOWN STEP	2026-01-08T23:14:29.6633808Z ##[endgroup]
Coverage (optional)	UNKNOWN STEP	2026-01-08T23:14:29.6647680Z Temporarily overriding HOME='/home/runner/work/_temp/392ea8a4-1ccc-497b-a14f-33c70ac8b971' before making global git config changes
Coverage (optional)	UNKNOWN STEP	2026-01-08T23:14:29.6651295Z Adding repository directory to the temporary git global config as a safe directory
Coverage (optional)	UNKNOWN STEP	2026-01-08T23:14:29.6655567Z [command]/usr/bin/git config --global --add safe.directory /home/runner/work/MinersWar/MinersWar
Coverage (optional)	UNKNOWN STEP	2026-01-08T23:14:29.6688890Z Deleting the contents of '/home/runner/work/MinersWar/MinersWar'
Coverage (optional)	UNKNOWN STEP	2026-01-08T23:14:29.6692675Z ##[group]Initializing the repository
Coverage (optional)	UNKNOWN STEP	2026-01-08T23:14:29.6697439Z [command]/usr/bin/git init /home/runner/work/MinersWar/MinersWar
Coverage (optional)	UNKNOWN STEP	2026-01-08T23:14:29.6775394Z hint: Using 'master' as the name for the initial branch. This default branch name
Coverage (optional)	UNKNOWN STEP	2026-01-08T23:14:29.6777663Z hint: will change to "main" in Git 3.0. To configure the initial branch name
Coverage (optional)	UNKNOWN STEP	2026-01-08T23:14:29.6780263Z hint: to use in all of your new repositories, which will suppress this warning,
Coverage (optional)	UNKNOWN STEP	2026-01-08T23:14:29.6781974Z hint: call:
Coverage (optional)	UNKNOWN STEP	2026-01-08T23:14:29.6782891Z hint:
Coverage (optional)	UNKNOWN STEP	2026-01-08T23:14:29.6784466Z hint: 	git config --global init.defaultBranch <name>
Coverage (optional)	UNKNOWN STEP	2026-01-08T23:14:29.6785665Z hint:
Coverage (optional)	UNKNOWN STEP	2026-01-08T23:14:29.6786904Z hint: Names commonly chosen instead of 'master' are 'main', 'trunk' and
Coverage (optional)	UNKNOWN STEP	2026-01-08T23:14:29.6788584Z hint: 'development'. The just-created branch can be renamed via this command:
Coverage (optional)	UNKNOWN STEP	2026-01-08T23:14:29.6790046Z hint:
Coverage (optional)	UNKNOWN STEP	2026-01-08T23:14:29.6790865Z hint: 	git branch -m <name>
Coverage (optional)	UNKNOWN STEP	2026-01-08T23:14:29.6791796Z hint:
Coverage (optional)	UNKNOWN STEP	2026-01-08T23:14:29.6793183Z hint: Disable this message with "git config set advice.defaultBranchName false"
Coverage (optional)	UNKNOWN STEP	2026-01-08T23:14:29.6795027Z Initialized empty Git repository in /home/runner/work/MinersWar/MinersWar/.git/
Coverage (optional)	UNKNOWN STEP	2026-01-08T23:14:29.6797822Z [command]/usr/bin/git remote add origin https://github.com/jrdbacosta/MinersWar
Coverage (optional)	UNKNOWN STEP	2026-01-08T23:14:29.6822306Z ##[endgroup]
Coverage (optional)	UNKNOWN STEP	2026-01-08T23:14:29.6824021Z ##[group]Disabling automatic garbage collection
Coverage (optional)	UNKNOWN STEP	2026-01-08T23:14:29.6827113Z [command]/usr/bin/git config --local gc.auto 0
Coverage (optional)	UNKNOWN STEP	2026-01-08T23:14:29.6852042Z ##[endgroup]
Coverage (optional)	UNKNOWN STEP	2026-01-08T23:14:29.6853469Z ##[group]Setting up auth
Coverage (optional)	UNKNOWN STEP	2026-01-08T23:14:29.6859528Z [command]/usr/bin/git config --local --name-only --get-regexp core\.sshCommand
Coverage (optional)	UNKNOWN STEP	2026-01-08T23:14:29.6885215Z [command]/usr/bin/git submodule foreach --recursive sh -c "git config --local --name-only --get-regexp 'core\.sshCommand' && git config --local --unset-all 'core.sshCommand' || :"
Coverage (optional)	UNKNOWN STEP	2026-01-08T23:14:29.7175497Z [command]/usr/bin/git config --local --name-only --get-regexp http\.https\:\/\/github\.com\/\.extraheader
Coverage (optional)	UNKNOWN STEP	2026-01-08T23:14:29.7199838Z [command]/usr/bin/git submodule foreach --recursive sh -c "git config --local --name-only --get-regexp 'http\.https\:\/\/github\.com\/\.extraheader' && git config --local --unset-all 'http.https://github.com/.extraheader' || :"
Coverage (optional)	UNKNOWN STEP	2026-01-08T23:14:29.7377388Z [command]/usr/bin/git config --local --name-only --get-regexp ^includeIf\.gitdir:
Coverage (optional)	UNKNOWN STEP	2026-01-08T23:14:29.7402775Z [command]/usr/bin/git submodule foreach --recursive git config --local --show-origin --name-only --get-regexp remote.origin.url
Coverage (optional)	UNKNOWN STEP	2026-01-08T23:14:29.7572203Z [command]/usr/bin/git config --local http.https://github.com/.extraheader AUTHORIZATION: basic ***
Coverage (optional)	UNKNOWN STEP	2026-01-08T23:14:29.7601783Z ##[endgroup]
Coverage (optional)	UNKNOWN STEP	2026-01-08T23:14:29.7603480Z ##[group]Fetching the repository
Coverage (optional)	UNKNOWN STEP	2026-01-08T23:14:29.7611640Z [command]/usr/bin/git -c protocol.version=2 fetch --no-tags --prune --no-recurse-submodules --depth=1 origin +c01810d0b87d748f9263d9227f09de2a7a327af9:refs/remotes/pull/22/merge
Coverage (optional)	UNKNOWN STEP	2026-01-08T23:14:30.3000269Z From https://github.com/jrdbacosta/MinersWar
Coverage (optional)	UNKNOWN STEP	2026-01-08T23:14:30.3001228Z  * [new ref]         c01810d0b87d748f9263d9227f09de2a7a327af9 -> pull/22/merge
Coverage (optional)	UNKNOWN STEP	2026-01-08T23:14:30.3026057Z ##[endgroup]
Coverage (optional)	UNKNOWN STEP	2026-01-08T23:14:30.3027519Z ##[group]Determining the checkout info
Coverage (optional)	UNKNOWN STEP	2026-01-08T23:14:30.3029167Z ##[endgroup]
Coverage (optional)	UNKNOWN STEP	2026-01-08T23:14:30.3034430Z [command]/usr/bin/git sparse-checkout disable
Coverage (optional)	UNKNOWN STEP	2026-01-08T23:14:30.3067676Z [command]/usr/bin/git config --local --unset-all extensions.worktreeConfig
Coverage (optional)	UNKNOWN STEP	2026-01-08T23:14:30.3088316Z ##[group]Checking out the ref
Coverage (optional)	UNKNOWN STEP	2026-01-08T23:14:30.3092176Z [command]/usr/bin/git checkout --progress --force refs/remotes/pull/22/merge
Coverage (optional)	UNKNOWN STEP	2026-01-08T23:14:30.3193267Z Note: switching to 'refs/remotes/pull/22/merge'.
Coverage (optional)	UNKNOWN STEP	2026-01-08T23:14:30.3194371Z 
Coverage (optional)	UNKNOWN STEP	2026-01-08T23:14:30.3195227Z You are in 'detached HEAD' state. You can look around, make experimental
Coverage (optional)	UNKNOWN STEP	2026-01-08T23:14:30.3196374Z changes and commit them, and you can discard any commits you make in this
Coverage (optional)	UNKNOWN STEP	2026-01-08T23:14:30.3197489Z state without impacting any branches by switching back to a branch.
Coverage (optional)	UNKNOWN STEP	2026-01-08T23:14:30.3198439Z 
Coverage (optional)	UNKNOWN STEP	2026-01-08T23:14:30.3199265Z If you want to create a new branch to retain commits you create, you may
Coverage (optional)	UNKNOWN STEP	2026-01-08T23:14:30.3200824Z do so (now or later) by using -c with the switch command. Example:
Coverage (optional)	UNKNOWN STEP	2026-01-08T23:14:30.3201424Z 
Coverage (optional)	UNKNOWN STEP	2026-01-08T23:14:30.3201771Z   git switch -c <new-branch-name>
Coverage (optional)	UNKNOWN STEP	2026-01-08T23:14:30.3202309Z 
Coverage (optional)	UNKNOWN STEP	2026-01-08T23:14:30.3202832Z Or undo this operation with:
Coverage (optional)	UNKNOWN STEP	2026-01-08T23:14:30.3203409Z 
Coverage (optional)	UNKNOWN STEP	2026-01-08T23:14:30.3203657Z   git switch -
Coverage (optional)	UNKNOWN STEP	2026-01-08T23:14:30.3203968Z 
Coverage (optional)	UNKNOWN STEP	2026-01-08T23:14:30.3204456Z Turn off this advice by setting config variable advice.detachedHead to false
Coverage (optional)	UNKNOWN STEP	2026-01-08T23:14:30.3205162Z 
Coverage (optional)	UNKNOWN STEP	2026-01-08T23:14:30.3205944Z HEAD is now at c01810d Merge 67f7b038591170ef45e06e755a364cbe33c1e6af into 90cb368a2c3cc35d9ad6340291a136c6fc0222ba
Coverage (optional)	UNKNOWN STEP	2026-01-08T23:14:30.3208378Z ##[endgroup]
Coverage (optional)	UNKNOWN STEP	2026-01-08T23:14:30.3227303Z [command]/usr/bin/git log -1 --format=%H
Coverage (optional)	UNKNOWN STEP	2026-01-08T23:14:30.3244600Z c01810d0b87d748f9263d9227f09de2a7a327af9
Coverage (optional)	UNKNOWN STEP	2026-01-08T23:14:30.3474012Z ##[group]Run actions/setup-node@v4
Coverage (optional)	UNKNOWN STEP	2026-01-08T23:14:30.3474605Z with:
Coverage (optional)	UNKNOWN STEP	2026-01-08T23:14:30.3475027Z   node-version: 22
Coverage (optional)	UNKNOWN STEP	2026-01-08T23:14:30.3475479Z   always-auth: false
Coverage (optional)	UNKNOWN STEP	2026-01-08T23:14:30.3475936Z   check-latest: false
Coverage (optional)	UNKNOWN STEP	2026-01-08T23:14:30.3476600Z   token: ***
Coverage (optional)	UNKNOWN STEP	2026-01-08T23:14:30.3477023Z ##[endgroup]
Coverage (optional)	UNKNOWN STEP	2026-01-08T23:14:30.5119970Z Found in cache @ /opt/hostedtoolcache/node/22.21.1/x64
Coverage (optional)	UNKNOWN STEP	2026-01-08T23:14:30.5127307Z ##[group]Environment details
Coverage (optional)	UNKNOWN STEP	2026-01-08T23:14:30.8444608Z node: v22.21.1
Coverage (optional)	UNKNOWN STEP	2026-01-08T23:14:30.8445647Z npm: 10.9.4
Coverage (optional)	UNKNOWN STEP	2026-01-08T23:14:30.8446491Z yarn: 1.22.22
Coverage (optional)	UNKNOWN STEP	2026-01-08T23:14:30.8447749Z ##[endgroup]
Coverage (optional)	UNKNOWN STEP	2026-01-08T23:14:30.8618549Z ##[group]Run npm ci
Coverage (optional)	UNKNOWN STEP	2026-01-08T23:14:30.8619563Z [36;1mnpm ci[0m
Coverage (optional)	UNKNOWN STEP	2026-01-08T23:14:30.8654940Z shell: /usr/bin/bash -e {0}
Coverage (optional)	UNKNOWN STEP	2026-01-08T23:14:30.8655967Z ##[endgroup]
Coverage (optional)	UNKNOWN STEP	2026-01-08T23:14:32.6397452Z npm warn deprecated rimraf@3.0.2: Rimraf versions prior to v4 are no longer supported
Coverage (optional)	UNKNOWN STEP	2026-01-08T23:14:33.0890086Z npm warn deprecated inflight@1.0.6: This module is not supported, and leaks memory. Do not use it. Check out lru-cache if you want a good and tested way to coalesce async requests by a key value, which is much more comprehensive and powerful.
Coverage (optional)	UNKNOWN STEP	2026-01-08T23:14:34.0999618Z npm warn deprecated @humanwhocodes/object-schema@2.0.3: Use @eslint/object-schema instead
Coverage (optional)	UNKNOWN STEP	2026-01-08T23:14:34.1001685Z npm warn deprecated @humanwhocodes/config-array@0.13.0: Use @eslint/config-array instead
Coverage (optional)	UNKNOWN STEP	2026-01-08T23:14:34.2607824Z npm warn deprecated glob@7.1.7: Glob versions prior to v9 are no longer supported
Coverage (optional)	UNKNOWN STEP	2026-01-08T23:14:34.2939185Z npm warn deprecated glob@7.2.3: Glob versions prior to v9 are no longer supported
Coverage (optional)	UNKNOWN STEP	2026-01-08T23:14:36.4616770Z npm warn deprecated eslint@8.57.1: This version is no longer supported. Please see https://eslint.org/version-support for other options.
Coverage (optional)	UNKNOWN STEP	2026-01-08T23:14:38.2441563Z 
Coverage (optional)	UNKNOWN STEP	2026-01-08T23:14:38.2442828Z added 501 packages, and audited 502 packages in 7s
Coverage (optional)	UNKNOWN STEP	2026-01-08T23:14:38.2445486Z 
Coverage (optional)	UNKNOWN STEP	2026-01-08T23:14:38.2445832Z 177 packages are looking for funding
Coverage (optional)	UNKNOWN STEP	2026-01-08T23:14:38.2446363Z   run `npm fund` for details
Coverage (optional)	UNKNOWN STEP	2026-01-08T23:14:38.2470388Z 
Coverage (optional)	UNKNOWN STEP	2026-01-08T23:14:38.2486154Z 2 low severity vulnerabilities
Coverage (optional)	UNKNOWN STEP	2026-01-08T23:14:38.2486678Z 
Coverage (optional)	UNKNOWN STEP	2026-01-08T23:14:38.2487157Z To address all issues (including breaking changes), run:
Coverage (optional)	UNKNOWN STEP	2026-01-08T23:14:38.2487790Z   npm audit fix --force
Coverage (optional)	UNKNOWN STEP	2026-01-08T23:14:38.2488080Z 
Coverage (optional)	UNKNOWN STEP	2026-01-08T23:14:38.2488304Z Run `npm audit` for details.
Coverage (optional)	UNKNOWN STEP	2026-01-08T23:14:38.2915188Z ##[group]Run if [ -f coverage/lcov.info ]; then echo "exists=true" >> $GITHUB_OUTPUT; else echo "exists=false" >> $GITHUB_OUTPUT; fi
Coverage (optional)	UNKNOWN STEP	2026-01-08T23:14:38.2916006Z [36;1mif [ -f coverage/lcov.info ]; then echo "exists=true" >> $GITHUB_OUTPUT; else echo "exists=false" >> $GITHUB_OUTPUT; fi[0m
Coverage (optional)	UNKNOWN STEP	2026-01-08T23:14:38.2935829Z shell: /usr/bin/bash -e {0}
Coverage (optional)	UNKNOWN STEP	2026-01-08T23:14:38.2936089Z ##[endgroup]
Coverage (optional)	UNKNOWN STEP	2026-01-08T23:14:38.3062738Z Post job cleanup.
Coverage (optional)	UNKNOWN STEP	2026-01-08T23:14:38.4752986Z Post job cleanup.
Coverage (optional)	UNKNOWN STEP	2026-01-08T23:14:38.5634880Z [command]/usr/bin/git version
Coverage (optional)	UNKNOWN STEP	2026-01-08T23:14:38.5679757Z git version 2.52.0
Coverage (optional)	UNKNOWN STEP	2026-01-08T23:14:38.5719435Z Temporarily overriding HOME='/home/runner/work/_temp/8bb2e8e4-63ac-4330-9db0-fb9efdb4d5cb' before making global git config changes
Coverage (optional)	UNKNOWN STEP	2026-01-08T23:14:38.5721091Z Adding repository directory to the temporary git global config as a safe directory
Coverage (optional)	UNKNOWN STEP	2026-01-08T23:14:38.5724352Z [command]/usr/bin/git config --global --add safe.directory /home/runner/work/MinersWar/MinersWar
Coverage (optional)	UNKNOWN STEP	2026-01-08T23:14:38.5754393Z [command]/usr/bin/git config --local --name-only --get-regexp core\.sshCommand
Coverage (optional)	UNKNOWN STEP	2026-01-08T23:14:38.5781768Z [command]/usr/bin/git submodule foreach --recursive sh -c "git config --local --name-only --get-regexp 'core\.sshCommand' && git config --local --unset-all 'core.sshCommand' || :"
Coverage (optional)	UNKNOWN STEP	2026-01-08T23:14:38.5998568Z [command]/usr/bin/git config --local --name-only --get-regexp http\.https\:\/\/github\.com\/\.extraheader
Coverage (optional)	UNKNOWN STEP	2026-01-08T23:14:38.6021342Z http.https://github.com/.extraheader
Coverage (optional)	UNKNOWN STEP	2026-01-08T23:14:38.6041818Z [command]/usr/bin/git config --local --unset-all http.https://github.com/.extraheader
Coverage (optional)	UNKNOWN STEP	2026-01-08T23:14:38.6077530Z [command]/usr/bin/git submodule foreach --recursive sh -c "git config --local --name-only --get-regexp 'http\.https\:\/\/github\.com\/\.extraheader' && git config --local --unset-all 'http.https://github.com/.extraheader' || :"
Coverage (optional)	UNKNOWN STEP	2026-01-08T23:14:38.6322225Z [command]/usr/bin/git config --local --name-only --get-regexp ^includeIf\.gitdir:
Coverage (optional)	UNKNOWN STEP	2026-01-08T23:14:38.6359995Z [command]/usr/bin/git submodule foreach --recursive git config --local --show-origin --name-only --get-regexp remote.origin.url
Coverage (optional)	UNKNOWN STEP	2026-01-08T23:14:38.6721135Z Cleaning up orphan processes
Static analysis (Slither)	UNKNOWN STEP	ï»¿2026-01-08T23:14:27.7969894Z Current runner version: '2.330.0'
Static analysis (Slither)	UNKNOWN STEP	2026-01-08T23:14:27.7995157Z ##[group]Runner Image Provisioner
Static analysis (Slither)	UNKNOWN STEP	2026-01-08T23:14:27.7996247Z Hosted Compute Agent
Static analysis (Slither)	UNKNOWN STEP	2026-01-08T23:14:27.7996763Z Version: 20251211.462
Static analysis (Slither)	UNKNOWN STEP	2026-01-08T23:14:27.7997323Z Commit: 6cbad8c2bb55d58165063d031ccabf57e2d2db61
Static analysis (Slither)	UNKNOWN STEP	2026-01-08T23:14:27.7997946Z Build Date: 2025-12-11T16:28:49Z
Static analysis (Slither)	UNKNOWN STEP	2026-01-08T23:14:27.7998529Z Worker ID: {70a753e2-591c-4aae-9dfd-5d2ead831adb}
Static analysis (Slither)	UNKNOWN STEP	2026-01-08T23:14:27.7999168Z ##[endgroup]
Static analysis (Slither)	UNKNOWN STEP	2026-01-08T23:14:27.7999617Z ##[group]Operating System
Static analysis (Slither)	UNKNOWN STEP	2026-01-08T23:14:27.8000136Z Ubuntu
Static analysis (Slither)	UNKNOWN STEP	2026-01-08T23:14:27.8000531Z 24.04.3
Static analysis (Slither)	UNKNOWN STEP	2026-01-08T23:14:27.8000939Z LTS
Static analysis (Slither)	UNKNOWN STEP	2026-01-08T23:14:27.8001297Z ##[endgroup]
Static analysis (Slither)	UNKNOWN STEP	2026-01-08T23:14:27.8001792Z ##[group]Runner Image
Static analysis (Slither)	UNKNOWN STEP	2026-01-08T23:14:27.8002281Z Image: ubuntu-24.04
Static analysis (Slither)	UNKNOWN STEP	2026-01-08T23:14:27.8002688Z Version: 20260105.202.1
Static analysis (Slither)	UNKNOWN STEP	2026-01-08T23:14:27.8003602Z Included Software: https://github.com/actions/runner-images/blob/ubuntu24/20260105.202/images/ubuntu/Ubuntu2404-Readme.md
Static analysis (Slither)	UNKNOWN STEP	2026-01-08T23:14:27.8004958Z Image Release: https://github.com/actions/runner-images/releases/tag/ubuntu24%2F20260105.202
Static analysis (Slither)	UNKNOWN STEP	2026-01-08T23:14:27.8005996Z ##[endgroup]
Static analysis (Slither)	UNKNOWN STEP	2026-01-08T23:14:27.8006977Z ##[group]GITHUB_TOKEN Permissions
Static analysis (Slither)	UNKNOWN STEP	2026-01-08T23:14:27.8009219Z Contents: read
Static analysis (Slither)	UNKNOWN STEP	2026-01-08T23:14:27.8009776Z Metadata: read
Static analysis (Slither)	UNKNOWN STEP	2026-01-08T23:14:27.8010200Z Packages: read
Static analysis (Slither)	UNKNOWN STEP	2026-01-08T23:14:27.8010703Z ##[endgroup]
Static analysis (Slither)	UNKNOWN STEP	2026-01-08T23:14:27.8012832Z Secret source: Dependabot
Static analysis (Slither)	UNKNOWN STEP	2026-01-08T23:14:27.8013460Z Prepare workflow directory
Static analysis (Slither)	UNKNOWN STEP	2026-01-08T23:14:27.8340609Z Prepare all required actions
Static analysis (Slither)	UNKNOWN STEP	2026-01-08T23:14:27.8402051Z Getting action download info
Static analysis (Slither)	UNKNOWN STEP	2026-01-08T23:14:28.2027200Z Download action repository 'actions/checkout@v4' (SHA:34e114876b0b11c390a56381ad16ebd13914f8d5)
Static analysis (Slither)	UNKNOWN STEP	2026-01-08T23:14:28.3857098Z Complete job name: Static analysis (Slither)
Static analysis (Slither)	UNKNOWN STEP	2026-01-08T23:14:28.4486440Z ##[group]Run actions/checkout@v4
Static analysis (Slither)	UNKNOWN STEP	2026-01-08T23:14:28.4487384Z with:
Static analysis (Slither)	UNKNOWN STEP	2026-01-08T23:14:28.4487829Z   repository: jrdbacosta/MinersWar
Static analysis (Slither)	UNKNOWN STEP	2026-01-08T23:14:28.4488599Z   token: ***
Static analysis (Slither)	UNKNOWN STEP	2026-01-08T23:14:28.4489054Z   ssh-strict: true
Static analysis (Slither)	UNKNOWN STEP	2026-01-08T23:14:28.4489519Z   ssh-user: git
Static analysis (Slither)	UNKNOWN STEP	2026-01-08T23:14:28.4489963Z   persist-credentials: true
Static analysis (Slither)	UNKNOWN STEP	2026-01-08T23:14:28.4490389Z   clean: true
Static analysis (Slither)	UNKNOWN STEP	2026-01-08T23:14:28.4490877Z   sparse-checkout-cone-mode: true
Static analysis (Slither)	UNKNOWN STEP	2026-01-08T23:14:28.4491343Z   fetch-depth: 1
Static analysis (Slither)	UNKNOWN STEP	2026-01-08T23:14:28.4491759Z   fetch-tags: false
Static analysis (Slither)	UNKNOWN STEP	2026-01-08T23:14:28.4492210Z   show-progress: true
Static analysis (Slither)	UNKNOWN STEP	2026-01-08T23:14:28.4492649Z   lfs: false
Static analysis (Slither)	UNKNOWN STEP	2026-01-08T23:14:28.4493033Z   submodules: false
Static analysis (Slither)	UNKNOWN STEP	2026-01-08T23:14:28.4493498Z   set-safe-directory: true
Static analysis (Slither)	UNKNOWN STEP	2026-01-08T23:14:28.4494200Z ##[endgroup]
Static analysis (Slither)	UNKNOWN STEP	2026-01-08T23:14:28.5540293Z Syncing repository: jrdbacosta/MinersWar
Static analysis (Slither)	UNKNOWN STEP	2026-01-08T23:14:28.5542366Z ##[group]Getting Git version info
Static analysis (Slither)	UNKNOWN STEP	2026-01-08T23:14:28.5543066Z Working directory is '/home/runner/work/MinersWar/MinersWar'
Static analysis (Slither)	UNKNOWN STEP	2026-01-08T23:14:28.5544164Z [command]/usr/bin/git version
Static analysis (Slither)	UNKNOWN STEP	2026-01-08T23:14:28.5593202Z git version 2.52.0
Static analysis (Slither)	UNKNOWN STEP	2026-01-08T23:14:28.5616719Z ##[endgroup]
Static analysis (Slither)	UNKNOWN STEP	2026-01-08T23:14:28.5631618Z Temporarily overriding HOME='/home/runner/work/_temp/5903bb90-a118-4d16-9591-b2e182542111' before making global git config changes
Static analysis (Slither)	UNKNOWN STEP	2026-01-08T23:14:28.5634630Z Adding repository directory to the temporary git global config as a safe directory
Static analysis (Slither)	UNKNOWN STEP	2026-01-08T23:14:28.5639206Z [command]/usr/bin/git config --global --add safe.directory /home/runner/work/MinersWar/MinersWar
Static analysis (Slither)	UNKNOWN STEP	2026-01-08T23:14:28.5676737Z Deleting the contents of '/home/runner/work/MinersWar/MinersWar'
Static analysis (Slither)	UNKNOWN STEP	2026-01-08T23:14:28.5680698Z ##[group]Initializing the repository
Static analysis (Slither)	UNKNOWN STEP	2026-01-08T23:14:28.5685061Z [command]/usr/bin/git init /home/runner/work/MinersWar/MinersWar
Static analysis (Slither)	UNKNOWN STEP	2026-01-08T23:14:28.5887138Z hint: Using 'master' as the name for the initial branch. This default branch name
Static analysis (Slither)	UNKNOWN STEP	2026-01-08T23:14:28.5888631Z hint: will change to "main" in Git 3.0. To configure the initial branch name
Static analysis (Slither)	UNKNOWN STEP	2026-01-08T23:14:28.5890222Z hint: to use in all of your new repositories, which will suppress this warning,
Static analysis (Slither)	UNKNOWN STEP	2026-01-08T23:14:28.5891451Z hint: call:
Static analysis (Slither)	UNKNOWN STEP	2026-01-08T23:14:28.5892068Z hint:
Static analysis (Slither)	UNKNOWN STEP	2026-01-08T23:14:28.5892894Z hint: 	git config --global init.defaultBranch <name>
Static analysis (Slither)	UNKNOWN STEP	2026-01-08T23:14:28.5894198Z hint:
Static analysis (Slither)	UNKNOWN STEP	2026-01-08T23:14:28.5895011Z hint: Names commonly chosen instead of 'master' are 'main', 'trunk' and
Static analysis (Slither)	UNKNOWN STEP	2026-01-08T23:14:28.5896714Z hint: 'development'. The just-created branch can be renamed via this command:
Static analysis (Slither)	UNKNOWN STEP	2026-01-08T23:14:28.5897836Z hint:
Static analysis (Slither)	UNKNOWN STEP	2026-01-08T23:14:28.5898522Z hint: 	git branch -m <name>
Static analysis (Slither)	UNKNOWN STEP	2026-01-08T23:14:28.5899285Z hint:
Static analysis (Slither)	UNKNOWN STEP	2026-01-08T23:14:28.5900210Z hint: Disable this message with "git config set advice.defaultBranchName false"
Static analysis (Slither)	UNKNOWN STEP	2026-01-08T23:14:28.5901854Z Initialized empty Git repository in /home/runner/work/MinersWar/MinersWar/.git/
Static analysis (Slither)	UNKNOWN STEP	2026-01-08T23:14:28.5904662Z [command]/usr/bin/git remote add origin https://github.com/jrdbacosta/MinersWar
Static analysis (Slither)	UNKNOWN STEP	2026-01-08T23:14:28.5933561Z ##[endgroup]
Static analysis (Slither)	UNKNOWN STEP	2026-01-08T23:14:28.5934913Z ##[group]Disabling automatic garbage collection
Static analysis (Slither)	UNKNOWN STEP	2026-01-08T23:14:28.5938506Z [command]/usr/bin/git config --local gc.auto 0
Static analysis (Slither)	UNKNOWN STEP	2026-01-08T23:14:28.5963390Z ##[endgroup]
Static analysis (Slither)	UNKNOWN STEP	2026-01-08T23:14:28.5964597Z ##[group]Setting up auth
Static analysis (Slither)	UNKNOWN STEP	2026-01-08T23:14:28.5970635Z [command]/usr/bin/git config --local --name-only --get-regexp core\.sshCommand
Static analysis (Slither)	UNKNOWN STEP	2026-01-08T23:14:28.5998827Z [command]/usr/bin/git submodule foreach --recursive sh -c "git config --local --name-only --get-regexp 'core\.sshCommand' && git config --local --unset-all 'core.sshCommand' || :"
Static analysis (Slither)	UNKNOWN STEP	2026-01-08T23:14:28.6269950Z [command]/usr/bin/git config --local --name-only --get-regexp http\.https\:\/\/github\.com\/\.extraheader
Static analysis (Slither)	UNKNOWN STEP	2026-01-08T23:14:28.6297551Z [command]/usr/bin/git submodule foreach --recursive sh -c "git config --local --name-only --get-regexp 'http\.https\:\/\/github\.com\/\.extraheader' && git config --local --unset-all 'http.https://github.com/.extraheader' || :"
Static analysis (Slither)	UNKNOWN STEP	2026-01-08T23:14:28.6494011Z [command]/usr/bin/git config --local --name-only --get-regexp ^includeIf\.gitdir:
Static analysis (Slither)	UNKNOWN STEP	2026-01-08T23:14:28.6519269Z [command]/usr/bin/git submodule foreach --recursive git config --local --show-origin --name-only --get-regexp remote.origin.url
Static analysis (Slither)	UNKNOWN STEP	2026-01-08T23:14:28.6697736Z [command]/usr/bin/git config --local http.https://github.com/.extraheader AUTHORIZATION: basic ***
Static analysis (Slither)	UNKNOWN STEP	2026-01-08T23:14:28.6773442Z ##[endgroup]
Static analysis (Slither)	UNKNOWN STEP	2026-01-08T23:14:28.6775014Z ##[group]Fetching the repository
Static analysis (Slither)	UNKNOWN STEP	2026-01-08T23:14:28.6777266Z [command]/usr/bin/git -c protocol.version=2 fetch --no-tags --prune --no-recurse-submodules --depth=1 origin +c01810d0b87d748f9263d9227f09de2a7a327af9:refs/remotes/pull/22/merge
Static analysis (Slither)	UNKNOWN STEP	2026-01-08T23:14:29.3972643Z From https://github.com/jrdbacosta/MinersWar
Static analysis (Slither)	UNKNOWN STEP	2026-01-08T23:14:29.3973452Z  * [new ref]         c01810d0b87d748f9263d9227f09de2a7a327af9 -> pull/22/merge
Static analysis (Slither)	UNKNOWN STEP	2026-01-08T23:14:29.4007244Z ##[endgroup]
Static analysis (Slither)	UNKNOWN STEP	2026-01-08T23:14:29.4008279Z ##[group]Determining the checkout info
Static analysis (Slither)	UNKNOWN STEP	2026-01-08T23:14:29.4009271Z ##[endgroup]
Static analysis (Slither)	UNKNOWN STEP	2026-01-08T23:14:29.4014715Z [command]/usr/bin/git sparse-checkout disable
Static analysis (Slither)	UNKNOWN STEP	2026-01-08T23:14:29.4049798Z [command]/usr/bin/git config --local --unset-all extensions.worktreeConfig
Static analysis (Slither)	UNKNOWN STEP	2026-01-08T23:14:29.4073545Z ##[group]Checking out the ref
Static analysis (Slither)	UNKNOWN STEP	2026-01-08T23:14:29.4077519Z [command]/usr/bin/git checkout --progress --force refs/remotes/pull/22/merge
Static analysis (Slither)	UNKNOWN STEP	2026-01-08T23:14:29.4184573Z Note: switching to 'refs/remotes/pull/22/merge'.
Static analysis (Slither)	UNKNOWN STEP	2026-01-08T23:14:29.4185232Z 
Static analysis (Slither)	UNKNOWN STEP	2026-01-08T23:14:29.4185801Z You are in 'detached HEAD' state. You can look around, make experimental
Static analysis (Slither)	UNKNOWN STEP	2026-01-08T23:14:29.4186461Z changes and commit them, and you can discard any commits you make in this
Static analysis (Slither)	UNKNOWN STEP	2026-01-08T23:14:29.4186997Z state without impacting any branches by switching back to a branch.
Static analysis (Slither)	UNKNOWN STEP	2026-01-08T23:14:29.4187341Z 
Static analysis (Slither)	UNKNOWN STEP	2026-01-08T23:14:29.4187578Z If you want to create a new branch to retain commits you create, you may
Static analysis (Slither)	UNKNOWN STEP	2026-01-08T23:14:29.4188092Z do so (now or later) by using -c with the switch command. Example:
Static analysis (Slither)	UNKNOWN STEP	2026-01-08T23:14:29.4188387Z 
Static analysis (Slither)	UNKNOWN STEP	2026-01-08T23:14:29.4188537Z   git switch -c <new-branch-name>
Static analysis (Slither)	UNKNOWN STEP	2026-01-08T23:14:29.4188826Z 
Static analysis (Slither)	UNKNOWN STEP	2026-01-08T23:14:29.4188977Z Or undo this operation with:
Static analysis (Slither)	UNKNOWN STEP	2026-01-08T23:14:29.4189192Z 
Static analysis (Slither)	UNKNOWN STEP	2026-01-08T23:14:29.4189387Z   git switch -
Static analysis (Slither)	UNKNOWN STEP	2026-01-08T23:14:29.4189644Z 
Static analysis (Slither)	UNKNOWN STEP	2026-01-08T23:14:29.4190066Z Turn off this advice by setting config variable advice.detachedHead to false
Static analysis (Slither)	UNKNOWN STEP	2026-01-08T23:14:29.4190739Z 
Static analysis (Slither)	UNKNOWN STEP	2026-01-08T23:14:29.4191132Z HEAD is now at c01810d Merge 67f7b038591170ef45e06e755a364cbe33c1e6af into 90cb368a2c3cc35d9ad6340291a136c6fc0222ba
Static analysis (Slither)	UNKNOWN STEP	2026-01-08T23:14:29.4192751Z ##[endgroup]
Static analysis (Slither)	UNKNOWN STEP	2026-01-08T23:14:29.4224577Z [command]/usr/bin/git log -1 --format=%H
Static analysis (Slither)	UNKNOWN STEP	2026-01-08T23:14:29.4245814Z c01810d0b87d748f9263d9227f09de2a7a327af9
Static analysis (Slither)	UNKNOWN STEP	2026-01-08T23:14:29.4449872Z ##[group]Run docker run --rm -v /home/runner/work/MinersWar/MinersWar:/src -w /src trailofbits/slither slither --exclude test .
Static analysis (Slither)	UNKNOWN STEP	2026-01-08T23:14:29.4451148Z [36;1mdocker run --rm -v /home/runner/work/MinersWar/MinersWar:/src -w /src trailofbits/slither slither --exclude test .[0m
Static analysis (Slither)	UNKNOWN STEP	2026-01-08T23:14:29.4474747Z shell: /usr/bin/bash -e {0}
Static analysis (Slither)	UNKNOWN STEP	2026-01-08T23:14:29.4475210Z ##[endgroup]
Static analysis (Slither)	UNKNOWN STEP	2026-01-08T23:14:29.5244966Z Unable to find image 'trailofbits/slither:latest' locally
Static analysis (Slither)	UNKNOWN STEP	2026-01-08T23:14:30.2652922Z latest: Pulling from trailofbits/slither
Static analysis (Slither)	UNKNOWN STEP	2026-01-08T23:14:30.2653809Z 6cf436f81810: Pulling fs layer
Static analysis (Slither)	UNKNOWN STEP	2026-01-08T23:14:30.2654945Z 987088a85b96: Pulling fs layer
Static analysis (Slither)	UNKNOWN STEP	2026-01-08T23:14:30.2655400Z b4624b3efe06: Pulling fs layer
Static analysis (Slither)	UNKNOWN STEP	2026-01-08T23:14:30.2656008Z d42beb8ded59: Pulling fs layer
Static analysis (Slither)	UNKNOWN STEP	2026-01-08T23:14:30.2656442Z d6a33a62e824: Pulling fs layer
Static analysis (Slither)	UNKNOWN STEP	2026-01-08T23:14:30.2656878Z a230b3efebd1: Pulling fs layer
Static analysis (Slither)	UNKNOWN STEP	2026-01-08T23:14:30.2657315Z 0471f6728e08: Pulling fs layer
Static analysis (Slither)	UNKNOWN STEP	2026-01-08T23:14:30.2657826Z ebe3b9b979c2: Pulling fs layer
Static analysis (Slither)	UNKNOWN STEP	2026-01-08T23:14:30.2658205Z d6a33a62e824: Waiting
Static analysis (Slither)	UNKNOWN STEP	2026-01-08T23:14:30.2658573Z a230b3efebd1: Waiting
Static analysis (Slither)	UNKNOWN STEP	2026-01-08T23:14:30.2658937Z 0471f6728e08: Waiting
Static analysis (Slither)	UNKNOWN STEP	2026-01-08T23:14:30.2659277Z ebe3b9b979c2: Waiting
Static analysis (Slither)	UNKNOWN STEP	2026-01-08T23:14:30.2659816Z d42beb8ded59: Waiting
Static analysis (Slither)	UNKNOWN STEP	2026-01-08T23:14:30.5348052Z 987088a85b96: Verifying Checksum
Static analysis (Slither)	UNKNOWN STEP	2026-01-08T23:14:30.5348661Z 987088a85b96: Download complete
Static analysis (Slither)	UNKNOWN STEP	2026-01-08T23:14:30.5356615Z b4624b3efe06: Verifying Checksum
Static analysis (Slither)	UNKNOWN STEP	2026-01-08T23:14:30.5357371Z b4624b3efe06: Download complete
Static analysis (Slither)	UNKNOWN STEP	2026-01-08T23:14:30.8014716Z d42beb8ded59: Verifying Checksum
Static analysis (Slither)	UNKNOWN STEP	2026-01-08T23:14:30.8015648Z d42beb8ded59: Download complete
Static analysis (Slither)	UNKNOWN STEP	2026-01-08T23:14:30.9230854Z 6cf436f81810: Download complete
Static analysis (Slither)	UNKNOWN STEP	2026-01-08T23:14:31.1564300Z a230b3efebd1: Download complete
Static analysis (Slither)	UNKNOWN STEP	2026-01-08T23:14:31.2586241Z 0471f6728e08: Verifying Checksum
Static analysis (Slither)	UNKNOWN STEP	2026-01-08T23:14:31.2588060Z 0471f6728e08: Download complete
Static analysis (Slither)	UNKNOWN STEP	2026-01-08T23:14:31.4903439Z ebe3b9b979c2: Verifying Checksum
Static analysis (Slither)	UNKNOWN STEP	2026-01-08T23:14:31.4904413Z ebe3b9b979c2: Download complete
Static analysis (Slither)	UNKNOWN STEP	2026-01-08T23:14:31.5164128Z d6a33a62e824: Verifying Checksum
Static analysis (Slither)	UNKNOWN STEP	2026-01-08T23:14:31.5164550Z d6a33a62e824: Download complete
Static analysis (Slither)	UNKNOWN STEP	2026-01-08T23:14:31.8565337Z 6cf436f81810: Pull complete
Static analysis (Slither)	UNKNOWN STEP	2026-01-08T23:14:32.1030828Z 987088a85b96: Pull complete
Static analysis (Slither)	UNKNOWN STEP	2026-01-08T23:14:32.1175087Z b4624b3efe06: Pull complete
Static analysis (Slither)	UNKNOWN STEP	2026-01-08T23:14:32.1298071Z d42beb8ded59: Pull complete
Static analysis (Slither)	UNKNOWN STEP	2026-01-08T23:14:34.9512614Z d6a33a62e824: Pull complete
Static analysis (Slither)	UNKNOWN STEP	2026-01-08T23:14:34.9879891Z a230b3efebd1: Pull complete
Static analysis (Slither)	UNKNOWN STEP	2026-01-08T23:14:35.0959241Z 0471f6728e08: Pull complete
Static analysis (Slither)	UNKNOWN STEP	2026-01-08T23:14:35.1678384Z ebe3b9b979c2: Pull complete
Static analysis (Slither)	UNKNOWN STEP	2026-01-08T23:14:35.1710580Z Digest: sha256:ef584f1e53a3c118ae5d581bdf5be740f941dad0f40148be6e85bcae37f57133
Static analysis (Slither)	UNKNOWN STEP	2026-01-08T23:14:35.1720602Z Status: Downloaded newer image for trailofbits/slither:latest
Static analysis (Slither)	UNKNOWN STEP	2026-01-08T23:14:35.5886465Z ERROR:Slither:. does not exist (are you in the correct directory?)
Static analysis (Slither)	UNKNOWN STEP	2026-01-08T23:14:35.6811890Z ##[error]Process completed with exit code 255.
Static analysis (Slither)	UNKNOWN STEP	2026-01-08T23:14:35.6940213Z Post job cleanup.
Static analysis (Slither)	UNKNOWN STEP	2026-01-08T23:14:35.7844269Z [command]/usr/bin/git version
Static analysis (Slither)	UNKNOWN STEP	2026-01-08T23:14:35.7884722Z git version 2.52.0
Static analysis (Slither)	UNKNOWN STEP	2026-01-08T23:14:35.7924916Z Temporarily overriding HOME='/home/runner/work/_temp/da1788f2-8c94-407b-a809-bb25e527cf05' before making global git config changes
Static analysis (Slither)	UNKNOWN STEP	2026-01-08T23:14:35.7926328Z Adding repository directory to the temporary git global config as a safe directory
Static analysis (Slither)	UNKNOWN STEP	2026-01-08T23:14:35.7931279Z [command]/usr/bin/git config --global --add safe.directory /home/runner/work/MinersWar/MinersWar
Static analysis (Slither)	UNKNOWN STEP	2026-01-08T23:14:35.7964308Z [command]/usr/bin/git config --local --name-only --get-regexp core\.sshCommand
Static analysis (Slither)	UNKNOWN STEP	2026-01-08T23:14:35.7994886Z [command]/usr/bin/git submodule foreach --recursive sh -c "git config --local --name-only --get-regexp 'core\.sshCommand' && git config --local --unset-all 'core.sshCommand' || :"
Static analysis (Slither)	UNKNOWN STEP	2026-01-08T23:14:35.8185886Z [command]/usr/bin/git config --local --name-only --get-regexp http\.https\:\/\/github\.com\/\.extraheader
Static analysis (Slither)	UNKNOWN STEP	2026-01-08T23:14:35.8206630Z http.https://github.com/.extraheader
Static analysis (Slither)	UNKNOWN STEP	2026-01-08T23:14:35.8218682Z [command]/usr/bin/git config --local --unset-all http.https://github.com/.extraheader
Static analysis (Slither)	UNKNOWN STEP	2026-01-08T23:14:35.8245101Z [command]/usr/bin/git submodule foreach --recursive sh -c "git config --local --name-only --get-regexp 'http\.https\:\/\/github\.com\/\.extraheader' && git config --local --unset-all 'http.https://github.com/.extraheader' || :"
Static analysis (Slither)	UNKNOWN STEP	2026-01-08T23:14:35.8428204Z [command]/usr/bin/git config --local --name-only --get-regexp ^includeIf\.gitdir:
Static analysis (Slither)	UNKNOWN STEP	2026-01-08T23:14:35.8456405Z [command]/usr/bin/git submodule foreach --recursive git config --local --show-origin --name-only --get-regexp remote.origin.url
Static analysis (Slither)	UNKNOWN STEP	2026-01-08T23:14:35.8740902Z Cleaning up orphan processes
NPM Audit (root + frontend)	UNKNOWN STEP	ï»¿2026-01-08T23:14:27.8781332Z Current runner version: '2.330.0'
NPM Audit (root + frontend)	UNKNOWN STEP	2026-01-08T23:14:27.8806359Z ##[group]Runner Image Provisioner
NPM Audit (root + frontend)	UNKNOWN STEP	2026-01-08T23:14:27.8807140Z Hosted Compute Agent
NPM Audit (root + frontend)	UNKNOWN STEP	2026-01-08T23:14:27.8807679Z Version: 20251211.462
NPM Audit (root + frontend)	UNKNOWN STEP	2026-01-08T23:14:27.8808362Z Commit: 6cbad8c2bb55d58165063d031ccabf57e2d2db61
NPM Audit (root + frontend)	UNKNOWN STEP	2026-01-08T23:14:27.8809058Z Build Date: 2025-12-11T16:28:49Z
NPM Audit (root + frontend)	UNKNOWN STEP	2026-01-08T23:14:27.8809924Z Worker ID: {0c06ab07-d3db-45db-b65c-9dc432cbf9fe}
NPM Audit (root + frontend)	UNKNOWN STEP	2026-01-08T23:14:27.8810715Z ##[endgroup]
NPM Audit (root + frontend)	UNKNOWN STEP	2026-01-08T23:14:27.8811240Z ##[group]Operating System
NPM Audit (root + frontend)	UNKNOWN STEP	2026-01-08T23:14:27.8811776Z Ubuntu
NPM Audit (root + frontend)	UNKNOWN STEP	2026-01-08T23:14:27.8812294Z 24.04.3
NPM Audit (root + frontend)	UNKNOWN STEP	2026-01-08T23:14:27.8812710Z LTS
NPM Audit (root + frontend)	UNKNOWN STEP	2026-01-08T23:14:27.8813166Z ##[endgroup]
NPM Audit (root + frontend)	UNKNOWN STEP	2026-01-08T23:14:27.8813685Z ##[group]Runner Image
NPM Audit (root + frontend)	UNKNOWN STEP	2026-01-08T23:14:27.8814293Z Image: ubuntu-24.04
NPM Audit (root + frontend)	UNKNOWN STEP	2026-01-08T23:14:27.8814768Z Version: 20260105.202.1
NPM Audit (root + frontend)	UNKNOWN STEP	2026-01-08T23:14:27.8815780Z Included Software: https://github.com/actions/runner-images/blob/ubuntu24/20260105.202/images/ubuntu/Ubuntu2404-Readme.md
NPM Audit (root + frontend)	UNKNOWN STEP	2026-01-08T23:14:27.8817265Z Image Release: https://github.com/actions/runner-images/releases/tag/ubuntu24%2F20260105.202
NPM Audit (root + frontend)	UNKNOWN STEP	2026-01-08T23:14:27.8818301Z ##[endgroup]
NPM Audit (root + frontend)	UNKNOWN STEP	2026-01-08T23:14:27.8819332Z ##[group]GITHUB_TOKEN Permissions
NPM Audit (root + frontend)	UNKNOWN STEP	2026-01-08T23:14:27.8821159Z Contents: read
NPM Audit (root + frontend)	UNKNOWN STEP	2026-01-08T23:14:27.8821837Z Metadata: read
NPM Audit (root + frontend)	UNKNOWN STEP	2026-01-08T23:14:27.8822404Z Packages: read
NPM Audit (root + frontend)	UNKNOWN STEP	2026-01-08T23:14:27.8822875Z ##[endgroup]
NPM Audit (root + frontend)	UNKNOWN STEP	2026-01-08T23:14:27.8824885Z Secret source: Dependabot
NPM Audit (root + frontend)	UNKNOWN STEP	2026-01-08T23:14:27.8825577Z Prepare workflow directory
NPM Audit (root + frontend)	UNKNOWN STEP	2026-01-08T23:14:27.9140758Z Prepare all required actions
NPM Audit (root + frontend)	UNKNOWN STEP	2026-01-08T23:14:27.9177879Z Getting action download info
NPM Audit (root + frontend)	UNKNOWN STEP	2026-01-08T23:14:28.3848539Z Download action repository 'actions/checkout@v4' (SHA:34e114876b0b11c390a56381ad16ebd13914f8d5)
NPM Audit (root + frontend)	UNKNOWN STEP	2026-01-08T23:14:28.4811474Z Download action repository 'actions/setup-node@v4' (SHA:49933ea5288caeca8642d1e84afbd3f7d6820020)
NPM Audit (root + frontend)	UNKNOWN STEP	2026-01-08T23:14:28.6720135Z Complete job name: NPM Audit (root + frontend)
NPM Audit (root + frontend)	UNKNOWN STEP	2026-01-08T23:14:28.7515484Z ##[group]Run actions/checkout@v4
NPM Audit (root + frontend)	UNKNOWN STEP	2026-01-08T23:14:28.7516360Z with:
NPM Audit (root + frontend)	UNKNOWN STEP	2026-01-08T23:14:28.7516802Z   repository: jrdbacosta/MinersWar
NPM Audit (root + frontend)	UNKNOWN STEP	2026-01-08T23:14:28.7517557Z   token: ***
NPM Audit (root + frontend)	UNKNOWN STEP	2026-01-08T23:14:28.7517968Z   ssh-strict: true
NPM Audit (root + frontend)	UNKNOWN STEP	2026-01-08T23:14:28.7518413Z   ssh-user: git
NPM Audit (root + frontend)	UNKNOWN STEP	2026-01-08T23:14:28.7518854Z   persist-credentials: true
NPM Audit (root + frontend)	UNKNOWN STEP	2026-01-08T23:14:28.7519339Z   clean: true
NPM Audit (root + frontend)	UNKNOWN STEP	2026-01-08T23:14:28.7520016Z   sparse-checkout-cone-mode: true
NPM Audit (root + frontend)	UNKNOWN STEP	2026-01-08T23:14:28.7520547Z   fetch-depth: 1
NPM Audit (root + frontend)	UNKNOWN STEP	2026-01-08T23:14:28.7520966Z   fetch-tags: false
NPM Audit (root + frontend)	UNKNOWN STEP	2026-01-08T23:14:28.7521401Z   show-progress: true
NPM Audit (root + frontend)	UNKNOWN STEP	2026-01-08T23:14:28.7521843Z   lfs: false
NPM Audit (root + frontend)	UNKNOWN STEP	2026-01-08T23:14:28.7522233Z   submodules: false
NPM Audit (root + frontend)	UNKNOWN STEP	2026-01-08T23:14:28.7522668Z   set-safe-directory: true
NPM Audit (root + frontend)	UNKNOWN STEP	2026-01-08T23:14:28.7523400Z ##[endgroup]
NPM Audit (root + frontend)	UNKNOWN STEP	2026-01-08T23:14:28.8665840Z Syncing repository: jrdbacosta/MinersWar
NPM Audit (root + frontend)	UNKNOWN STEP	2026-01-08T23:14:28.8667740Z ##[group]Getting Git version info
NPM Audit (root + frontend)	UNKNOWN STEP	2026-01-08T23:14:28.8668513Z Working directory is '/home/runner/work/MinersWar/MinersWar'
NPM Audit (root + frontend)	UNKNOWN STEP	2026-01-08T23:14:28.8669964Z [command]/usr/bin/git version
NPM Audit (root + frontend)	UNKNOWN STEP	2026-01-08T23:14:29.1416196Z git version 2.52.0
NPM Audit (root + frontend)	UNKNOWN STEP	2026-01-08T23:14:29.1443692Z ##[endgroup]
NPM Audit (root + frontend)	UNKNOWN STEP	2026-01-08T23:14:29.1457916Z Temporarily overriding HOME='/home/runner/work/_temp/38fd16be-cac8-4f78-8b8d-44bf1ee14e0f' before making global git config changes
NPM Audit (root + frontend)	UNKNOWN STEP	2026-01-08T23:14:29.1459421Z Adding repository directory to the temporary git global config as a safe directory
NPM Audit (root + frontend)	UNKNOWN STEP	2026-01-08T23:14:29.1463652Z [command]/usr/bin/git config --global --add safe.directory /home/runner/work/MinersWar/MinersWar
NPM Audit (root + frontend)	UNKNOWN STEP	2026-01-08T23:14:29.1504481Z Deleting the contents of '/home/runner/work/MinersWar/MinersWar'
NPM Audit (root + frontend)	UNKNOWN STEP	2026-01-08T23:14:29.1508207Z ##[group]Initializing the repository
NPM Audit (root + frontend)	UNKNOWN STEP	2026-01-08T23:14:29.1513416Z [command]/usr/bin/git init /home/runner/work/MinersWar/MinersWar
NPM Audit (root + frontend)	UNKNOWN STEP	2026-01-08T23:14:29.1618886Z hint: Using 'master' as the name for the initial branch. This default branch name
NPM Audit (root + frontend)	UNKNOWN STEP	2026-01-08T23:14:29.1620671Z hint: will change to "main" in Git 3.0. To configure the initial branch name
NPM Audit (root + frontend)	UNKNOWN STEP	2026-01-08T23:14:29.1621821Z hint: to use in all of your new repositories, which will suppress this warning,
NPM Audit (root + frontend)	UNKNOWN STEP	2026-01-08T23:14:29.1623231Z hint: call:
NPM Audit (root + frontend)	UNKNOWN STEP	2026-01-08T23:14:29.1623994Z hint:
NPM Audit (root + frontend)	UNKNOWN STEP	2026-01-08T23:14:29.1624949Z hint: 	git config --global init.defaultBranch <name>
NPM Audit (root + frontend)	UNKNOWN STEP	2026-01-08T23:14:29.1626164Z hint:
NPM Audit (root + frontend)	UNKNOWN STEP	2026-01-08T23:14:29.1627328Z hint: Names commonly chosen instead of 'master' are 'main', 'trunk' and
NPM Audit (root + frontend)	UNKNOWN STEP	2026-01-08T23:14:29.1629227Z hint: 'development'. The just-created branch can be renamed via this command:
NPM Audit (root + frontend)	UNKNOWN STEP	2026-01-08T23:14:29.1630939Z hint:
NPM Audit (root + frontend)	UNKNOWN STEP	2026-01-08T23:14:29.1631673Z hint: 	git branch -m <name>
NPM Audit (root + frontend)	UNKNOWN STEP	2026-01-08T23:14:29.1632543Z hint:
NPM Audit (root + frontend)	UNKNOWN STEP	2026-01-08T23:14:29.1633724Z hint: Disable this message with "git config set advice.defaultBranchName false"
NPM Audit (root + frontend)	UNKNOWN STEP	2026-01-08T23:14:29.1635870Z Initialized empty Git repository in /home/runner/work/MinersWar/MinersWar/.git/
NPM Audit (root + frontend)	UNKNOWN STEP	2026-01-08T23:14:29.1639072Z [command]/usr/bin/git remote add origin https://github.com/jrdbacosta/MinersWar
NPM Audit (root + frontend)	UNKNOWN STEP	2026-01-08T23:14:29.1671009Z ##[endgroup]
NPM Audit (root + frontend)	UNKNOWN STEP	2026-01-08T23:14:29.1672381Z ##[group]Disabling automatic garbage collection
NPM Audit (root + frontend)	UNKNOWN STEP	2026-01-08T23:14:29.1675885Z [command]/usr/bin/git config --local gc.auto 0
NPM Audit (root + frontend)	UNKNOWN STEP	2026-01-08T23:14:29.1704151Z ##[endgroup]
NPM Audit (root + frontend)	UNKNOWN STEP	2026-01-08T23:14:29.1705543Z ##[group]Setting up auth
NPM Audit (root + frontend)	UNKNOWN STEP	2026-01-08T23:14:29.1711886Z [command]/usr/bin/git config --local --name-only --get-regexp core\.sshCommand
NPM Audit (root + frontend)	UNKNOWN STEP	2026-01-08T23:14:29.1742555Z [command]/usr/bin/git submodule foreach --recursive sh -c "git config --local --name-only --get-regexp 'core\.sshCommand' && git config --local --unset-all 'core.sshCommand' || :"
NPM Audit (root + frontend)	UNKNOWN STEP	2026-01-08T23:14:29.2124387Z [command]/usr/bin/git config --local --name-only --get-regexp http\.https\:\/\/github\.com\/\.extraheader
NPM Audit (root + frontend)	UNKNOWN STEP	2026-01-08T23:14:29.2154686Z [command]/usr/bin/git submodule foreach --recursive sh -c "git config --local --name-only --get-regexp 'http\.https\:\/\/github\.com\/\.extraheader' && git config --local --unset-all 'http.https://github.com/.extraheader' || :"
NPM Audit (root + frontend)	UNKNOWN STEP	2026-01-08T23:14:29.2390170Z [command]/usr/bin/git config --local --name-only --get-regexp ^includeIf\.gitdir:
NPM Audit (root + frontend)	UNKNOWN STEP	2026-01-08T23:14:29.2420618Z [command]/usr/bin/git submodule foreach --recursive git config --local --show-origin --name-only --get-regexp remote.origin.url
NPM Audit (root + frontend)	UNKNOWN STEP	2026-01-08T23:14:29.2636669Z [command]/usr/bin/git config --local http.https://github.com/.extraheader AUTHORIZATION: basic ***
NPM Audit (root + frontend)	UNKNOWN STEP	2026-01-08T23:14:29.2669963Z ##[endgroup]
NPM Audit (root + frontend)	UNKNOWN STEP	2026-01-08T23:14:29.2670760Z ##[group]Fetching the repository
NPM Audit (root + frontend)	UNKNOWN STEP	2026-01-08T23:14:29.2678098Z [command]/usr/bin/git -c protocol.version=2 fetch --no-tags --prune --no-recurse-submodules --depth=1 origin +c01810d0b87d748f9263d9227f09de2a7a327af9:refs/remotes/pull/22/merge
NPM Audit (root + frontend)	UNKNOWN STEP	2026-01-08T23:14:29.7034689Z From https://github.com/jrdbacosta/MinersWar
NPM Audit (root + frontend)	UNKNOWN STEP	2026-01-08T23:14:29.7037721Z  * [new ref]         c01810d0b87d748f9263d9227f09de2a7a327af9 -> pull/22/merge
NPM Audit (root + frontend)	UNKNOWN STEP	2026-01-08T23:14:29.7067770Z ##[endgroup]
NPM Audit (root + frontend)	UNKNOWN STEP	2026-01-08T23:14:29.7069374Z ##[group]Determining the checkout info
NPM Audit (root + frontend)	UNKNOWN STEP	2026-01-08T23:14:29.7071375Z ##[endgroup]
NPM Audit (root + frontend)	UNKNOWN STEP	2026-01-08T23:14:29.7074805Z [command]/usr/bin/git sparse-checkout disable
NPM Audit (root + frontend)	UNKNOWN STEP	2026-01-08T23:14:29.7115184Z [command]/usr/bin/git config --local --unset-all extensions.worktreeConfig
NPM Audit (root + frontend)	UNKNOWN STEP	2026-01-08T23:14:29.7141218Z ##[group]Checking out the ref
NPM Audit (root + frontend)	UNKNOWN STEP	2026-01-08T23:14:29.7144595Z [command]/usr/bin/git checkout --progress --force refs/remotes/pull/22/merge
NPM Audit (root + frontend)	UNKNOWN STEP	2026-01-08T23:14:29.7270512Z Note: switching to 'refs/remotes/pull/22/merge'.
NPM Audit (root + frontend)	UNKNOWN STEP	2026-01-08T23:14:29.7271430Z 
NPM Audit (root + frontend)	UNKNOWN STEP	2026-01-08T23:14:29.7272707Z You are in 'detached HEAD' state. You can look around, make experimental
NPM Audit (root + frontend)	UNKNOWN STEP	2026-01-08T23:14:29.7274886Z changes and commit them, and you can discard any commits you make in this
NPM Audit (root + frontend)	UNKNOWN STEP	2026-01-08T23:14:29.7277613Z state without impacting any branches by switching back to a branch.
NPM Audit (root + frontend)	UNKNOWN STEP	2026-01-08T23:14:29.7279267Z 
NPM Audit (root + frontend)	UNKNOWN STEP	2026-01-08T23:14:29.7281080Z If you want to create a new branch to retain commits you create, you may
NPM Audit (root + frontend)	UNKNOWN STEP	2026-01-08T23:14:29.7283530Z do so (now or later) by using -c with the switch command. Example:
NPM Audit (root + frontend)	UNKNOWN STEP	2026-01-08T23:14:29.7285081Z 
NPM Audit (root + frontend)	UNKNOWN STEP	2026-01-08T23:14:29.7285841Z   git switch -c <new-branch-name>
NPM Audit (root + frontend)	UNKNOWN STEP	2026-01-08T23:14:29.7286889Z 
NPM Audit (root + frontend)	UNKNOWN STEP	2026-01-08T23:14:29.7287422Z Or undo this operation with:
NPM Audit (root + frontend)	UNKNOWN STEP	2026-01-08T23:14:29.7288321Z 
NPM Audit (root + frontend)	UNKNOWN STEP	2026-01-08T23:14:29.7288785Z   git switch -
NPM Audit (root + frontend)	UNKNOWN STEP	2026-01-08T23:14:29.7289936Z 
NPM Audit (root + frontend)	UNKNOWN STEP	2026-01-08T23:14:29.7291045Z Turn off this advice by setting config variable advice.detachedHead to false
NPM Audit (root + frontend)	UNKNOWN STEP	2026-01-08T23:14:29.7292498Z 
NPM Audit (root + frontend)	UNKNOWN STEP	2026-01-08T23:14:29.7293811Z HEAD is now at c01810d Merge 67f7b038591170ef45e06e755a364cbe33c1e6af into 90cb368a2c3cc35d9ad6340291a136c6fc0222ba
NPM Audit (root + frontend)	UNKNOWN STEP	2026-01-08T23:14:29.7298758Z ##[endgroup]
NPM Audit (root + frontend)	UNKNOWN STEP	2026-01-08T23:14:29.7318017Z [command]/usr/bin/git log -1 --format=%H
NPM Audit (root + frontend)	UNKNOWN STEP	2026-01-08T23:14:29.7339932Z c01810d0b87d748f9263d9227f09de2a7a327af9
NPM Audit (root + frontend)	UNKNOWN STEP	2026-01-08T23:14:29.7671212Z ##[group]Run actions/setup-node@v4
NPM Audit (root + frontend)	UNKNOWN STEP	2026-01-08T23:14:29.7672356Z with:
NPM Audit (root + frontend)	UNKNOWN STEP	2026-01-08T23:14:29.7673142Z   node-version: 22
NPM Audit (root + frontend)	UNKNOWN STEP	2026-01-08T23:14:29.7674030Z   always-auth: false
NPM Audit (root + frontend)	UNKNOWN STEP	2026-01-08T23:14:29.7674948Z   check-latest: false
NPM Audit (root + frontend)	UNKNOWN STEP	2026-01-08T23:14:29.7676112Z   token: ***
NPM Audit (root + frontend)	UNKNOWN STEP	2026-01-08T23:14:29.7676908Z ##[endgroup]
NPM Audit (root + frontend)	UNKNOWN STEP	2026-01-08T23:14:29.9580439Z Found in cache @ /opt/hostedtoolcache/node/22.21.1/x64
NPM Audit (root + frontend)	UNKNOWN STEP	2026-01-08T23:14:29.9586572Z ##[group]Environment details
NPM Audit (root + frontend)	UNKNOWN STEP	2026-01-08T23:14:30.3314988Z node: v22.21.1
NPM Audit (root + frontend)	UNKNOWN STEP	2026-01-08T23:14:30.3316512Z npm: 10.9.4
NPM Audit (root + frontend)	UNKNOWN STEP	2026-01-08T23:14:30.3317720Z yarn: 1.22.22
NPM Audit (root + frontend)	UNKNOWN STEP	2026-01-08T23:14:30.3319987Z ##[endgroup]
NPM Audit (root + frontend)	UNKNOWN STEP	2026-01-08T23:14:30.3520449Z ##[group]Run npm ci
NPM Audit (root + frontend)	UNKNOWN STEP	2026-01-08T23:14:30.3521389Z [36;1mnpm ci[0m
NPM Audit (root + frontend)	UNKNOWN STEP	2026-01-08T23:14:30.3568244Z shell: /usr/bin/bash -e {0}
NPM Audit (root + frontend)	UNKNOWN STEP	2026-01-08T23:14:30.3569222Z env:
NPM Audit (root + frontend)	UNKNOWN STEP	2026-01-08T23:14:30.3570105Z   CI: true
NPM Audit (root + frontend)	UNKNOWN STEP	2026-01-08T23:14:30.3570851Z ##[endgroup]
NPM Audit (root + frontend)	UNKNOWN STEP	2026-01-08T23:14:32.3481206Z npm warn deprecated rimraf@3.0.2: Rimraf versions prior to v4 are no longer supported
NPM Audit (root + frontend)	UNKNOWN STEP	2026-01-08T23:14:32.7684729Z npm warn deprecated inflight@1.0.6: This module is not supported, and leaks memory. Do not use it. Check out lru-cache if you want a good and tested way to coalesce async requests by a key value, which is much more comprehensive and powerful.
NPM Audit (root + frontend)	UNKNOWN STEP	2026-01-08T23:14:33.8376292Z npm warn deprecated @humanwhocodes/object-schema@2.0.3: Use @eslint/object-schema instead
NPM Audit (root + frontend)	UNKNOWN STEP	2026-01-08T23:14:33.8585723Z npm warn deprecated @humanwhocodes/config-array@0.13.0: Use @eslint/config-array instead
NPM Audit (root + frontend)	UNKNOWN STEP	2026-01-08T23:14:33.9870039Z npm warn deprecated glob@7.1.7: Glob versions prior to v9 are no longer supported
NPM Audit (root + frontend)	UNKNOWN STEP	2026-01-08T23:14:34.0163720Z npm warn deprecated glob@7.2.3: Glob versions prior to v9 are no longer supported
NPM Audit (root + frontend)	UNKNOWN STEP	2026-01-08T23:14:36.5113501Z npm warn deprecated eslint@8.57.1: This version is no longer supported. Please see https://eslint.org/version-support for other options.
NPM Audit (root + frontend)	UNKNOWN STEP	2026-01-08T23:14:38.3881833Z 
NPM Audit (root + frontend)	UNKNOWN STEP	2026-01-08T23:14:38.3882555Z added 501 packages, and audited 502 packages in 8s
NPM Audit (root + frontend)	UNKNOWN STEP	2026-01-08T23:14:38.3883155Z 
NPM Audit (root + frontend)	UNKNOWN STEP	2026-01-08T23:14:38.3883460Z 177 packages are looking for funding
NPM Audit (root + frontend)	UNKNOWN STEP	2026-01-08T23:14:38.3884007Z   run `npm fund` for details
NPM Audit (root + frontend)	UNKNOWN STEP	2026-01-08T23:14:38.3907994Z 
NPM Audit (root + frontend)	UNKNOWN STEP	2026-01-08T23:14:38.3908632Z 2 low severity vulnerabilities
NPM Audit (root + frontend)	UNKNOWN STEP	2026-01-08T23:14:38.3908988Z 
NPM Audit (root + frontend)	UNKNOWN STEP	2026-01-08T23:14:38.3909428Z To address all issues (including breaking changes), run:
NPM Audit (root + frontend)	UNKNOWN STEP	2026-01-08T23:14:38.3910258Z   npm audit fix --force
NPM Audit (root + frontend)	UNKNOWN STEP	2026-01-08T23:14:38.3910528Z 
NPM Audit (root + frontend)	UNKNOWN STEP	2026-01-08T23:14:38.3910757Z Run `npm audit` for details.
NPM Audit (root + frontend)	UNKNOWN STEP	2026-01-08T23:14:38.4660180Z ##[group]Run npm audit --audit-level=moderate || true
NPM Audit (root + frontend)	UNKNOWN STEP	2026-01-08T23:14:38.4660647Z [36;1mnpm audit --audit-level=moderate || true[0m
NPM Audit (root + frontend)	UNKNOWN STEP	2026-01-08T23:14:38.4692727Z shell: /usr/bin/bash -e {0}
NPM Audit (root + frontend)	UNKNOWN STEP	2026-01-08T23:14:38.4692985Z ##[endgroup]
NPM Audit (root + frontend)	UNKNOWN STEP	2026-01-08T23:14:38.9377058Z # npm audit report
NPM Audit (root + frontend)	UNKNOWN STEP	2026-01-08T23:14:38.9377331Z 
NPM Audit (root + frontend)	UNKNOWN STEP	2026-01-08T23:14:38.9377480Z tmp  <=0.2.3
NPM Audit (root + frontend)	UNKNOWN STEP	2026-01-08T23:14:38.9378794Z tmp allows arbitrary temporary file / directory write via symbolic link `dir` parameter - https://github.com/advisories/GHSA-52f5-9888-hmc6
NPM Audit (root + frontend)	UNKNOWN STEP	2026-01-08T23:14:38.9380074Z fix available via `npm audit fix --force`
NPM Audit (root + frontend)	UNKNOWN STEP	2026-01-08T23:14:38.9380515Z Will install solc@0.5.0, which is a breaking change
NPM Audit (root + frontend)	UNKNOWN STEP	2026-01-08T23:14:38.9380893Z node_modules/tmp
NPM Audit (root + frontend)	UNKNOWN STEP	2026-01-08T23:14:38.9381113Z   solc  >=0.5.1
NPM Audit (root + frontend)	UNKNOWN STEP	2026-01-08T23:14:38.9381368Z   Depends on vulnerable versions of tmp
NPM Audit (root + frontend)	UNKNOWN STEP	2026-01-08T23:14:38.9381742Z   node_modules/solc
NPM Audit (root + frontend)	UNKNOWN STEP	2026-01-08T23:14:38.9382019Z 
NPM Audit (root + frontend)	UNKNOWN STEP	2026-01-08T23:14:38.9382269Z 2 low severity vulnerabilities
NPM Audit (root + frontend)	UNKNOWN STEP	2026-01-08T23:14:38.9382639Z 
NPM Audit (root + frontend)	UNKNOWN STEP	2026-01-08T23:14:38.9383307Z To address all issues (including breaking changes), run:
NPM Audit (root + frontend)	UNKNOWN STEP	2026-01-08T23:14:38.9383893Z   npm audit fix --force
NPM Audit (root + frontend)	UNKNOWN STEP	2026-01-08T23:14:38.9491703Z ##[group]Run npm ci
NPM Audit (root + frontend)	UNKNOWN STEP	2026-01-08T23:14:38.9491961Z [36;1mnpm ci[0m
NPM Audit (root + frontend)	UNKNOWN STEP	2026-01-08T23:14:38.9534140Z shell: /usr/bin/bash -e {0}
NPM Audit (root + frontend)	UNKNOWN STEP	2026-01-08T23:14:38.9534524Z ##[endgroup]
NPM Audit (root + frontend)	UNKNOWN STEP	2026-01-08T23:14:39.8405533Z npm error code EUSAGE
NPM Audit (root + frontend)	UNKNOWN STEP	2026-01-08T23:14:39.8406118Z npm error
NPM Audit (root + frontend)	UNKNOWN STEP	2026-01-08T23:14:39.8407820Z npm error `npm ci` can only install packages when your package.json and package-lock.json or npm-shrinkwrap.json are in sync. Please update your lock file with `npm install` before continuing.
NPM Audit (root + frontend)	UNKNOWN STEP	2026-01-08T23:14:39.8409297Z npm error
NPM Audit (root + frontend)	UNKNOWN STEP	2026-01-08T23:14:39.8410113Z npm error Missing: yaml@2.8.2 from lock file
NPM Audit (root + frontend)	UNKNOWN STEP	2026-01-08T23:14:39.8410616Z npm error
NPM Audit (root + frontend)	UNKNOWN STEP	2026-01-08T23:14:39.8411041Z npm error Clean install a project
NPM Audit (root + frontend)	UNKNOWN STEP	2026-01-08T23:14:39.8411487Z npm error
NPM Audit (root + frontend)	UNKNOWN STEP	2026-01-08T23:14:39.8411818Z npm error Usage:
NPM Audit (root + frontend)	UNKNOWN STEP	2026-01-08T23:14:39.8412184Z npm error npm ci
NPM Audit (root + frontend)	UNKNOWN STEP	2026-01-08T23:14:39.8412530Z npm error
NPM Audit (root + frontend)	UNKNOWN STEP	2026-01-08T23:14:39.8412935Z npm error Options:
NPM Audit (root + frontend)	UNKNOWN STEP	2026-01-08T23:14:39.8413810Z npm error [--install-strategy <hoisted|nested|shallow|linked>] [--legacy-bundling]
NPM Audit (root + frontend)	UNKNOWN STEP	2026-01-08T23:14:39.8415059Z npm error [--global-style] [--omit <dev|optional|peer> [--omit <dev|optional|peer> ...]]
NPM Audit (root + frontend)	UNKNOWN STEP	2026-01-08T23:14:39.8416290Z npm error [--include <prod|dev|optional|peer> [--include <prod|dev|optional|peer> ...]]
NPM Audit (root + frontend)	UNKNOWN STEP	2026-01-08T23:14:39.8417459Z npm error [--strict-peer-deps] [--foreground-scripts] [--ignore-scripts] [--no-audit]
NPM Audit (root + frontend)	UNKNOWN STEP	2026-01-08T23:14:39.8418242Z npm error [--no-bin-links] [--no-fund] [--dry-run]
NPM Audit (root + frontend)	UNKNOWN STEP	2026-01-08T23:14:39.8419012Z npm error [-w|--workspace <workspace-name> [-w|--workspace <workspace-name> ...]]
NPM Audit (root + frontend)	UNKNOWN STEP	2026-01-08T23:14:39.8420169Z npm error [-ws|--workspaces] [--include-workspace-root] [--install-links]
NPM Audit (root + frontend)	UNKNOWN STEP	2026-01-08T23:14:39.8420774Z npm error
NPM Audit (root + frontend)	UNKNOWN STEP	2026-01-08T23:14:39.8421350Z npm error aliases: clean-install, ic, install-clean, isntall-clean
NPM Audit (root + frontend)	UNKNOWN STEP	2026-01-08T23:14:39.8421898Z npm error
NPM Audit (root + frontend)	UNKNOWN STEP	2026-01-08T23:14:39.8422147Z npm error Run "npm help ci" for more info
NPM Audit (root + frontend)	UNKNOWN STEP	2026-01-08T23:14:39.8422841Z npm error A complete log of this run can be found in: /home/runner/.npm/_logs/2026-01-08T23_14_39_006Z-debug-0.log
NPM Audit (root + frontend)	UNKNOWN STEP	2026-01-08T23:14:39.8524284Z ##[error]Process completed with exit code 1.
NPM Audit (root + frontend)	UNKNOWN STEP	2026-01-08T23:14:39.8637465Z Post job cleanup.
NPM Audit (root + frontend)	UNKNOWN STEP	2026-01-08T23:14:39.9572355Z [command]/usr/bin/git version
NPM Audit (root + frontend)	UNKNOWN STEP	2026-01-08T23:14:39.9608804Z git version 2.52.0
NPM Audit (root + frontend)	UNKNOWN STEP	2026-01-08T23:14:39.9658306Z Temporarily overriding HOME='/home/runner/work/_temp/f9fac688-4c82-4a82-b1e8-715efa460fc3' before making global git config changes
NPM Audit (root + frontend)	UNKNOWN STEP	2026-01-08T23:14:39.9659326Z Adding repository directory to the temporary git global config as a safe directory
NPM Audit (root + frontend)	UNKNOWN STEP	2026-01-08T23:14:39.9663443Z [command]/usr/bin/git config --global --add safe.directory /home/runner/work/MinersWar/MinersWar
NPM Audit (root + frontend)	UNKNOWN STEP	2026-01-08T23:14:39.9695748Z [command]/usr/bin/git config --local --name-only --get-regexp core\.sshCommand
NPM Audit (root + frontend)	UNKNOWN STEP	2026-01-08T23:14:39.9726596Z [command]/usr/bin/git submodule foreach --recursive sh -c "git config --local --name-only --get-regexp 'core\.sshCommand' && git config --local --unset-all 'core.sshCommand' || :"
NPM Audit (root + frontend)	UNKNOWN STEP	2026-01-08T23:14:39.9962073Z [command]/usr/bin/git config --local --name-only --get-regexp http\.https\:\/\/github\.com\/\.extraheader
NPM Audit (root + frontend)	UNKNOWN STEP	2026-01-08T23:14:39.9987060Z http.https://github.com/.extraheader
NPM Audit (root + frontend)	UNKNOWN STEP	2026-01-08T23:14:40.0002836Z [command]/usr/bin/git config --local --unset-all http.https://github.com/.extraheader
NPM Audit (root + frontend)	UNKNOWN STEP	2026-01-08T23:14:40.0046396Z [command]/usr/bin/git submodule foreach --recursive sh -c "git config --local --name-only --get-regexp 'http\.https\:\/\/github\.com\/\.extraheader' && git config --local --unset-all 'http.https://github.com/.extraheader' || :"
NPM Audit (root + frontend)	UNKNOWN STEP	2026-01-08T23:14:40.0307071Z [command]/usr/bin/git config --local --name-only --get-regexp ^includeIf\.gitdir:
NPM Audit (root + frontend)	UNKNOWN STEP	2026-01-08T23:14:40.0346066Z [command]/usr/bin/git submodule foreach --recursive git config --local --show-origin --name-only --get-regexp remote.origin.url
NPM Audit (root + frontend)	UNKNOWN STEP	2026-01-08T23:14:40.0689154Z Cleaning up orphan processes
Frontend build	UNKNOWN STEP	ï»¿2026-01-08T23:14:27.3595665Z Current runner version: '2.330.0'
Frontend build	UNKNOWN STEP	2026-01-08T23:14:27.3624874Z ##[group]Runner Image Provisioner
Frontend build	UNKNOWN STEP	2026-01-08T23:14:27.3626059Z Hosted Compute Agent
Frontend build	UNKNOWN STEP	2026-01-08T23:14:27.3627142Z Version: 20251211.462
Frontend build	UNKNOWN STEP	2026-01-08T23:14:27.3628376Z Commit: 6cbad8c2bb55d58165063d031ccabf57e2d2db61
Frontend build	UNKNOWN STEP	2026-01-08T23:14:27.3629880Z Build Date: 2025-12-11T16:28:49Z
Frontend build	UNKNOWN STEP	2026-01-08T23:14:27.3631227Z Worker ID: {b1d9600b-2bb2-4001-9406-8aad3dc39144}
Frontend build	UNKNOWN STEP	2026-01-08T23:14:27.3632420Z ##[endgroup]
Frontend build	UNKNOWN STEP	2026-01-08T23:14:27.3633151Z ##[group]Operating System
Frontend build	UNKNOWN STEP	2026-01-08T23:14:27.3634102Z Ubuntu
Frontend build	UNKNOWN STEP	2026-01-08T23:14:27.3634851Z 24.04.3
Frontend build	UNKNOWN STEP	2026-01-08T23:14:27.3635606Z LTS
Frontend build	UNKNOWN STEP	2026-01-08T23:14:27.3636459Z ##[endgroup]
Frontend build	UNKNOWN STEP	2026-01-08T23:14:27.3637279Z ##[group]Runner Image
Frontend build	UNKNOWN STEP	2026-01-08T23:14:27.3638444Z Image: ubuntu-24.04
Frontend build	UNKNOWN STEP	2026-01-08T23:14:27.3639262Z Version: 20260105.202.1
Frontend build	UNKNOWN STEP	2026-01-08T23:14:27.3641167Z Included Software: https://github.com/actions/runner-images/blob/ubuntu24/20260105.202/images/ubuntu/Ubuntu2404-Readme.md
Frontend build	UNKNOWN STEP	2026-01-08T23:14:27.3643715Z Image Release: https://github.com/actions/runner-images/releases/tag/ubuntu24%2F20260105.202
Frontend build	UNKNOWN STEP	2026-01-08T23:14:27.3645535Z ##[endgroup]
Frontend build	UNKNOWN STEP	2026-01-08T23:14:27.3647301Z ##[group]GITHUB_TOKEN Permissions
Frontend build	UNKNOWN STEP	2026-01-08T23:14:27.3650308Z Contents: read
Frontend build	UNKNOWN STEP	2026-01-08T23:14:27.3651206Z Metadata: read
Frontend build	UNKNOWN STEP	2026-01-08T23:14:27.3651936Z Packages: read
Frontend build	UNKNOWN STEP	2026-01-08T23:14:27.3652843Z ##[endgroup]
Frontend build	UNKNOWN STEP	2026-01-08T23:14:27.3655947Z Secret source: Dependabot
Frontend build	UNKNOWN STEP	2026-01-08T23:14:27.3657461Z Prepare workflow directory
Frontend build	UNKNOWN STEP	2026-01-08T23:14:27.4112152Z Prepare all required actions
Frontend build	UNKNOWN STEP	2026-01-08T23:14:27.4165801Z Getting action download info
Frontend build	UNKNOWN STEP	2026-01-08T23:14:27.6964738Z Download action repository 'actions/checkout@v4' (SHA:34e114876b0b11c390a56381ad16ebd13914f8d5)
Frontend build	UNKNOWN STEP	2026-01-08T23:14:27.8066169Z Download action repository 'actions/setup-node@v4' (SHA:49933ea5288caeca8642d1e84afbd3f7d6820020)
Frontend build	UNKNOWN STEP	2026-01-08T23:14:28.0009065Z Complete job name: Frontend build
Frontend build	UNKNOWN STEP	2026-01-08T23:14:28.0691707Z ##[group]Run actions/checkout@v4
Frontend build	UNKNOWN STEP	2026-01-08T23:14:28.0692526Z with:
Frontend build	UNKNOWN STEP	2026-01-08T23:14:28.0692914Z   repository: jrdbacosta/MinersWar
Frontend build	UNKNOWN STEP	2026-01-08T23:14:28.0693571Z   token: ***
Frontend build	UNKNOWN STEP	2026-01-08T23:14:28.0693940Z   ssh-strict: true
Frontend build	UNKNOWN STEP	2026-01-08T23:14:28.0694334Z   ssh-user: git
Frontend build	UNKNOWN STEP	2026-01-08T23:14:28.0694727Z   persist-credentials: true
Frontend build	UNKNOWN STEP	2026-01-08T23:14:28.0695166Z   clean: true
Frontend build	UNKNOWN STEP	2026-01-08T23:14:28.0695559Z   sparse-checkout-cone-mode: true
Frontend build	UNKNOWN STEP	2026-01-08T23:14:28.0696293Z   fetch-depth: 1
Frontend build	UNKNOWN STEP	2026-01-08T23:14:28.0696683Z   fetch-tags: false
Frontend build	UNKNOWN STEP	2026-01-08T23:14:28.0697081Z   show-progress: true
Frontend build	UNKNOWN STEP	2026-01-08T23:14:28.0697483Z   lfs: false
Frontend build	UNKNOWN STEP	2026-01-08T23:14:28.0697842Z   submodules: false
Frontend build	UNKNOWN STEP	2026-01-08T23:14:28.0698469Z   set-safe-directory: true
Frontend build	UNKNOWN STEP	2026-01-08T23:14:28.0699223Z ##[endgroup]
Frontend build	UNKNOWN STEP	2026-01-08T23:14:28.1805986Z Syncing repository: jrdbacosta/MinersWar
Frontend build	UNKNOWN STEP	2026-01-08T23:14:28.1807735Z ##[group]Getting Git version info
Frontend build	UNKNOWN STEP	2026-01-08T23:14:28.1808724Z Working directory is '/home/runner/work/MinersWar/MinersWar'
Frontend build	UNKNOWN STEP	2026-01-08T23:14:28.1809739Z [command]/usr/bin/git version
Frontend build	UNKNOWN STEP	2026-01-08T23:14:28.1908985Z git version 2.52.0
Frontend build	UNKNOWN STEP	2026-01-08T23:14:28.1936327Z ##[endgroup]
Frontend build	UNKNOWN STEP	2026-01-08T23:14:28.1953070Z Temporarily overriding HOME='/home/runner/work/_temp/b26492b8-9f91-474d-b4e1-70ba8d41a6b3' before making global git config changes
Frontend build	UNKNOWN STEP	2026-01-08T23:14:28.1955410Z Adding repository directory to the temporary git global config as a safe directory
Frontend build	UNKNOWN STEP	2026-01-08T23:14:28.1959944Z [command]/usr/bin/git config --global --add safe.directory /home/runner/work/MinersWar/MinersWar
Frontend build	UNKNOWN STEP	2026-01-08T23:14:28.2003682Z Deleting the contents of '/home/runner/work/MinersWar/MinersWar'
Frontend build	UNKNOWN STEP	2026-01-08T23:14:28.2007535Z ##[group]Initializing the repository
Frontend build	UNKNOWN STEP	2026-01-08T23:14:28.2012409Z [command]/usr/bin/git init /home/runner/work/MinersWar/MinersWar
Frontend build	UNKNOWN STEP	2026-01-08T23:14:28.2128953Z hint: Using 'master' as the name for the initial branch. This default branch name
Frontend build	UNKNOWN STEP	2026-01-08T23:14:28.2130247Z hint: will change to "main" in Git 3.0. To configure the initial branch name
Frontend build	UNKNOWN STEP	2026-01-08T23:14:28.2131207Z hint: to use in all of your new repositories, which will suppress this warning,
Frontend build	UNKNOWN STEP	2026-01-08T23:14:28.2131906Z hint: call:
Frontend build	UNKNOWN STEP	2026-01-08T23:14:28.2132568Z hint:
Frontend build	UNKNOWN STEP	2026-01-08T23:14:28.2133048Z hint: 	git config --global init.defaultBranch <name>
Frontend build	UNKNOWN STEP	2026-01-08T23:14:28.2133820Z hint:
Frontend build	UNKNOWN STEP	2026-01-08T23:14:28.2134824Z hint: Names commonly chosen instead of 'master' are 'main', 'trunk' and
Frontend build	UNKNOWN STEP	2026-01-08T23:14:28.2135812Z hint: 'development'. The just-created branch can be renamed via this command:
Frontend build	UNKNOWN STEP	2026-01-08T23:14:28.2137058Z hint:
Frontend build	UNKNOWN STEP	2026-01-08T23:14:28.2137735Z hint: 	git branch -m <name>
Frontend build	UNKNOWN STEP	2026-01-08T23:14:28.2138778Z hint:
Frontend build	UNKNOWN STEP	2026-01-08T23:14:28.2139804Z hint: Disable this message with "git config set advice.defaultBranchName false"
Frontend build	UNKNOWN STEP	2026-01-08T23:14:28.2141608Z Initialized empty Git repository in /home/runner/work/MinersWar/MinersWar/.git/
Frontend build	UNKNOWN STEP	2026-01-08T23:14:28.2149438Z [command]/usr/bin/git remote add origin https://github.com/jrdbacosta/MinersWar
Frontend build	UNKNOWN STEP	2026-01-08T23:14:28.2187221Z ##[endgroup]
Frontend build	UNKNOWN STEP	2026-01-08T23:14:28.2188700Z ##[group]Disabling automatic garbage collection
Frontend build	UNKNOWN STEP	2026-01-08T23:14:28.2192496Z [command]/usr/bin/git config --local gc.auto 0
Frontend build	UNKNOWN STEP	2026-01-08T23:14:28.2222702Z ##[endgroup]
Frontend build	UNKNOWN STEP	2026-01-08T23:14:28.2223887Z ##[group]Setting up auth
Frontend build	UNKNOWN STEP	2026-01-08T23:14:28.2230558Z [command]/usr/bin/git config --local --name-only --get-regexp core\.sshCommand
Frontend build	UNKNOWN STEP	2026-01-08T23:14:28.2261641Z [command]/usr/bin/git submodule foreach --recursive sh -c "git config --local --name-only --get-regexp 'core\.sshCommand' && git config --local --unset-all 'core.sshCommand' || :"
Frontend build	UNKNOWN STEP	2026-01-08T23:14:28.2732185Z [command]/usr/bin/git config --local --name-only --get-regexp http\.https\:\/\/github\.com\/\.extraheader
Frontend build	UNKNOWN STEP	2026-01-08T23:14:28.2772535Z [command]/usr/bin/git submodule foreach --recursive sh -c "git config --local --name-only --get-regexp 'http\.https\:\/\/github\.com\/\.extraheader' && git config --local --unset-all 'http.https://github.com/.extraheader' || :"
Frontend build	UNKNOWN STEP	2026-01-08T23:14:28.2993191Z [command]/usr/bin/git config --local --name-only --get-regexp ^includeIf\.gitdir:
Frontend build	UNKNOWN STEP	2026-01-08T23:14:28.3023986Z [command]/usr/bin/git submodule foreach --recursive git config --local --show-origin --name-only --get-regexp remote.origin.url
Frontend build	UNKNOWN STEP	2026-01-08T23:14:28.3327826Z [command]/usr/bin/git config --local http.https://github.com/.extraheader AUTHORIZATION: basic ***
Frontend build	UNKNOWN STEP	2026-01-08T23:14:28.3343792Z ##[endgroup]
Frontend build	UNKNOWN STEP	2026-01-08T23:14:28.3345189Z ##[group]Fetching the repository
Frontend build	UNKNOWN STEP	2026-01-08T23:14:28.3348651Z [command]/usr/bin/git -c protocol.version=2 fetch --no-tags --prune --no-recurse-submodules --depth=1 origin +c01810d0b87d748f9263d9227f09de2a7a327af9:refs/remotes/pull/22/merge
Frontend build	UNKNOWN STEP	2026-01-08T23:14:28.5566699Z From https://github.com/jrdbacosta/MinersWar
Frontend build	UNKNOWN STEP	2026-01-08T23:14:28.5568617Z  * [new ref]         c01810d0b87d748f9263d9227f09de2a7a327af9 -> pull/22/merge
Frontend build	UNKNOWN STEP	2026-01-08T23:14:28.5600015Z ##[endgroup]
Frontend build	UNKNOWN STEP	2026-01-08T23:14:28.5601484Z ##[group]Determining the checkout info
Frontend build	UNKNOWN STEP	2026-01-08T23:14:28.5603149Z ##[endgroup]
Frontend build	UNKNOWN STEP	2026-01-08T23:14:28.5608311Z [command]/usr/bin/git sparse-checkout disable
Frontend build	UNKNOWN STEP	2026-01-08T23:14:28.5648417Z [command]/usr/bin/git config --local --unset-all extensions.worktreeConfig
Frontend build	UNKNOWN STEP	2026-01-08T23:14:28.5674156Z ##[group]Checking out the ref
Frontend build	UNKNOWN STEP	2026-01-08T23:14:28.5678806Z [command]/usr/bin/git checkout --progress --force refs/remotes/pull/22/merge
Frontend build	UNKNOWN STEP	2026-01-08T23:14:28.5802994Z Note: switching to 'refs/remotes/pull/22/merge'.
Frontend build	UNKNOWN STEP	2026-01-08T23:14:28.5803939Z 
Frontend build	UNKNOWN STEP	2026-01-08T23:14:28.5804633Z You are in 'detached HEAD' state. You can look around, make experimental
Frontend build	UNKNOWN STEP	2026-01-08T23:14:28.5806235Z changes and commit them, and you can discard any commits you make in this
Frontend build	UNKNOWN STEP	2026-01-08T23:14:28.5807852Z state without impacting any branches by switching back to a branch.
Frontend build	UNKNOWN STEP	2026-01-08T23:14:28.5808877Z 
Frontend build	UNKNOWN STEP	2026-01-08T23:14:28.5809277Z If you want to create a new branch to retain commits you create, you may
Frontend build	UNKNOWN STEP	2026-01-08T23:14:28.5810170Z do so (now or later) by using -c with the switch command. Example:
Frontend build	UNKNOWN STEP	2026-01-08T23:14:28.5810692Z 
Frontend build	UNKNOWN STEP	2026-01-08T23:14:28.5810928Z   git switch -c <new-branch-name>
Frontend build	UNKNOWN STEP	2026-01-08T23:14:28.5811307Z 
Frontend build	UNKNOWN STEP	2026-01-08T23:14:28.5811530Z Or undo this operation with:
Frontend build	UNKNOWN STEP	2026-01-08T23:14:28.5811971Z 
Frontend build	UNKNOWN STEP	2026-01-08T23:14:28.5812293Z   git switch -
Frontend build	UNKNOWN STEP	2026-01-08T23:14:28.5813030Z 
Frontend build	UNKNOWN STEP	2026-01-08T23:14:28.5813579Z Turn off this advice by setting config variable advice.detachedHead to false
Frontend build	UNKNOWN STEP	2026-01-08T23:14:28.5814195Z 
Frontend build	UNKNOWN STEP	2026-01-08T23:14:28.5814886Z HEAD is now at c01810d Merge 67f7b038591170ef45e06e755a364cbe33c1e6af into 90cb368a2c3cc35d9ad6340291a136c6fc0222ba
Frontend build	UNKNOWN STEP	2026-01-08T23:14:28.5817124Z ##[endgroup]
Frontend build	UNKNOWN STEP	2026-01-08T23:14:28.5849728Z [command]/usr/bin/git log -1 --format=%H
Frontend build	UNKNOWN STEP	2026-01-08T23:14:28.5871311Z c01810d0b87d748f9263d9227f09de2a7a327af9
Frontend build	UNKNOWN STEP	2026-01-08T23:14:28.6135906Z ##[group]Run actions/setup-node@v4
Frontend build	UNKNOWN STEP	2026-01-08T23:14:28.6136536Z with:
Frontend build	UNKNOWN STEP	2026-01-08T23:14:28.6136930Z   node-version: 22
Frontend build	UNKNOWN STEP	2026-01-08T23:14:28.6137373Z   cache: npm
Frontend build	UNKNOWN STEP	2026-01-08T23:14:28.6137786Z   always-auth: false
Frontend build	UNKNOWN STEP	2026-01-08T23:14:28.6138482Z   check-latest: false
Frontend build	UNKNOWN STEP	2026-01-08T23:14:28.6139107Z   token: ***
Frontend build	UNKNOWN STEP	2026-01-08T23:14:28.6139514Z ##[endgroup]
Frontend build	UNKNOWN STEP	2026-01-08T23:14:28.8056791Z Found in cache @ /opt/hostedtoolcache/node/22.21.1/x64
Frontend build	UNKNOWN STEP	2026-01-08T23:14:28.8063372Z ##[group]Environment details
Frontend build	UNKNOWN STEP	2026-01-08T23:14:36.0613024Z node: v22.21.1
Frontend build	UNKNOWN STEP	2026-01-08T23:14:36.0613501Z npm: 10.9.4
Frontend build	UNKNOWN STEP	2026-01-08T23:14:36.0613853Z yarn: 1.22.22
Frontend build	UNKNOWN STEP	2026-01-08T23:14:36.0616827Z ##[endgroup]
Frontend build	UNKNOWN STEP	2026-01-08T23:14:36.0643520Z [command]/opt/hostedtoolcache/node/22.21.1/x64/bin/npm config get cache
Frontend build	UNKNOWN STEP	2026-01-08T23:14:36.4234674Z /home/runner/.npm
Frontend build	UNKNOWN STEP	2026-01-08T23:14:36.5213604Z Cache hit for: node-cache-Linux-x64-npm-2a9d54291aa36a4828d0aa92e4d585efce0330c7c3812b8c304c2e4bb6fcec28
Frontend build	UNKNOWN STEP	2026-01-08T23:14:37.1954179Z Received 132651187 of 132651187 (100.0%), 197.4 MBs/sec
Frontend build	UNKNOWN STEP	2026-01-08T23:14:37.1955064Z Cache Size: ~127 MB (132651187 B)
Frontend build	UNKNOWN STEP	2026-01-08T23:14:37.1994744Z [command]/usr/bin/tar -xf /home/runner/work/_temp/2b43e6e0-7ea2-479a-b19f-0cf6019d0d64/cache.tzst -P -C /home/runner/work/MinersWar/MinersWar --use-compress-program unzstd
Frontend build	UNKNOWN STEP	2026-01-08T23:14:37.4372453Z Cache restored successfully
Frontend build	UNKNOWN STEP	2026-01-08T23:14:37.4638907Z Cache restored from key: node-cache-Linux-x64-npm-2a9d54291aa36a4828d0aa92e4d585efce0330c7c3812b8c304c2e4bb6fcec28
Frontend build	UNKNOWN STEP	2026-01-08T23:14:37.4812745Z ##[group]Run npm ci
Frontend build	UNKNOWN STEP	2026-01-08T23:14:37.4813064Z [36;1mnpm ci[0m
Frontend build	UNKNOWN STEP	2026-01-08T23:14:37.4857721Z shell: /usr/bin/bash -e {0}
Frontend build	UNKNOWN STEP	2026-01-08T23:14:37.4858238Z ##[endgroup]
Frontend build	UNKNOWN STEP	2026-01-08T23:14:39.5342224Z npm error code EUSAGE
Frontend build	UNKNOWN STEP	2026-01-08T23:14:39.5342614Z npm error
Frontend build	UNKNOWN STEP	2026-01-08T23:14:39.5344258Z npm error `npm ci` can only install packages when your package.json and package-lock.json or npm-shrinkwrap.json are in sync. Please update your lock file with `npm install` before continuing.
Frontend build	UNKNOWN STEP	2026-01-08T23:14:39.5345090Z npm error
Frontend build	UNKNOWN STEP	2026-01-08T23:14:39.5345375Z npm error Missing: yaml@2.8.2 from lock file
Frontend build	UNKNOWN STEP	2026-01-08T23:14:39.5345654Z npm error
Frontend build	UNKNOWN STEP	2026-01-08T23:14:39.5345893Z npm error Clean install a project
Frontend build	UNKNOWN STEP	2026-01-08T23:14:39.5346141Z npm error
Frontend build	UNKNOWN STEP	2026-01-08T23:14:39.5346320Z npm error Usage:
Frontend build	UNKNOWN STEP	2026-01-08T23:14:39.5346520Z npm error npm ci
Frontend build	UNKNOWN STEP	2026-01-08T23:14:39.5346726Z npm error
Frontend build	UNKNOWN STEP	2026-01-08T23:14:39.5346916Z npm error Options:
Frontend build	UNKNOWN STEP	2026-01-08T23:14:39.5347444Z npm error [--install-strategy <hoisted|nested|shallow|linked>] [--legacy-bundling]
Frontend build	UNKNOWN STEP	2026-01-08T23:14:39.5348487Z npm error [--global-style] [--omit <dev|optional|peer> [--omit <dev|optional|peer> ...]]
Frontend build	UNKNOWN STEP	2026-01-08T23:14:39.5349239Z npm error [--include <prod|dev|optional|peer> [--include <prod|dev|optional|peer> ...]]
Frontend build	UNKNOWN STEP	2026-01-08T23:14:39.5349899Z npm error [--strict-peer-deps] [--foreground-scripts] [--ignore-scripts] [--no-audit]
Frontend build	UNKNOWN STEP	2026-01-08T23:14:39.5350405Z npm error [--no-bin-links] [--no-fund] [--dry-run]
Frontend build	UNKNOWN STEP	2026-01-08T23:14:39.5350939Z npm error [-w|--workspace <workspace-name> [-w|--workspace <workspace-name> ...]]
Frontend build	UNKNOWN STEP	2026-01-08T23:14:39.5351530Z npm error [-ws|--workspaces] [--include-workspace-root] [--install-links]
Frontend build	UNKNOWN STEP	2026-01-08T23:14:39.5351887Z npm error
Frontend build	UNKNOWN STEP	2026-01-08T23:14:39.5352254Z npm error aliases: clean-install, ic, install-clean, isntall-clean
Frontend build	UNKNOWN STEP	2026-01-08T23:14:39.5352590Z npm error
Frontend build	UNKNOWN STEP	2026-01-08T23:14:39.5352839Z npm error Run "npm help ci" for more info
Frontend build	UNKNOWN STEP	2026-01-08T23:14:39.5353467Z npm error A complete log of this run can be found in: /home/runner/.npm/_logs/2026-01-08T23_14_37_538Z-debug-0.log
Frontend build	UNKNOWN STEP	2026-01-08T23:14:39.5802971Z ##[error]Process completed with exit code 1.
Frontend build	UNKNOWN STEP	2026-01-08T23:14:39.5920875Z Post job cleanup.
Frontend build	UNKNOWN STEP	2026-01-08T23:14:39.6873399Z [command]/usr/bin/git version
Frontend build	UNKNOWN STEP	2026-01-08T23:14:39.6918635Z git version 2.52.0
Frontend build	UNKNOWN STEP	2026-01-08T23:14:39.6963916Z Temporarily overriding HOME='/home/runner/work/_temp/6b5635ac-050c-4f10-ae34-5227ac5477b9' before making global git config changes
Frontend build	UNKNOWN STEP	2026-01-08T23:14:39.6965548Z Adding repository directory to the temporary git global config as a safe directory
Frontend build	UNKNOWN STEP	2026-01-08T23:14:39.6970953Z [command]/usr/bin/git config --global --add safe.directory /home/runner/work/MinersWar/MinersWar
Frontend build	UNKNOWN STEP	2026-01-08T23:14:39.7007393Z [command]/usr/bin/git config --local --name-only --get-regexp core\.sshCommand
Frontend build	UNKNOWN STEP	2026-01-08T23:14:39.7041148Z [command]/usr/bin/git submodule foreach --recursive sh -c "git config --local --name-only --get-regexp 'core\.sshCommand' && git config --local --unset-all 'core.sshCommand' || :"
Frontend build	UNKNOWN STEP	2026-01-08T23:14:39.7280456Z [command]/usr/bin/git config --local --name-only --get-regexp http\.https\:\/\/github\.com\/\.extraheader
Frontend build	UNKNOWN STEP	2026-01-08T23:14:39.7303847Z http.https://github.com/.extraheader
Frontend build	UNKNOWN STEP	2026-01-08T23:14:39.7318425Z [command]/usr/bin/git config --local --unset-all http.https://github.com/.extraheader
Frontend build	UNKNOWN STEP	2026-01-08T23:14:39.7351834Z [command]/usr/bin/git submodule foreach --recursive sh -c "git config --local --name-only --get-regexp 'http\.https\:\/\/github\.com\/\.extraheader' && git config --local --unset-all 'http.https://github.com/.extraheader' || :"
Frontend build	UNKNOWN STEP	2026-01-08T23:14:39.7576473Z [command]/usr/bin/git config --local --name-only --get-regexp ^includeIf\.gitdir:
Frontend build	UNKNOWN STEP	2026-01-08T23:14:39.7608218Z [command]/usr/bin/git submodule foreach --recursive git config --local --show-origin --name-only --get-regexp remote.origin.url
Frontend build	UNKNOWN STEP	2026-01-08T23:14:39.7939175Z Cleaning up orphan processes
